Archive member included to satisfy reference by file (symbol)

C:/ST/STM32CubeIDE_1.16.0/STM32CubeIDE/plugins/com.st.stm32cube.ide.mcu.externaltools.gnu-tools-for-stm32.12.3.rel1.win32_1.0.200.202406191623/tools/bin/../lib/gcc/arm-none-eabi/12.3.1/../../../../arm-none-eabi/lib/thumb/v7e-m+fp/hard\libc_nano.a(libc_a-exit.o)
                              C:/ST/STM32CubeIDE_1.16.0/STM32CubeIDE/plugins/com.st.stm32cube.ide.mcu.externaltools.gnu-tools-for-stm32.12.3.rel1.win32_1.0.200.202406191623/tools/bin/../lib/gcc/arm-none-eabi/12.3.1/../../../../arm-none-eabi/lib/thumb/v7e-m+fp/hard/crt0.o (exit)
C:/ST/STM32CubeIDE_1.16.0/STM32CubeIDE/plugins/com.st.stm32cube.ide.mcu.externaltools.gnu-tools-for-stm32.12.3.rel1.win32_1.0.200.202406191623/tools/bin/../lib/gcc/arm-none-eabi/12.3.1/../../../../arm-none-eabi/lib/thumb/v7e-m+fp/hard\libc_nano.a(libc_a-findfp.o)
                              C:/ST/STM32CubeIDE_1.16.0/STM32CubeIDE/plugins/com.st.stm32cube.ide.mcu.externaltools.gnu-tools-for-stm32.12.3.rel1.win32_1.0.200.202406191623/tools/bin/../lib/gcc/arm-none-eabi/12.3.1/../../../../arm-none-eabi/lib/thumb/v7e-m+fp/hard\libc_nano.a(libc_a-exit.o) (__stdio_exit_handler)
C:/ST/STM32CubeIDE_1.16.0/STM32CubeIDE/plugins/com.st.stm32cube.ide.mcu.externaltools.gnu-tools-for-stm32.12.3.rel1.win32_1.0.200.202406191623/tools/bin/../lib/gcc/arm-none-eabi/12.3.1/../../../../arm-none-eabi/lib/thumb/v7e-m+fp/hard\libc_nano.a(libc_a-fwalk.o)
                              C:/ST/STM32CubeIDE_1.16.0/STM32CubeIDE/plugins/com.st.stm32cube.ide.mcu.externaltools.gnu-tools-for-stm32.12.3.rel1.win32_1.0.200.202406191623/tools/bin/../lib/gcc/arm-none-eabi/12.3.1/../../../../arm-none-eabi/lib/thumb/v7e-m+fp/hard\libc_nano.a(libc_a-findfp.o) (_fwalk_sglue)
C:/ST/STM32CubeIDE_1.16.0/STM32CubeIDE/plugins/com.st.stm32cube.ide.mcu.externaltools.gnu-tools-for-stm32.12.3.rel1.win32_1.0.200.202406191623/tools/bin/../lib/gcc/arm-none-eabi/12.3.1/../../../../arm-none-eabi/lib/thumb/v7e-m+fp/hard\libc_nano.a(libc_a-stdio.o)
                              C:/ST/STM32CubeIDE_1.16.0/STM32CubeIDE/plugins/com.st.stm32cube.ide.mcu.externaltools.gnu-tools-for-stm32.12.3.rel1.win32_1.0.200.202406191623/tools/bin/../lib/gcc/arm-none-eabi/12.3.1/../../../../arm-none-eabi/lib/thumb/v7e-m+fp/hard\libc_nano.a(libc_a-findfp.o) (__sread)
C:/ST/STM32CubeIDE_1.16.0/STM32CubeIDE/plugins/com.st.stm32cube.ide.mcu.externaltools.gnu-tools-for-stm32.12.3.rel1.win32_1.0.200.202406191623/tools/bin/../lib/gcc/arm-none-eabi/12.3.1/../../../../arm-none-eabi/lib/thumb/v7e-m+fp/hard\libc_nano.a(libc_a-vsnprintf.o)
                              ./lib/src/armfunction.o (vsnprintf)
C:/ST/STM32CubeIDE_1.16.0/STM32CubeIDE/plugins/com.st.stm32cube.ide.mcu.externaltools.gnu-tools-for-stm32.12.3.rel1.win32_1.0.200.202406191623/tools/bin/../lib/gcc/arm-none-eabi/12.3.1/../../../../arm-none-eabi/lib/thumb/v7e-m+fp/hard\libc_nano.a(libc_a-memset.o)
                              C:/ST/STM32CubeIDE_1.16.0/STM32CubeIDE/plugins/com.st.stm32cube.ide.mcu.externaltools.gnu-tools-for-stm32.12.3.rel1.win32_1.0.200.202406191623/tools/bin/../lib/gcc/arm-none-eabi/12.3.1/../../../../arm-none-eabi/lib/thumb/v7e-m+fp/hard/crt0.o (memset)
C:/ST/STM32CubeIDE_1.16.0/STM32CubeIDE/plugins/com.st.stm32cube.ide.mcu.externaltools.gnu-tools-for-stm32.12.3.rel1.win32_1.0.200.202406191623/tools/bin/../lib/gcc/arm-none-eabi/12.3.1/../../../../arm-none-eabi/lib/thumb/v7e-m+fp/hard\libc_nano.a(libc_a-closer.o)
                              C:/ST/STM32CubeIDE_1.16.0/STM32CubeIDE/plugins/com.st.stm32cube.ide.mcu.externaltools.gnu-tools-for-stm32.12.3.rel1.win32_1.0.200.202406191623/tools/bin/../lib/gcc/arm-none-eabi/12.3.1/../../../../arm-none-eabi/lib/thumb/v7e-m+fp/hard\libc_nano.a(libc_a-stdio.o) (_close_r)
C:/ST/STM32CubeIDE_1.16.0/STM32CubeIDE/plugins/com.st.stm32cube.ide.mcu.externaltools.gnu-tools-for-stm32.12.3.rel1.win32_1.0.200.202406191623/tools/bin/../lib/gcc/arm-none-eabi/12.3.1/../../../../arm-none-eabi/lib/thumb/v7e-m+fp/hard\libc_nano.a(libc_a-reent.o)
                              C:/ST/STM32CubeIDE_1.16.0/STM32CubeIDE/plugins/com.st.stm32cube.ide.mcu.externaltools.gnu-tools-for-stm32.12.3.rel1.win32_1.0.200.202406191623/tools/bin/../lib/gcc/arm-none-eabi/12.3.1/../../../../arm-none-eabi/lib/thumb/v7e-m+fp/hard\libc_nano.a(libc_a-closer.o) (errno)
C:/ST/STM32CubeIDE_1.16.0/STM32CubeIDE/plugins/com.st.stm32cube.ide.mcu.externaltools.gnu-tools-for-stm32.12.3.rel1.win32_1.0.200.202406191623/tools/bin/../lib/gcc/arm-none-eabi/12.3.1/../../../../arm-none-eabi/lib/thumb/v7e-m+fp/hard\libc_nano.a(libc_a-impure.o)
                              C:/ST/STM32CubeIDE_1.16.0/STM32CubeIDE/plugins/com.st.stm32cube.ide.mcu.externaltools.gnu-tools-for-stm32.12.3.rel1.win32_1.0.200.202406191623/tools/bin/../lib/gcc/arm-none-eabi/12.3.1/../../../../arm-none-eabi/lib/thumb/v7e-m+fp/hard\libc_nano.a(libc_a-vsnprintf.o) (_impure_ptr)
[...]
Memory Configuration

Name             Origin             Length             Attributes
RAM              0x20000000         0x00020000         xrw
FLASH            0x08000000         0x00080000         xr
*default*        0x00000000         0xffffffff

Linker script and memory map

LOAD C:/ST/STM32CubeIDE_1.16.0/STM32CubeIDE/plugins/com.st.stm32cube.ide.mcu.externaltools.gnu-tools-for-stm32.12.3.rel1.win32_1.0.200.202406191623/tools/bin/../lib/gcc/arm-none-eabi/12.3.1/thumb/v7e-m+fp/hard/crti.o
LOAD C:/ST/STM32CubeIDE_1.16.0/STM32CubeIDE/plugins/com.st.stm32cube.ide.mcu.externaltools.gnu-tools-for-stm32.12.3.rel1.win32_1.0.200.202406191623/tools/bin/../lib/gcc/arm-none-eabi/12.3.1/thumb/v7e-m+fp/hard/crtbegin.o
LOAD C:/ST/STM32CubeIDE_1.16.0/STM32CubeIDE/plugins/com.st.stm32cube.ide.mcu.externaltools.gnu-tools-for-stm32.12.3.rel1.win32_1.0.200.202406191623/tools/bin/../lib/gcc/arm-none-eabi/12.3.1/../../../../arm-none-eabi/lib/thumb/v7e-m+fp/hard/crt0.o
LOAD ./Core/Src/main.o
LOAD ./Core/Src/stm32f4xx_hal_msp.o
LOAD ./Core/Src/stm32f4xx_it.o
LOAD ./Core/Src/syscalls.o
LOAD ./Core/Src/sysmem.o
LOAD ./Core/Src/system_stm32f4xx.o
LOAD ./Core/Startup/startup_stm32f411ceux.o
LOAD ./Drivers/STM32F4xx_HAL_Driver/Src/stm32f4xx_hal.o
LOAD ./Drivers/STM32F4xx_HAL_Driver/Src/stm32f4xx_hal_cortex.o
LOAD ./Drivers/STM32F4xx_HAL_Driver/Src/stm32f4xx_hal_crc.o
LOAD ./Drivers/STM32F4xx_HAL_Driver/Src/stm32f4xx_hal_dma.o
LOAD ./Drivers/STM32F4xx_HAL_Driver/Src/stm32f4xx_hal_dma_ex.o
LOAD ./Drivers/STM32F4xx_HAL_Driver/Src/stm32f4xx_hal_exti.o
LOAD ./Drivers/STM32F4xx_HAL_Driver/Src/stm32f4xx_hal_flash.o
LOAD ./Drivers/STM32F4xx_HAL_Driver/Src/stm32f4xx_hal_flash_ex.o
LOAD ./Drivers/STM32F4xx_HAL_Driver/Src/stm32f4xx_hal_flash_ramfunc.o
LOAD ./Drivers/STM32F4xx_HAL_Driver/Src/stm32f4xx_hal_gpio.o
LOAD ./Drivers/STM32F4xx_HAL_Driver/Src/stm32f4xx_hal_i2c.o
LOAD ./Drivers/STM32F4xx_HAL_Driver/Src/stm32f4xx_hal_i2c_ex.o
LOAD ./Drivers/STM32F4xx_HAL_Driver/Src/stm32f4xx_hal_i2s.o
LOAD ./Drivers/STM32F4xx_HAL_Driver/Src/stm32f4xx_hal_i2s_ex.o
LOAD ./Drivers/STM32F4xx_HAL_Driver/Src/stm32f4xx_hal_iwdg.o
LOAD ./Drivers/STM32F4xx_HAL_Driver/Src/stm32f4xx_hal_pwr.o
LOAD ./Drivers/STM32F4xx_HAL_Driver/Src/stm32f4xx_hal_pwr_ex.o
LOAD ./Drivers/STM32F4xx_HAL_Driver/Src/stm32f4xx_hal_rcc.o
LOAD ./Drivers/STM32F4xx_HAL_Driver/Src/stm32f4xx_hal_rcc_ex.o
LOAD ./Drivers/STM32F4xx_HAL_Driver/Src/stm32f4xx_hal_rtc.o
LOAD ./Drivers/STM32F4xx_HAL_Driver/Src/stm32f4xx_hal_rtc_ex.o
LOAD ./Drivers/STM32F4xx_HAL_Driver/Src/stm32f4xx_hal_tim.o
LOAD ./Drivers/STM32F4xx_HAL_Driver/Src/stm32f4xx_hal_tim_ex.o
LOAD ./Drivers/STM32F4xx_HAL_Driver/Src/stm32f4xx_hal_uart.o
LOAD ./Drivers/STM32F4xx_HAL_Driver/Src/stm32f4xx_hal_wwdg.o
LOAD ./lib/src/74hc595.o
LOAD ./lib/src/armfunction.o
LOAD ./lib/src/armlcd.o
LOAD ./lib/src/armquery.o
LOAD ./lib/src/armsystick.o
LOAD ./lib/src/buffer.o
LOAD ./lib/src/circbuffer.o
LOAD ./lib/src/explode.o
LOAD ./lib/src/stm32fxxxadc1.o
LOAD ./lib/src/stm32fxxxadc2.o
LOAD ./lib/src/stm32fxxxadc3.o
LOAD ./lib/src/stm32fxxxcrc.o
LOAD ./lib/src/stm32fxxxdma.o
LOAD ./lib/src/stm32fxxxflash.o
LOAD ./lib/src/stm32fxxxgpio.o
LOAD ./lib/src/stm32fxxxinstance.o
LOAD ./lib/src/stm32fxxxmapping.o
LOAD ./lib/src/stm32fxxxnvic.o
LOAD ./lib/src/stm32fxxxpwr.o
LOAD ./lib/src/stm32fxxxrcc.o
LOAD ./lib/src/stm32fxxxrtc.o
LOAD ./lib/src/stm32fxxxsram.o
LOAD ./lib/src/stm32fxxxsyscfg.o
LOAD ./lib/src/stm32fxxxtim1and8.o
LOAD ./lib/src/stm32fxxxtim2to5.o
LOAD ./lib/src/stm32fxxxtim6and7.o
LOAD ./lib/src/stm32fxxxtim9to14.o
LOAD ./lib/src/stm32fxxxusart.o
LOAD ./lib/src/znpid.o
START GROUP
LOAD C:/ST/STM32CubeIDE_1.16.0/STM32CubeIDE/plugins/com.st.stm32cube.ide.mcu.externaltools.gnu-tools-for-stm32.12.3.rel1.win32_1.0.200.202406191623/tools/bin/../lib/gcc/arm-none-eabi/12.3.1/../../../../arm-none-eabi/lib/thumb/v7e-m+fp/hard\libc_nano.a
LOAD C:/ST/STM32CubeIDE_1.16.0/STM32CubeIDE/plugins/com.st.stm32cube.ide.mcu.externaltools.gnu-tools-for-stm32.12.3.rel1.win32_1.0.200.202406191623/tools/bin/../lib/gcc/arm-none-eabi/12.3.1/../../../../arm-none-eabi/lib/thumb/v7e-m+fp/hard\libm.a
END GROUP
START GROUP
LOAD C:/ST/STM32CubeIDE_1.16.0/STM32CubeIDE/plugins/com.st.stm32cube.ide.mcu.externaltools.gnu-tools-for-stm32.12.3.rel1.win32_1.0.200.202406191623/tools/bin/../lib/gcc/arm-none-eabi/12.3.1/thumb/v7e-m+fp/hard\libgcc.a
LOAD C:/ST/STM32CubeIDE_1.16.0/STM32CubeIDE/plugins/com.st.stm32cube.ide.mcu.externaltools.gnu-tools-for-stm32.12.3.rel1.win32_1.0.200.202406191623/tools/bin/../lib/gcc/arm-none-eabi/12.3.1/../../../../arm-none-eabi/lib/thumb/v7e-m+fp/hard\libc_nano.a
END GROUP
START GROUP
LOAD C:/ST/STM32CubeIDE_1.16.0/STM32CubeIDE/plugins/com.st.stm32cube.ide.mcu.externaltools.gnu-tools-for-stm32.12.3.rel1.win32_1.0.200.202406191623/tools/bin/../lib/gcc/arm-none-eabi/12.3.1/thumb/v7e-m+fp/hard\libgcc.a
LOAD C:/ST/STM32CubeIDE_1.16.0/STM32CubeIDE/plugins/com.st.stm32cube.ide.mcu.externaltools.gnu-tools-for-stm32.12.3.rel1.win32_1.0.200.202406191623/tools/bin/../lib/gcc/arm-none-eabi/12.3.1/../../../../arm-none-eabi/lib/thumb/v7e-m+fp/hard\libc_nano.a
LOAD C:/ST/STM32CubeIDE_1.16.0/STM32CubeIDE/plugins/com.st.stm32cube.ide.mcu.externaltools.gnu-tools-for-stm32.12.3.rel1.win32_1.0.200.202406191623/tools/bin/../lib/gcc/arm-none-eabi/12.3.1/../../../../arm-none-eabi/lib/thumb/v7e-m+fp/hard\libnosys.a
END GROUP
START GROUP
LOAD C:/ST/STM32CubeIDE_1.16.0/STM32CubeIDE/plugins/com.st.stm32cube.ide.mcu.externaltools.gnu-tools-for-stm32.12.3.rel1.win32_1.0.200.202406191623/tools/bin/../lib/gcc/arm-none-eabi/12.3.1/thumb/v7e-m+fp/hard\libgcc.a
LOAD C:/ST/STM32CubeIDE_1.16.0/STM32CubeIDE/plugins/com.st.stm32cube.ide.mcu.externaltools.gnu-tools-for-stm32.12.3.rel1.win32_1.0.200.202406191623/tools/bin/../lib/gcc/arm-none-eabi/12.3.1/../../../../arm-none-eabi/lib/thumb/v7e-m+fp/hard\libc_nano.a
LOAD C:/ST/STM32CubeIDE_1.16.0/STM32CubeIDE/plugins/com.st.stm32cube.ide.mcu.externaltools.gnu-tools-for-stm32.12.3.rel1.win32_1.0.200.202406191623/tools/bin/../lib/gcc/arm-none-eabi/12.3.1/../../../../arm-none-eabi/lib/thumb/v7e-m+fp/hard\libnosys.a
END GROUP
LOAD C:/ST/STM32CubeIDE_1.16.0/STM32CubeIDE/plugins/com.st.stm32cube.ide.mcu.externaltools.gnu-tools-for-stm32.12.3.rel1.win32_1.0.200.202406191623/tools/bin/../lib/gcc/arm-none-eabi/12.3.1/thumb/v7e-m+fp/hard/crtend.o
LOAD C:/ST/STM32CubeIDE_1.16.0/STM32CubeIDE/plugins/com.st.stm32cube.ide.mcu.externaltools.gnu-tools-for-stm32.12.3.rel1.win32_1.0.200.202406191623/tools/bin/../lib/gcc/arm-none-eabi/12.3.1/thumb/v7e-m+fp/hard/crtn.o
                0x20020000                        _estack = (ORIGIN (RAM) + LENGTH (RAM))
                0x00000200                        _Min_Heap_Size = 0x200
                0x00000400                        _Min_Stack_Size = 0x400

.isr_vector     0x08000000      0x198
                0x08000000                        . = ALIGN (0x4)
 *(.isr_vector)
 .isr_vector    0x08000000      0x198 ./Core/Startup/startup_stm32f411ceux.o
                0x08000000                g_pfnVectors
                0x08000198                        . = ALIGN (0x4)

.text           0x080001a0     0xef98
                0x080001a0                        . = ALIGN (0x4)
 *(.text)
 .text          0x080001a0       0x40 C:/ST/STM32CubeIDE_1.16.0/STM32CubeIDE/plugins/com.st.stm32cube.ide.mcu.externaltools.gnu-tools-for-stm32.12.3.rel1.win32_1.0.200.202406191623/tools/bin/../lib/gcc/arm-none-eabi/12.3.1/thumb/v7e-m+fp/hard/crtbegin.o
 .text          0x080001e0       0xa0 C:/ST/STM32CubeIDE_1.16.0/STM32CubeIDE/plugins/com.st.stm32cube.ide.mcu.externaltools.gnu-tools-for-stm32.12.3.rel1.win32_1.0.200.202406191623/tools/bin/../lib/gcc/arm-none-eabi/12.3.1/../../../../arm-none-eabi/lib/thumb/v7e-m+fp/hard\libc_nano.a(libc_a-memchr.o)
                0x080001e0                memchr
 .text          0x08000280      0x378 C:/ST/STM32CubeIDE_1.16.0/STM32CubeIDE/plugins/com.st.stm32cube.ide.mcu.externaltools.gnu-tools-for-stm32.12.3.rel1.win32_1.0.200.202406191623/tools/bin/../lib/gcc/arm-none-eabi/12.3.1/thumb/v7e-m+fp/hard\libgcc.a(_arm_addsubdf3.o)
                0x08000280                __aeabi_drsub
                0x08000288                __aeabi_dsub
                0x08000288                __subdf3
                0x0800028c                __aeabi_dadd
                0x0800028c                __adddf3
                0x08000504                __floatunsidf
                0x08000504                __aeabi_ui2d
                0x08000524                __floatsidf
                0x08000524                __aeabi_i2d
                0x08000548                __aeabi_f2d
                0x08000548                __extendsfdf2
                0x0800058c                __floatundidf
                0x0800058c                __aeabi_ul2d
                0x0800059c                __floatdidf
                0x0800059c                __aeabi_l2d
 .text          0x080005f8      0x424 C:/ST/STM32CubeIDE_1.16.0/STM32CubeIDE/plugins/com.st.stm32cube.ide.mcu.externaltools.gnu-tools-for-stm32.12.3.rel1.win32_1.0.200.202406191623/tools/bin/../lib/gcc/arm-none-eabi/12.3.1/thumb/v7e-m+fp/hard\libgcc.a(_arm_muldivdf3.o)
                0x080005f8                __aeabi_dmul
                0x080005f8                __muldf3
                0x0800084c                __divdf3
                0x0800084c                __aeabi_ddiv
 .text          0x08000a1c      0x110 C:/ST/STM32CubeIDE_1.16.0/STM32CubeIDE/plugins/com.st.stm32cube.ide.mcu.externaltools.gnu-tools-for-stm32.12.3.rel1.win32_1.0.200.202406191623/tools/bin/../lib/gcc/arm-none-eabi/12.3.1/thumb/v7e-m+fp/hard\libgcc.a(_arm_cmpdf2.o)
                0x08000a1c                __gtdf2
                0x08000a1c                __gedf2
                0x08000a24                __ltdf2
                0x08000a24                __ledf2
                0x08000a2c                __nedf2
                0x08000a2c                __eqdf2
                0x08000a2c                __cmpdf2
                0x08000aa8                __aeabi_cdrcmple
                0x08000ab8                __aeabi_cdcmpeq
                0x08000ab8                __aeabi_cdcmple
                0x08000ac8                __aeabi_dcmpeq
                0x08000adc                __aeabi_dcmplt
                0x08000af0                __aeabi_dcmple
                0x08000b04                __aeabi_dcmpge
                0x08000b18                __aeabi_dcmpgt
 .text          0x08000b2c       0x40 C:/ST/STM32CubeIDE_1.16.0/STM32CubeIDE/plugins/com.st.stm32cube.ide.mcu.externaltools.gnu-tools-for-stm32.12.3.rel1.win32_1.0.200.202406191623/tools/bin/../lib/gcc/arm-none-eabi/12.3.1/thumb/v7e-m+fp/hard\libgcc.a(_arm_fixunsdfsi.o)
                0x08000b2c                __aeabi_d2uiz
                0x08000b2c                __fixunsdfsi
 *(.text*)
 .text.tim1_cc1_callback
                0x08000b6c       0x18 ./Core/Src/main.o
                0x08000b6c                tim1_cc1_callback
 .text.tim1_cc2_callback
                0x08000b84       0x8c ./Core/Src/main.o
                0x08000b84                tim1_cc2_callback
 .text.main     0x08000c10      0x308 ./Core/Src/main.o
                0x08000c10                main
 .text.Error_Handler
                0x08000f18        0xc ./Core/Src/main.o
                0x08000f18                Error_Handler
 .text.HAL_I2C_MspInit
                0x08000f24       0x90 ./Core/Src/stm32f4xx_hal_msp.o
                0x08000f24                HAL_I2C_MspInit
 .text.NMI_Handler
                0x08000fb4        0x8 ./Core/Src/stm32f4xx_it.o
                0x08000fb4                NMI_Handler
 .text.HardFault_Handler
                0x08000fbc        0x8 ./Core/Src/stm32f4xx_it.o
                0x08000fbc                HardFault_Handler
 .text.MemManage_Handler
                0x08000fc4        0x8 ./Core/Src/stm32f4xx_it.o
                0x08000fc4                MemManage_Handler
 .text.BusFault_Handler
                0x08000fcc        0x8 ./Core/Src/stm32f4xx_it.o
                0x08000fcc                BusFault_Handler
 .text.UsageFault_Handler
                0x08000fd4        0x8 ./Core/Src/stm32f4xx_it.o
                0x08000fd4                UsageFault_Handler
 .text.SVC_Handler
                0x08000fdc        0xe ./Core/Src/stm32f4xx_it.o
                0x08000fdc                SVC_Handler
 .text.DebugMon_Handler
                0x08000fea        0xe ./Core/Src/stm32f4xx_it.o
                0x08000fea                DebugMon_Handler
 .text.PendSV_Handler
                0x08000ff8        0xe ./Core/Src/stm32f4xx_it.o
                0x08000ff8                PendSV_Handler
 *fill*         0x08001006        0x2 
 .text._sbrk    0x08001008       0x6c ./Core/Src/sysmem.o
                0x08001008                _sbrk
 .text.SystemInit
                0x08001074       0x24 ./Core/Src/system_stm32f4xx.o
                0x08001074                SystemInit
 .text.Reset_Handler
                0x08001098       0x50 ./Core/Startup/startup_stm32f411ceux.o
                0x08001098                Reset_Handler
 .text.Default_Handler
                0x080010e8        0x2 ./Core/Startup/startup_stm32f411ceux.o
                0x080010e8                RTC_Alarm_IRQHandler
                0x080010e8                EXTI2_IRQHandler
                0x080010e8                SPI4_IRQHandler
                0x080010e8                DMA2_Stream5_IRQHandler
                0x080010e8                DMA1_Stream5_IRQHandler
                0x080010e8                PVD_IRQHandler
                0x080010e8                SDIO_IRQHandler
                0x080010e8                TAMP_STAMP_IRQHandler
                0x080010e8                EXTI3_IRQHandler
                0x080010e8                TIM1_UP_TIM10_IRQHandler
                0x080010e8                I2C3_ER_IRQHandler
                0x080010e8                EXTI0_IRQHandler
                0x080010e8                I2C2_EV_IRQHandler
                0x080010e8                DMA1_Stream2_IRQHandler
                0x080010e8                FPU_IRQHandler
                0x080010e8                DMA2_Stream2_IRQHandler
                0x080010e8                SPI1_IRQHandler
                0x080010e8                TIM1_BRK_TIM9_IRQHandler
                0x080010e8                DMA2_Stream3_IRQHandler
                0x080010e8                USART6_IRQHandler
                0x080010e8                DMA2_Stream0_IRQHandler
                0x080010e8                TIM4_IRQHandler
                0x080010e8                I2C1_EV_IRQHandler
                0x080010e8                DMA1_Stream6_IRQHandler
                0x080010e8                DMA1_Stream1_IRQHandler
                0x080010e8                TIM3_IRQHandler
                0x080010e8                RCC_IRQHandler
                0x080010e8                Default_Handler
                0x080010e8                EXTI15_10_IRQHandler
                0x080010e8                ADC_IRQHandler
                0x080010e8                DMA1_Stream7_IRQHandler
                0x080010e8                SPI5_IRQHandler
                0x080010e8                TIM5_IRQHandler
                0x080010e8                DMA2_Stream7_IRQHandler
                0x080010e8                I2C3_EV_IRQHandler
                0x080010e8                EXTI9_5_IRQHandler
                0x080010e8                RTC_WKUP_IRQHandler
                0x080010e8                SPI2_IRQHandler
                0x080010e8                DMA1_Stream0_IRQHandler
                0x080010e8                EXTI4_IRQHandler
                0x080010e8                WWDG_IRQHandler
                0x080010e8                TIM2_IRQHandler
                0x080010e8                OTG_FS_WKUP_IRQHandler
                0x080010e8                TIM1_TRG_COM_TIM11_IRQHandler
                0x080010e8                EXTI1_IRQHandler
                0x080010e8                USART2_IRQHandler
                0x080010e8                I2C2_ER_IRQHandler
                0x080010e8                DMA2_Stream1_IRQHandler
                0x080010e8                FLASH_IRQHandler
                0x080010e8                DMA2_Stream4_IRQHandler
                0x080010e8                USART1_IRQHandler
                0x080010e8                OTG_FS_IRQHandler
                0x080010e8                SPI3_IRQHandler
                0x080010e8                DMA1_Stream4_IRQHandler
                0x080010e8                I2C1_ER_IRQHandler
                0x080010e8                DMA2_Stream6_IRQHandler
                0x080010e8                DMA1_Stream3_IRQHandler
 *fill*         0x080010ea        0x2 
 .text.HAL_GPIO_Init
                0x080010ec      0x308 ./Drivers/STM32F4xx_HAL_Driver/Src/stm32f4xx_hal_gpio.o
                0x080010ec                HAL_GPIO_Init
 .text.HAL_I2C_Init
                0x080013f4      0x288 ./Drivers/STM32F4xx_HAL_Driver/Src/stm32f4xx_hal_i2c.o
                0x080013f4                HAL_I2C_Init
 .text.HAL_RCC_GetHCLKFreq
                0x0800167c       0x18 ./Drivers/STM32F4xx_HAL_Driver/Src/stm32f4xx_hal_rcc.o
                0x0800167c                HAL_RCC_GetHCLKFreq
 .text.HAL_RCC_GetPCLK1Freq
                0x08001694       0x28 ./Drivers/STM32F4xx_HAL_Driver/Src/stm32f4xx_hal_rcc.o
                0x08001694                HAL_RCC_GetPCLK1Freq
 .text.FUNC_enable
                0x080016bc      0x178 ./lib/src/armfunction.o
                0x080016bc                FUNC_enable
 .text.func     0x08001834       0x14 ./lib/src/armfunction.o
                0x08001834                func
 .text.FUNC_var
                0x08001848       0x2c ./lib/src/armfunction.o
                0x08001848                FUNC_var
 .text.arm_func_inic
                0x08001874       0x20 ./lib/src/armfunction.o
                0x08001874                arm_func_inic
 .text.ARMFUNC_ArmParDisplay4x20
                0x08001894      0x210 ./lib/src/armfunction.o
                0x08001894                ARMFUNC_ArmParDisplay4x20
 .text.function_StringLength
                0x08001aa4       0x2e ./lib/src/armfunction.o
                0x08001aa4                function_StringLength
 .text.function_Reverse
                0x08001ad2       0x5c ./lib/src/armfunction.o
                0x08001ad2                function_Reverse
 *fill*         0x08001b2e        0x2 
 .text.function_UintInvStr
                0x08001b30       0x90 ./lib/src/armfunction.o
                0x08001b30                function_UintInvStr
 .text.function_fPartStr
                0x08001bc0       0xbc ./lib/src/armfunction.o
                0x08001bc0                function_fPartStr
 .text.function_swap
                0x08001c7c       0x2a ./lib/src/armfunction.o
                0x08001c7c                function_swap
 .text.function_SwapByte
                0x08001ca6       0x28 ./lib/src/armfunction.o
                0x08001ca6                function_SwapByte
 .text.function_copy
                0x08001cce       0x3a ./lib/src/armfunction.o
                0x08001cce                function_copy
 .text.function_squeeze
                0x08001d08       0x62 ./lib/src/armfunction.o
                0x08001d08                function_squeeze
 .text.function_shellsort
                0x08001d6a       0xb0 ./lib/src/armfunction.o
                0x08001d6a                function_shellsort
 *fill*         0x08001e1a        0x2 
 .text.function_resizestr
                0x08001e1c       0x74 ./lib/src/armfunction.o
                0x08001e1c                function_resizestr
 .text.function_trim
                0x08001e90       0x60 ./lib/src/armfunction.o
                0x08001e90                function_trim
 .text.function_bcd2dec
                0x08001ef0       0x32 ./lib/src/armfunction.o
                0x08001ef0                function_bcd2dec
 *fill*         0x08001f22        0x2 
 .text.function_dec2bcd
                0x08001f24       0x44 ./lib/src/armfunction.o
                0x08001f24                function_dec2bcd
 .text.function_bcd2bin
                0x08001f68       0x32 ./lib/src/armfunction.o
                0x08001f68                function_bcd2bin
 *fill*         0x08001f9a        0x2 
 .text.function_dectohex
                0x08001f9c       0x8c ./lib/src/armfunction.o
                0x08001f9c                function_dectohex
 .text.function_twocomptoint8bit
                0x08002028       0x42 ./lib/src/armfunction.o
                0x08002028                function_twocomptoint8bit
 .text.function_twocomptoint10bit
                0x0800206a       0x44 ./lib/src/armfunction.o
                0x0800206a                function_twocomptoint10bit
 .text.function_twocomptointnbit
                0x080020ae       0x50 ./lib/src/armfunction.o
                0x080020ae                function_twocomptointnbit
 .text.function_print_v1
                0x080020fe       0x3c ./lib/src/armfunction.o
                0x080020fe                function_print_v1
 *fill*         0x0800213a        0x2 
 .text.function_print_v2
                0x0800213c       0x3c ./lib/src/armfunction.o
                0x0800213c                function_print_v2
 .text.function_i16toa
                0x08002178       0xa4 ./lib/src/armfunction.o
                0x08002178                function_i16toa
 .text.function_ui16toa
                0x0800221c       0x98 ./lib/src/armfunction.o
                0x0800221c                function_ui16toa
 .text.function_i32toa
                0x080022b4       0x94 ./lib/src/armfunction.o
                0x080022b4                function_i32toa
 .text.FUNCui32toa
                0x08002348       0x90 ./lib/src/armfunction.o
                0x08002348                FUNCui32toa
 .text.function_print_binary
                0x080023d8       0x6c ./lib/src/armfunction.o
                0x080023d8                function_print_binary
 .text.function_ftoa
                0x08002444       0xec ./lib/src/armfunction.o
                0x08002444                function_ftoa
 .text.function_trimmer
                0x08002530       0x38 ./lib/src/armfunction.o
                0x08002530                function_trimmer
 .text.function_pmax
                0x08002568       0x2a ./lib/src/armfunction.o
                0x08002568                function_pmax
 .text.function_gcd_v1
                0x08002592       0x3a ./lib/src/armfunction.o
                0x08002592                function_gcd_v1
 .text.function_gcd_v2
                0x080025cc       0x4e ./lib/src/armfunction.o
                0x080025cc                function_gcd_v2
 .text.function_StrToInt
                0x0800261a       0x5c ./lib/src/armfunction.o
                0x0800261a                function_StrToInt
 *fill*         0x08002676        0x2 
 .text.function_triggerA
                0x08002678       0x98 ./lib/src/armfunction.o
                0x08002678                function_triggerA
 .text.function_triggerB
                0x08002710       0xa0 ./lib/src/armfunction.o
                0x08002710                function_triggerB
 .text.read_value
                0x080027b0       0x18 ./lib/src/armfunction.o
                0x080027b0                read_value
 .text.ARMLCD0_enable
                0x080027c8       0xac ./lib/src/armlcd.o
                0x080027c8                ARMLCD0_enable
 .text.lcd0     0x08002874       0x14 ./lib/src/armlcd.o
                0x08002874                lcd0
 .text.ARMLCD0_inic
                0x08002888      0x150 ./lib/src/armlcd.o
                0x08002888                ARMLCD0_inic
 .text.ARMLCD0_write
                0x080029d8      0x1e4 ./lib/src/armlcd.o
                0x080029d8                ARMLCD0_write
 .text.ARMLCD0_read
                0x08002bbc      0x19c ./lib/src/armlcd.o
                0x08002bbc                ARMLCD0_read
 .text.ARMLCD0_BF
                0x08002d58       0x3a ./lib/src/armlcd.o
                0x08002d58                ARMLCD0_BF
 .text.ARMLCD0_getch
                0x08002d92       0x1e ./lib/src/armlcd.o
                0x08002d92                ARMLCD0_getch
 .text.ARMLCD0_putch
                0x08002db0       0x20 ./lib/src/armlcd.o
                0x08002db0                ARMLCD0_putch
 .text.ARMLCD0_string
                0x08002dd0       0x2e ./lib/src/armlcd.o
                0x08002dd0                ARMLCD0_string
 .text.ARMLCD0_string_size
                0x08002dfe       0x5c ./lib/src/armlcd.o
                0x08002dfe                ARMLCD0_string_size
 .text.ARMLCD0_hspace
                0x08002e5a       0x26 ./lib/src/armlcd.o
                0x08002e5a                ARMLCD0_hspace
 .text.ARMLCD0_clear
                0x08002e80       0x16 ./lib/src/armlcd.o
                0x08002e80                ARMLCD0_clear
 *fill*         0x08002e96        0x2 
 .text.ARMLCD0_gotoxy
                0x08002e98       0x8c ./lib/src/armlcd.o
                0x08002e98                ARMLCD0_gotoxy
 .text.ARMLCD0_reboot
                0x08002f24       0x44 ./lib/src/armlcd.o
                0x08002f24                ARMLCD0_reboot
 .text.gethpre  0x08002f68       0x90 ./lib/src/armquery.o
                0x08002f68                gethpre
 .text.gethppre1
                0x08002ff8       0x64 ./lib/src/armquery.o
                0x08002ff8                gethppre1
 .text.gethppre2
                0x0800305c       0x64 ./lib/src/armquery.o
                0x0800305c                gethppre2
 .text.getrtcpre
                0x080030c0       0x20 ./lib/src/armquery.o
                0x080030c0                getrtcpre
 .text.gethmco1pre
                0x080030e0       0x64 ./lib/src/armquery.o
                0x080030e0                gethmco1pre
 .text.gethmco2pre
                0x08003144       0x64 ./lib/src/armquery.o
                0x08003144                gethmco2pre
 .text.getpllm  0x080031a8       0x20 ./lib/src/armquery.o
                0x080031a8                getpllm
 .text.getplln  0x080031c8       0x20 ./lib/src/armquery.o
                0x080031c8                getplln
 .text.getpllp  0x080031e8       0x60 ./lib/src/armquery.o
                0x080031e8                getpllp
 .text.getpllq  0x08003248       0x20 ./lib/src/armquery.o
                0x08003248                getpllq
 .text.getpllr  0x08003268       0x20 ./lib/src/armquery.o
                0x08003268                getpllr
 .text.getpllclk
                0x08003288       0x3c ./lib/src/armquery.o
                0x08003288                getpllclk
 .text.getsysclk
                0x080032c4       0x8c ./lib/src/armquery.o
                0x080032c4                getsysclk
 .text.gethclk  0x08003350       0x18 ./lib/src/armquery.o
                0x08003350                gethclk
 .text.getpclk1
                0x08003368       0x2e ./lib/src/armquery.o
                0x08003368                getpclk1
 .text.getpclk2
                0x08003396       0x2e ./lib/src/armquery.o
                0x08003396                getpclk2
 .text.System_prescaler_inic
                0x080033c4       0x50 ./lib/src/armquery.o
                0x080033c4                System_prescaler_inic
 .text.Pll_prescaler_inic
                0x08003414       0x48 ./lib/src/armquery.o
                0x08003414                Pll_prescaler_inic
 .text.query_enable
                0x0800345c       0x70 ./lib/src/armquery.o
                0x0800345c                query_enable
 .text.set_reg  0x080034cc       0x22 ./lib/src/armquery.o
                0x080034cc                set_reg
 .text.clear_reg
                0x080034ee       0x24 ./lib/src/armquery.o
                0x080034ee                clear_reg
 .text.get_reg_block
                0x08003512       0x56 ./lib/src/armquery.o
                0x08003512                get_reg_block
 .text.write_reg_block
                0x08003568       0x74 ./lib/src/armquery.o
                0x08003568                write_reg_block
 .text.set_reg_block
                0x080035dc       0x6c ./lib/src/armquery.o
                0x080035dc                set_reg_block
 .text.get_bit_block
                0x08003648       0x78 ./lib/src/armquery.o
                0x08003648                get_bit_block
 .text.set_bit_block
                0x080036c0       0x98 ./lib/src/armquery.o
                0x080036c0                set_bit_block
 .text.set_hpins
                0x08003758       0x1e ./lib/src/armquery.o
                0x08003758                set_hpins
 .text.reset_hpins
                0x08003776       0x20 ./lib/src/armquery.o
                0x08003776                reset_hpins
 *fill*         0x08003796        0x2 
 .text.systick_sysclk_10us
                0x08003798       0x34 ./lib/src/armsystick.o
                0x08003798                systick_sysclk_10us
 .text.systick_sysclk_ms
                0x080037cc       0x30 ./lib/src/armsystick.o
                0x080037cc                systick_sysclk_ms
 .text._delay_10us
                0x080037fc       0x58 ./lib/src/armsystick.o
                0x080037fc                _delay_10us
 .text._delay_ms
                0x08003854       0x58 ./lib/src/armsystick.o
                0x08003854                _delay_ms
 .text.systick_start
                0x080038ac       0x40 ./lib/src/armsystick.o
                0x080038ac                systick_start
 .text.SysTick_Handler
                0x080038ec       0x24 ./lib/src/armsystick.o
                0x080038ec                SysTick_Handler
 .text.STM32FXXXAdc1IClock
                0x08003910       0x3c ./lib/src/stm32fxxxadc1.o
                0x08003910                STM32FXXXAdc1IClock
 .text.STM32FXXXAdc1Clock
                0x0800394c       0x3c ./lib/src/stm32fxxxadc1.o
                0x0800394c                STM32FXXXAdc1Clock
 .text.STM32FXXXAdc1Nvic
                0x08003988       0x3c ./lib/src/stm32fxxxadc1.o
                0x08003988                STM32FXXXAdc1Nvic
 .text.STM32FXXXAdc1Inic
                0x080039c4       0x70 ./lib/src/stm32fxxxadc1.o
                0x080039c4                STM32FXXXAdc1Inic
 .text.STM32FXXXAdc1VBAT
                0x08003a34       0x1e ./lib/src/stm32fxxxadc1.o
                0x08003a34                STM32FXXXAdc1VBAT
 .text.STM32FXXXAdc1TEMP
                0x08003a52       0x1e ./lib/src/stm32fxxxadc1.o
                0x08003a52                STM32FXXXAdc1TEMP
 .text.STM32FXXXAdc1Start
                0x08003a70       0x48 ./lib/src/stm32fxxxadc1.o
                0x08003a70                STM32FXXXAdc1Start
 .text.stm32fxxx_adc1_single_inic
                0x08003ab8       0x3c ./lib/src/stm32fxxxadc1.o
                0x08003ab8                stm32fxxx_adc1_single_inic
 .text.adc1_enable
                0x08003af4       0x54 ./lib/src/stm32fxxxadc1.o
                0x08003af4                adc1_enable
 .text.STM32FXXXCRC_dr
                0x08003b48       0x20 ./lib/src/stm32fxxxcrc.o
                0x08003b48                STM32FXXXCRC_dr
 .text.STM32FXXXCRC_get_dr
                0x08003b68       0x18 ./lib/src/stm32fxxxcrc.o
                0x08003b68                STM32FXXXCRC_get_dr
 .text.STM32FXXXCRC_idr
                0x08003b80       0x20 ./lib/src/stm32fxxxcrc.o
                0x08003b80                STM32FXXXCRC_idr
 .text.STM32FXXXCRC_get_idr
                0x08003ba0       0x18 ./lib/src/stm32fxxxcrc.o
                0x08003ba0                STM32FXXXCRC_get_idr
 .text.STM32FXXXCRC_reset
                0x08003bb8       0x18 ./lib/src/stm32fxxxcrc.o
                0x08003bb8                STM32FXXXCRC_reset
 .text.crc_enable
                0x08003bd0       0x48 ./lib/src/stm32fxxxcrc.o
                0x08003bd0                crc_enable
 .text.STM32FXXXDma1Clock
                0x08003c18       0x3c ./lib/src/stm32fxxxdma.o
                0x08003c18                STM32FXXXDma1Clock
 .text.STM32FXXXDma2Clock
                0x08003c54       0x3c ./lib/src/stm32fxxxdma.o
                0x08003c54                STM32FXXXDma2Clock
 .text.STM32FXXXDMA1_sr_tcif
                0x08003c90       0xec ./lib/src/stm32fxxxdma.o
                0x08003c90                STM32FXXXDMA1_sr_tcif
 .text.STM32FXXXDMA1_sr_clear_tcif
                0x08003d7c       0xbc ./lib/src/stm32fxxxdma.o
                0x08003d7c                STM32FXXXDMA1_sr_clear_tcif
 .text.STM32FXXXDMA1_sr_htif
                0x08003e38       0xec ./lib/src/stm32fxxxdma.o
                0x08003e38                STM32FXXXDMA1_sr_htif
 .text.STM32FXXXDMA1_sr_clear_htif
                0x08003f24       0xbc ./lib/src/stm32fxxxdma.o
                0x08003f24                STM32FXXXDMA1_sr_clear_htif
 .text.STM32FXXXDMA1_sr_teif
                0x08003fe0       0xec ./lib/src/stm32fxxxdma.o
                0x08003fe0                STM32FXXXDMA1_sr_teif
 .text.STM32FXXXDMA1_sr_clear_teif
                0x080040cc       0xbc ./lib/src/stm32fxxxdma.o
                0x080040cc                STM32FXXXDMA1_sr_clear_teif
 .text.STM32FXXXDMA1_sr_dmeif
                0x08004188       0xec ./lib/src/stm32fxxxdma.o
                0x08004188                STM32FXXXDMA1_sr_dmeif
 .text.STM32FXXXDMA1_sr_clear_dmeif
                0x08004274       0xbc ./lib/src/stm32fxxxdma.o
                0x08004274                STM32FXXXDMA1_sr_clear_dmeif
 .text.STM32FXXXDMA1_sr_feif
                0x08004330       0xec ./lib/src/stm32fxxxdma.o
                0x08004330                STM32FXXXDMA1_sr_feif
 .text.STM32FXXXDMA1_sr_clear_feif
                0x0800441c       0xbc ./lib/src/stm32fxxxdma.o
                0x0800441c                STM32FXXXDMA1_sr_clear_feif
 .text.stm32fxxx_dma1_sr_inic
                0x080044d8       0x78 ./lib/src/stm32fxxxdma.o
                0x080044d8                stm32fxxx_dma1_sr_inic
 .text.STM32FXXXDMA1_stream0_cr_chsel
                0x08004550       0x24 ./lib/src/stm32fxxxdma.o
                0x08004550                STM32FXXXDMA1_stream0_cr_chsel
 .text.STM32FXXXDMA1_stream0_cr_mburst
                0x08004574       0x24 ./lib/src/stm32fxxxdma.o
                0x08004574                STM32FXXXDMA1_stream0_cr_mburst
 .text.STM32FXXXDMA1_stream0_cr_pburst
                0x08004598       0x24 ./lib/src/stm32fxxxdma.o
                0x08004598                STM32FXXXDMA1_stream0_cr_pburst
 .text.STM32FXXXDMA1_stream0_cr_ct
                0x080045bc       0x24 ./lib/src/stm32fxxxdma.o
                0x080045bc                STM32FXXXDMA1_stream0_cr_ct
 .text.STM32FXXXDMA1_stream0_cr_dbm
                0x080045e0       0x24 ./lib/src/stm32fxxxdma.o
                0x080045e0                STM32FXXXDMA1_stream0_cr_dbm
 .text.STM32FXXXDMA1_stream0_cr_pl
                0x08004604       0x24 ./lib/src/stm32fxxxdma.o
                0x08004604                STM32FXXXDMA1_stream0_cr_pl
 .text.STM32FXXXDMA1_stream0_cr_pincos
                0x08004628       0x24 ./lib/src/stm32fxxxdma.o
                0x08004628                STM32FXXXDMA1_stream0_cr_pincos
 .text.STM32FXXXDMA1_stream0_cr_msize
                0x0800464c       0x24 ./lib/src/stm32fxxxdma.o
                0x0800464c                STM32FXXXDMA1_stream0_cr_msize
 .text.STM32FXXXDMA1_stream0_cr_psize
                0x08004670       0x24 ./lib/src/stm32fxxxdma.o
                0x08004670                STM32FXXXDMA1_stream0_cr_psize
 .text.STM32FXXXDMA1_stream0_cr_minc
                0x08004694       0x24 ./lib/src/stm32fxxxdma.o
                0x08004694                STM32FXXXDMA1_stream0_cr_minc
 .text.STM32FXXXDMA1_stream0_cr_pinc
                0x080046b8       0x24 ./lib/src/stm32fxxxdma.o
                0x080046b8                STM32FXXXDMA1_stream0_cr_pinc
 .text.STM32FXXXDMA1_stream0_cr_circ
                0x080046dc       0x24 ./lib/src/stm32fxxxdma.o
                0x080046dc                STM32FXXXDMA1_stream0_cr_circ
 .text.STM32FXXXDMA1_stream0_cr_dir
                0x08004700       0x24 ./lib/src/stm32fxxxdma.o
                0x08004700                STM32FXXXDMA1_stream0_cr_dir
 .text.STM32FXXXDMA1_stream0_cr_pfctrl
                0x08004724       0x24 ./lib/src/stm32fxxxdma.o
                0x08004724                STM32FXXXDMA1_stream0_cr_pfctrl
 .text.STM32FXXXDMA1_stream0_cr_tcie
                0x08004748       0x24 ./lib/src/stm32fxxxdma.o
                0x08004748                STM32FXXXDMA1_stream0_cr_tcie
 .text.STM32FXXXDMA1_stream0_cr_htie
                0x0800476c       0x24 ./lib/src/stm32fxxxdma.o
                0x0800476c                STM32FXXXDMA1_stream0_cr_htie
 .text.STM32FXXXDMA1_stream0_cr_teie
                0x08004790       0x24 ./lib/src/stm32fxxxdma.o
                0x08004790                STM32FXXXDMA1_stream0_cr_teie
 .text.STM32FXXXDMA1_stream0_cr_dmeie
                0x080047b4       0x24 ./lib/src/stm32fxxxdma.o
                0x080047b4                STM32FXXXDMA1_stream0_cr_dmeie
 .text.STM32FXXXDMA1_stream0_cr_en
                0x080047d8       0x24 ./lib/src/stm32fxxxdma.o
                0x080047d8                STM32FXXXDMA1_stream0_cr_en
 .text.stm32fxxx_dma1_stream0_cr_inic
                0x080047fc       0xd4 ./lib/src/stm32fxxxdma.o
                0x080047fc                stm32fxxx_dma1_stream0_cr_inic
 .text.stm32fxxx_dma1_stream0_ndt
                0x080048d0       0x20 ./lib/src/stm32fxxxdma.o
                0x080048d0                stm32fxxx_dma1_stream0_ndt
 .text.stm32fxxx_dma1_stream0_par
                0x080048f0       0x20 ./lib/src/stm32fxxxdma.o
                0x080048f0                stm32fxxx_dma1_stream0_par
 .text.stm32fxxx_dma1_stream0_m0a
                0x08004910       0x20 ./lib/src/stm32fxxxdma.o
                0x08004910                stm32fxxx_dma1_stream0_m0a
 .text.stm32fxxx_dma1_stream0_m1a
                0x08004930       0x20 ./lib/src/stm32fxxxdma.o
                0x08004930                stm32fxxx_dma1_stream0_m1a
 .text.STM32FXXXDMA1_stream1_cr_chsel
                0x08004950       0x24 ./lib/src/stm32fxxxdma.o
                0x08004950                STM32FXXXDMA1_stream1_cr_chsel
 .text.STM32FXXXDMA1_stream1_cr_mburst
                0x08004974       0x24 ./lib/src/stm32fxxxdma.o
                0x08004974                STM32FXXXDMA1_stream1_cr_mburst
 .text.STM32FXXXDMA1_stream1_cr_pburst
                0x08004998       0x24 ./lib/src/stm32fxxxdma.o
                0x08004998                STM32FXXXDMA1_stream1_cr_pburst
 .text.STM32FXXXDMA1_stream1_cr_ct
                0x080049bc       0x24 ./lib/src/stm32fxxxdma.o
                0x080049bc                STM32FXXXDMA1_stream1_cr_ct
 .text.STM32FXXXDMA1_stream1_cr_dbm
                0x080049e0       0x24 ./lib/src/stm32fxxxdma.o
                0x080049e0                STM32FXXXDMA1_stream1_cr_dbm
 .text.STM32FXXXDMA1_stream1_cr_pl
                0x08004a04       0x24 ./lib/src/stm32fxxxdma.o
                0x08004a04                STM32FXXXDMA1_stream1_cr_pl
 .text.STM32FXXXDMA1_stream1_cr_pincos
                0x08004a28       0x24 ./lib/src/stm32fxxxdma.o
                0x08004a28                STM32FXXXDMA1_stream1_cr_pincos
 .text.STM32FXXXDMA1_stream1_cr_msize
                0x08004a4c       0x24 ./lib/src/stm32fxxxdma.o
                0x08004a4c                STM32FXXXDMA1_stream1_cr_msize
 .text.STM32FXXXDMA1_stream1_cr_psize
                0x08004a70       0x24 ./lib/src/stm32fxxxdma.o
                0x08004a70                STM32FXXXDMA1_stream1_cr_psize
 .text.STM32FXXXDMA1_stream1_cr_minc
                0x08004a94       0x24 ./lib/src/stm32fxxxdma.o
                0x08004a94                STM32FXXXDMA1_stream1_cr_minc
 .text.STM32FXXXDMA1_stream1_cr_pinc
                0x08004ab8       0x24 ./lib/src/stm32fxxxdma.o
                0x08004ab8                STM32FXXXDMA1_stream1_cr_pinc
 .text.STM32FXXXDMA1_stream1_cr_circ
                0x08004adc       0x24 ./lib/src/stm32fxxxdma.o
                0x08004adc                STM32FXXXDMA1_stream1_cr_circ
 .text.STM32FXXXDMA1_stream1_cr_dir
                0x08004b00       0x24 ./lib/src/stm32fxxxdma.o
                0x08004b00                STM32FXXXDMA1_stream1_cr_dir
 .text.STM32FXXXDMA1_stream1_cr_pfctrl
                0x08004b24       0x24 ./lib/src/stm32fxxxdma.o
                0x08004b24                STM32FXXXDMA1_stream1_cr_pfctrl
 .text.STM32FXXXDMA1_stream1_cr_tcie
                0x08004b48       0x24 ./lib/src/stm32fxxxdma.o
                0x08004b48                STM32FXXXDMA1_stream1_cr_tcie
 .text.STM32FXXXDMA1_stream1_cr_htie
                0x08004b6c       0x24 ./lib/src/stm32fxxxdma.o
                0x08004b6c                STM32FXXXDMA1_stream1_cr_htie
 .text.STM32FXXXDMA1_stream1_cr_teie
                0x08004b90       0x24 ./lib/src/stm32fxxxdma.o
                0x08004b90                STM32FXXXDMA1_stream1_cr_teie
 .text.STM32FXXXDMA1_stream1_cr_dmeie
                0x08004bb4       0x24 ./lib/src/stm32fxxxdma.o
                0x08004bb4                STM32FXXXDMA1_stream1_cr_dmeie
 .text.STM32FXXXDMA1_stream1_cr_en
                0x08004bd8       0x24 ./lib/src/stm32fxxxdma.o
                0x08004bd8                STM32FXXXDMA1_stream1_cr_en
 .text.stm32fxxx_dma1_stream1_cr_inic
                0x08004bfc       0xd4 ./lib/src/stm32fxxxdma.o
                0x08004bfc                stm32fxxx_dma1_stream1_cr_inic
 .text.stm32fxxx_dma1_stream1_ndt
                0x08004cd0       0x20 ./lib/src/stm32fxxxdma.o
                0x08004cd0                stm32fxxx_dma1_stream1_ndt
 .text.stm32fxxx_dma1_stream1_par
                0x08004cf0       0x20 ./lib/src/stm32fxxxdma.o
                0x08004cf0                stm32fxxx_dma1_stream1_par
 .text.stm32fxxx_dma1_stream1_m0a
                0x08004d10       0x20 ./lib/src/stm32fxxxdma.o
                0x08004d10                stm32fxxx_dma1_stream1_m0a
 .text.stm32fxxx_dma1_stream1_m1a
                0x08004d30       0x20 ./lib/src/stm32fxxxdma.o
                0x08004d30                stm32fxxx_dma1_stream1_m1a
 .text.STM32FXXXDMA1_stream2_cr_chsel
                0x08004d50       0x24 ./lib/src/stm32fxxxdma.o
                0x08004d50                STM32FXXXDMA1_stream2_cr_chsel
 .text.STM32FXXXDMA1_stream2_cr_mburst
                0x08004d74       0x24 ./lib/src/stm32fxxxdma.o
                0x08004d74                STM32FXXXDMA1_stream2_cr_mburst
 .text.STM32FXXXDMA1_stream2_cr_pburst
                0x08004d98       0x24 ./lib/src/stm32fxxxdma.o
                0x08004d98                STM32FXXXDMA1_stream2_cr_pburst
 .text.STM32FXXXDMA1_stream2_cr_ct
                0x08004dbc       0x24 ./lib/src/stm32fxxxdma.o
                0x08004dbc                STM32FXXXDMA1_stream2_cr_ct
 .text.STM32FXXXDMA1_stream2_cr_dbm
                0x08004de0       0x24 ./lib/src/stm32fxxxdma.o
                0x08004de0                STM32FXXXDMA1_stream2_cr_dbm
 .text.STM32FXXXDMA1_stream2_cr_pl
                0x08004e04       0x24 ./lib/src/stm32fxxxdma.o
                0x08004e04                STM32FXXXDMA1_stream2_cr_pl
 .text.STM32FXXXDMA1_stream2_cr_pincos
                0x08004e28       0x24 ./lib/src/stm32fxxxdma.o
                0x08004e28                STM32FXXXDMA1_stream2_cr_pincos
 .text.STM32FXXXDMA1_stream2_cr_msize
                0x08004e4c       0x24 ./lib/src/stm32fxxxdma.o
                0x08004e4c                STM32FXXXDMA1_stream2_cr_msize
 .text.STM32FXXXDMA1_stream2_cr_psize
                0x08004e70       0x24 ./lib/src/stm32fxxxdma.o
                0x08004e70                STM32FXXXDMA1_stream2_cr_psize
 .text.STM32FXXXDMA1_stream2_cr_minc
                0x08004e94       0x24 ./lib/src/stm32fxxxdma.o
                0x08004e94                STM32FXXXDMA1_stream2_cr_minc
 .text.STM32FXXXDMA1_stream2_cr_pinc
                0x08004eb8       0x24 ./lib/src/stm32fxxxdma.o
                0x08004eb8                STM32FXXXDMA1_stream2_cr_pinc
 .text.STM32FXXXDMA1_stream2_cr_circ
                0x08004edc       0x24 ./lib/src/stm32fxxxdma.o
                0x08004edc                STM32FXXXDMA1_stream2_cr_circ
 .text.STM32FXXXDMA1_stream2_cr_dir
                0x08004f00       0x24 ./lib/src/stm32fxxxdma.o
                0x08004f00                STM32FXXXDMA1_stream2_cr_dir
 .text.STM32FXXXDMA1_stream2_cr_pfctrl
                0x08004f24       0x24 ./lib/src/stm32fxxxdma.o
                0x08004f24                STM32FXXXDMA1_stream2_cr_pfctrl
 .text.STM32FXXXDMA1_stream2_cr_tcie
                0x08004f48       0x24 ./lib/src/stm32fxxxdma.o
                0x08004f48                STM32FXXXDMA1_stream2_cr_tcie
 .text.STM32FXXXDMA1_stream2_cr_htie
                0x08004f6c       0x24 ./lib/src/stm32fxxxdma.o
                0x08004f6c                STM32FXXXDMA1_stream2_cr_htie
 .text.STM32FXXXDMA1_stream2_cr_teie
                0x08004f90       0x24 ./lib/src/stm32fxxxdma.o
                0x08004f90                STM32FXXXDMA1_stream2_cr_teie
 .text.STM32FXXXDMA1_stream2_cr_dmeie
                0x08004fb4       0x24 ./lib/src/stm32fxxxdma.o
                0x08004fb4                STM32FXXXDMA1_stream2_cr_dmeie
 .text.STM32FXXXDMA1_stream2_cr_en
                0x08004fd8       0x24 ./lib/src/stm32fxxxdma.o
                0x08004fd8                STM32FXXXDMA1_stream2_cr_en
 .text.stm32fxxx_dma1_stream2_cr_inic
                0x08004ffc       0xd4 ./lib/src/stm32fxxxdma.o
                0x08004ffc                stm32fxxx_dma1_stream2_cr_inic
 .text.stm32fxxx_dma1_stream2_ndt
                0x080050d0       0x20 ./lib/src/stm32fxxxdma.o
                0x080050d0                stm32fxxx_dma1_stream2_ndt
 .text.stm32fxxx_dma1_stream2_par
                0x080050f0       0x20 ./lib/src/stm32fxxxdma.o
                0x080050f0                stm32fxxx_dma1_stream2_par
 .text.stm32fxxx_dma1_stream2_m0a
                0x08005110       0x20 ./lib/src/stm32fxxxdma.o
                0x08005110                stm32fxxx_dma1_stream2_m0a
 .text.stm32fxxx_dma1_stream2_m1a
                0x08005130       0x20 ./lib/src/stm32fxxxdma.o
                0x08005130                stm32fxxx_dma1_stream2_m1a
 .text.STM32FXXXDMA1_stream3_cr_chsel
                0x08005150       0x24 ./lib/src/stm32fxxxdma.o
                0x08005150                STM32FXXXDMA1_stream3_cr_chsel
 .text.STM32FXXXDMA1_stream3_cr_mburst
                0x08005174       0x24 ./lib/src/stm32fxxxdma.o
                0x08005174                STM32FXXXDMA1_stream3_cr_mburst
 .text.STM32FXXXDMA1_stream3_cr_pburst
                0x08005198       0x24 ./lib/src/stm32fxxxdma.o
                0x08005198                STM32FXXXDMA1_stream3_cr_pburst
 .text.STM32FXXXDMA1_stream3_cr_ct
                0x080051bc       0x24 ./lib/src/stm32fxxxdma.o
                0x080051bc                STM32FXXXDMA1_stream3_cr_ct
 .text.STM32FXXXDMA1_stream3_cr_dbm
                0x080051e0       0x24 ./lib/src/stm32fxxxdma.o
                0x080051e0                STM32FXXXDMA1_stream3_cr_dbm
 .text.STM32FXXXDMA1_stream3_cr_pl
                0x08005204       0x24 ./lib/src/stm32fxxxdma.o
                0x08005204                STM32FXXXDMA1_stream3_cr_pl
 .text.STM32FXXXDMA1_stream3_cr_pincos
                0x08005228       0x24 ./lib/src/stm32fxxxdma.o
                0x08005228                STM32FXXXDMA1_stream3_cr_pincos
 .text.STM32FXXXDMA1_stream3_cr_msize
                0x0800524c       0x24 ./lib/src/stm32fxxxdma.o
                0x0800524c                STM32FXXXDMA1_stream3_cr_msize
 .text.STM32FXXXDMA1_stream3_cr_psize
                0x08005270       0x24 ./lib/src/stm32fxxxdma.o
                0x08005270                STM32FXXXDMA1_stream3_cr_psize
 .text.STM32FXXXDMA1_stream3_cr_minc
                0x08005294       0x24 ./lib/src/stm32fxxxdma.o
                0x08005294                STM32FXXXDMA1_stream3_cr_minc
 .text.STM32FXXXDMA1_stream3_cr_pinc
                0x080052b8       0x24 ./lib/src/stm32fxxxdma.o
                0x080052b8                STM32FXXXDMA1_stream3_cr_pinc
 .text.STM32FXXXDMA1_stream3_cr_circ
                0x080052dc       0x24 ./lib/src/stm32fxxxdma.o
                0x080052dc                STM32FXXXDMA1_stream3_cr_circ
 .text.STM32FXXXDMA1_stream3_cr_dir
                0x08005300       0x24 ./lib/src/stm32fxxxdma.o
                0x08005300                STM32FXXXDMA1_stream3_cr_dir
 .text.STM32FXXXDMA1_stream3_cr_pfctrl
                0x08005324       0x24 ./lib/src/stm32fxxxdma.o
                0x08005324                STM32FXXXDMA1_stream3_cr_pfctrl
 .text.STM32FXXXDMA1_stream3_cr_tcie
                0x08005348       0x24 ./lib/src/stm32fxxxdma.o
                0x08005348                STM32FXXXDMA1_stream3_cr_tcie
 .text.STM32FXXXDMA1_stream3_cr_htie
                0x0800536c       0x24 ./lib/src/stm32fxxxdma.o
                0x0800536c                STM32FXXXDMA1_stream3_cr_htie
 .text.STM32FXXXDMA1_stream3_cr_teie
                0x08005390       0x24 ./lib/src/stm32fxxxdma.o
                0x08005390                STM32FXXXDMA1_stream3_cr_teie
 .text.STM32FXXXDMA1_stream3_cr_dmeie
                0x080053b4       0x24 ./lib/src/stm32fxxxdma.o
                0x080053b4                STM32FXXXDMA1_stream3_cr_dmeie
 .text.STM32FXXXDMA1_stream3_cr_en
                0x080053d8       0x24 ./lib/src/stm32fxxxdma.o
                0x080053d8                STM32FXXXDMA1_stream3_cr_en
 .text.stm32fxxx_dma1_stream3_cr_inic
                0x080053fc       0xd4 ./lib/src/stm32fxxxdma.o
                0x080053fc                stm32fxxx_dma1_stream3_cr_inic
 .text.stm32fxxx_dma1_stream3_ndt
                0x080054d0       0x20 ./lib/src/stm32fxxxdma.o
                0x080054d0                stm32fxxx_dma1_stream3_ndt
 .text.stm32fxxx_dma1_stream3_par
                0x080054f0       0x20 ./lib/src/stm32fxxxdma.o
                0x080054f0                stm32fxxx_dma1_stream3_par
 .text.stm32fxxx_dma1_stream3_m0a
                0x08005510       0x20 ./lib/src/stm32fxxxdma.o
                0x08005510                stm32fxxx_dma1_stream3_m0a
 .text.stm32fxxx_dma1_stream3_m1a
                0x08005530       0x20 ./lib/src/stm32fxxxdma.o
                0x08005530                stm32fxxx_dma1_stream3_m1a
 .text.STM32FXXXDMA1_stream4_cr_chsel
                0x08005550       0x24 ./lib/src/stm32fxxxdma.o
                0x08005550                STM32FXXXDMA1_stream4_cr_chsel
 .text.STM32FXXXDMA1_stream4_cr_mburst
                0x08005574       0x24 ./lib/src/stm32fxxxdma.o
                0x08005574                STM32FXXXDMA1_stream4_cr_mburst
 .text.STM32FXXXDMA1_stream4_cr_pburst
                0x08005598       0x24 ./lib/src/stm32fxxxdma.o
                0x08005598                STM32FXXXDMA1_stream4_cr_pburst
 .text.STM32FXXXDMA1_stream4_cr_ct
                0x080055bc       0x24 ./lib/src/stm32fxxxdma.o
                0x080055bc                STM32FXXXDMA1_stream4_cr_ct
 .text.STM32FXXXDMA1_stream4_cr_dbm
                0x080055e0       0x24 ./lib/src/stm32fxxxdma.o
                0x080055e0                STM32FXXXDMA1_stream4_cr_dbm
 .text.STM32FXXXDMA1_stream4_cr_pl
                0x08005604       0x24 ./lib/src/stm32fxxxdma.o
                0x08005604                STM32FXXXDMA1_stream4_cr_pl
 .text.STM32FXXXDMA1_stream4_cr_pincos
                0x08005628       0x24 ./lib/src/stm32fxxxdma.o
                0x08005628                STM32FXXXDMA1_stream4_cr_pincos
 .text.STM32FXXXDMA1_stream4_cr_msize
                0x0800564c       0x24 ./lib/src/stm32fxxxdma.o
                0x0800564c                STM32FXXXDMA1_stream4_cr_msize
 .text.STM32FXXXDMA1_stream4_cr_psize
                0x08005670       0x24 ./lib/src/stm32fxxxdma.o
                0x08005670                STM32FXXXDMA1_stream4_cr_psize
 .text.STM32FXXXDMA1_stream4_cr_minc
                0x08005694       0x24 ./lib/src/stm32fxxxdma.o
                0x08005694                STM32FXXXDMA1_stream4_cr_minc
 .text.STM32FXXXDMA1_stream4_cr_pinc
                0x080056b8       0x24 ./lib/src/stm32fxxxdma.o
                0x080056b8                STM32FXXXDMA1_stream4_cr_pinc
 .text.STM32FXXXDMA1_stream4_cr_circ
                0x080056dc       0x24 ./lib/src/stm32fxxxdma.o
                0x080056dc                STM32FXXXDMA1_stream4_cr_circ
 .text.STM32FXXXDMA1_stream4_cr_dir
                0x08005700       0x24 ./lib/src/stm32fxxxdma.o
                0x08005700                STM32FXXXDMA1_stream4_cr_dir
 .text.STM32FXXXDMA1_stream4_cr_pfctrl
                0x08005724       0x24 ./lib/src/stm32fxxxdma.o
                0x08005724                STM32FXXXDMA1_stream4_cr_pfctrl
 .text.STM32FXXXDMA1_stream4_cr_tcie
                0x08005748       0x24 ./lib/src/stm32fxxxdma.o
                0x08005748                STM32FXXXDMA1_stream4_cr_tcie
 .text.STM32FXXXDMA1_stream4_cr_htie
                0x0800576c       0x24 ./lib/src/stm32fxxxdma.o
                0x0800576c                STM32FXXXDMA1_stream4_cr_htie
 .text.STM32FXXXDMA1_stream4_cr_teie
                0x08005790       0x24 ./lib/src/stm32fxxxdma.o
                0x08005790                STM32FXXXDMA1_stream4_cr_teie
 .text.STM32FXXXDMA1_stream4_cr_dmeie
                0x080057b4       0x24 ./lib/src/stm32fxxxdma.o
                0x080057b4                STM32FXXXDMA1_stream4_cr_dmeie
 .text.STM32FXXXDMA1_stream4_cr_en
                0x080057d8       0x24 ./lib/src/stm32fxxxdma.o
                0x080057d8                STM32FXXXDMA1_stream4_cr_en
 .text.stm32fxxx_dma1_stream4_cr_inic
                0x080057fc       0xd4 ./lib/src/stm32fxxxdma.o
                0x080057fc                stm32fxxx_dma1_stream4_cr_inic
 .text.stm32fxxx_dma1_stream4_ndt
                0x080058d0       0x20 ./lib/src/stm32fxxxdma.o
                0x080058d0                stm32fxxx_dma1_stream4_ndt
 .text.stm32fxxx_dma1_stream4_par
                0x080058f0       0x20 ./lib/src/stm32fxxxdma.o
                0x080058f0                stm32fxxx_dma1_stream4_par
 .text.stm32fxxx_dma1_stream4_m0a
                0x08005910       0x20 ./lib/src/stm32fxxxdma.o
                0x08005910                stm32fxxx_dma1_stream4_m0a
 .text.stm32fxxx_dma1_stream4_m1a
                0x08005930       0x20 ./lib/src/stm32fxxxdma.o
                0x08005930                stm32fxxx_dma1_stream4_m1a
 .text.STM32FXXXDMA1_stream5_cr_chsel
                0x08005950       0x24 ./lib/src/stm32fxxxdma.o
                0x08005950                STM32FXXXDMA1_stream5_cr_chsel
 .text.STM32FXXXDMA1_stream5_cr_mburst
                0x08005974       0x24 ./lib/src/stm32fxxxdma.o
                0x08005974                STM32FXXXDMA1_stream5_cr_mburst
 .text.STM32FXXXDMA1_stream5_cr_pburst
                0x08005998       0x24 ./lib/src/stm32fxxxdma.o
                0x08005998                STM32FXXXDMA1_stream5_cr_pburst
 .text.STM32FXXXDMA1_stream5_cr_ct
                0x080059bc       0x24 ./lib/src/stm32fxxxdma.o
                0x080059bc                STM32FXXXDMA1_stream5_cr_ct
 .text.STM32FXXXDMA1_stream5_cr_dbm
                0x080059e0       0x24 ./lib/src/stm32fxxxdma.o
                0x080059e0                STM32FXXXDMA1_stream5_cr_dbm
 .text.STM32FXXXDMA1_stream5_cr_pl
                0x08005a04       0x24 ./lib/src/stm32fxxxdma.o
                0x08005a04                STM32FXXXDMA1_stream5_cr_pl
 .text.STM32FXXXDMA1_stream5_cr_pincos
                0x08005a28       0x24 ./lib/src/stm32fxxxdma.o
                0x08005a28                STM32FXXXDMA1_stream5_cr_pincos
 .text.STM32FXXXDMA1_stream5_cr_msize
                0x08005a4c       0x24 ./lib/src/stm32fxxxdma.o
                0x08005a4c                STM32FXXXDMA1_stream5_cr_msize
 .text.STM32FXXXDMA1_stream5_cr_psize
                0x08005a70       0x24 ./lib/src/stm32fxxxdma.o
                0x08005a70                STM32FXXXDMA1_stream5_cr_psize
 .text.STM32FXXXDMA1_stream5_cr_minc
                0x08005a94       0x24 ./lib/src/stm32fxxxdma.o
                0x08005a94                STM32FXXXDMA1_stream5_cr_minc
 .text.STM32FXXXDMA1_stream5_cr_pinc
                0x08005ab8       0x24 ./lib/src/stm32fxxxdma.o
                0x08005ab8                STM32FXXXDMA1_stream5_cr_pinc
 .text.STM32FXXXDMA1_stream5_cr_circ
                0x08005adc       0x24 ./lib/src/stm32fxxxdma.o
                0x08005adc                STM32FXXXDMA1_stream5_cr_circ
 .text.STM32FXXXDMA1_stream5_cr_dir
                0x08005b00       0x24 ./lib/src/stm32fxxxdma.o
                0x08005b00                STM32FXXXDMA1_stream5_cr_dir
 .text.STM32FXXXDMA1_stream5_cr_pfctrl
                0x08005b24       0x24 ./lib/src/stm32fxxxdma.o
                0x08005b24                STM32FXXXDMA1_stream5_cr_pfctrl
 .text.STM32FXXXDMA1_stream5_cr_tcie
                0x08005b48       0x24 ./lib/src/stm32fxxxdma.o
                0x08005b48                STM32FXXXDMA1_stream5_cr_tcie
 .text.STM32FXXXDMA1_stream5_cr_htie
                0x08005b6c       0x24 ./lib/src/stm32fxxxdma.o
                0x08005b6c                STM32FXXXDMA1_stream5_cr_htie
 .text.STM32FXXXDMA1_stream5_cr_teie
                0x08005b90       0x24 ./lib/src/stm32fxxxdma.o
                0x08005b90                STM32FXXXDMA1_stream5_cr_teie
 .text.STM32FXXXDMA1_stream5_cr_dmeie
                0x08005bb4       0x24 ./lib/src/stm32fxxxdma.o
                0x08005bb4                STM32FXXXDMA1_stream5_cr_dmeie
 .text.STM32FXXXDMA1_stream5_cr_en
                0x08005bd8       0x24 ./lib/src/stm32fxxxdma.o
                0x08005bd8                STM32FXXXDMA1_stream5_cr_en
 .text.stm32fxxx_dma1_stream5_cr_inic
                0x08005bfc       0xd4 ./lib/src/stm32fxxxdma.o
                0x08005bfc                stm32fxxx_dma1_stream5_cr_inic
 .text.stm32fxxx_dma1_stream5_ndt
                0x08005cd0       0x20 ./lib/src/stm32fxxxdma.o
                0x08005cd0                stm32fxxx_dma1_stream5_ndt
 .text.stm32fxxx_dma1_stream5_par
                0x08005cf0       0x20 ./lib/src/stm32fxxxdma.o
                0x08005cf0                stm32fxxx_dma1_stream5_par
 .text.stm32fxxx_dma1_stream5_m0a
                0x08005d10       0x20 ./lib/src/stm32fxxxdma.o
                0x08005d10                stm32fxxx_dma1_stream5_m0a
 .text.stm32fxxx_dma1_stream5_m1a
                0x08005d30       0x20 ./lib/src/stm32fxxxdma.o
                0x08005d30                stm32fxxx_dma1_stream5_m1a
 .text.STM32FXXXDMA1_stream6_cr_chsel
                0x08005d50       0x24 ./lib/src/stm32fxxxdma.o
                0x08005d50                STM32FXXXDMA1_stream6_cr_chsel
 .text.STM32FXXXDMA1_stream6_cr_mburst
                0x08005d74       0x24 ./lib/src/stm32fxxxdma.o
                0x08005d74                STM32FXXXDMA1_stream6_cr_mburst
 .text.STM32FXXXDMA1_stream6_cr_pburst
                0x08005d98       0x24 ./lib/src/stm32fxxxdma.o
                0x08005d98                STM32FXXXDMA1_stream6_cr_pburst
 .text.STM32FXXXDMA1_stream6_cr_ct
                0x08005dbc       0x24 ./lib/src/stm32fxxxdma.o
                0x08005dbc                STM32FXXXDMA1_stream6_cr_ct
 .text.STM32FXXXDMA1_stream6_cr_dbm
                0x08005de0       0x24 ./lib/src/stm32fxxxdma.o
                0x08005de0                STM32FXXXDMA1_stream6_cr_dbm
 .text.STM32FXXXDMA1_stream6_cr_pl
                0x08005e04       0x24 ./lib/src/stm32fxxxdma.o
                0x08005e04                STM32FXXXDMA1_stream6_cr_pl
 .text.STM32FXXXDMA1_stream6_cr_pincos
                0x08005e28       0x24 ./lib/src/stm32fxxxdma.o
                0x08005e28                STM32FXXXDMA1_stream6_cr_pincos
 .text.STM32FXXXDMA1_stream6_cr_msize
                0x08005e4c       0x24 ./lib/src/stm32fxxxdma.o
                0x08005e4c                STM32FXXXDMA1_stream6_cr_msize
 .text.STM32FXXXDMA1_stream6_cr_psize
                0x08005e70       0x24 ./lib/src/stm32fxxxdma.o
                0x08005e70                STM32FXXXDMA1_stream6_cr_psize
 .text.STM32FXXXDMA1_stream6_cr_minc
                0x08005e94       0x24 ./lib/src/stm32fxxxdma.o
                0x08005e94                STM32FXXXDMA1_stream6_cr_minc
 .text.STM32FXXXDMA1_stream6_cr_pinc
                0x08005eb8       0x24 ./lib/src/stm32fxxxdma.o
                0x08005eb8                STM32FXXXDMA1_stream6_cr_pinc
 .text.STM32FXXXDMA1_stream6_cr_circ
                0x08005edc       0x24 ./lib/src/stm32fxxxdma.o
                0x08005edc                STM32FXXXDMA1_stream6_cr_circ
 .text.STM32FXXXDMA1_stream6_cr_dir
                0x08005f00       0x24 ./lib/src/stm32fxxxdma.o
                0x08005f00                STM32FXXXDMA1_stream6_cr_dir
 .text.STM32FXXXDMA1_stream6_cr_pfctrl
                0x08005f24       0x24 ./lib/src/stm32fxxxdma.o
                0x08005f24                STM32FXXXDMA1_stream6_cr_pfctrl
 .text.STM32FXXXDMA1_stream6_cr_tcie
                0x08005f48       0x24 ./lib/src/stm32fxxxdma.o
                0x08005f48                STM32FXXXDMA1_stream6_cr_tcie
 .text.STM32FXXXDMA1_stream6_cr_htie
                0x08005f6c       0x24 ./lib/src/stm32fxxxdma.o
                0x08005f6c                STM32FXXXDMA1_stream6_cr_htie
 .text.STM32FXXXDMA1_stream6_cr_teie
                0x08005f90       0x24 ./lib/src/stm32fxxxdma.o
                0x08005f90                STM32FXXXDMA1_stream6_cr_teie
 .text.STM32FXXXDMA1_stream6_cr_dmeie
                0x08005fb4       0x24 ./lib/src/stm32fxxxdma.o
                0x08005fb4                STM32FXXXDMA1_stream6_cr_dmeie
 .text.STM32FXXXDMA1_stream6_cr_en
                0x08005fd8       0x24 ./lib/src/stm32fxxxdma.o
                0x08005fd8                STM32FXXXDMA1_stream6_cr_en
 .text.stm32fxxx_dma1_stream6_cr_inic
                0x08005ffc       0xd4 ./lib/src/stm32fxxxdma.o
                0x08005ffc                stm32fxxx_dma1_stream6_cr_inic
 .text.stm32fxxx_dma1_stream6_ndt
                0x080060d0       0x20 ./lib/src/stm32fxxxdma.o
                0x080060d0                stm32fxxx_dma1_stream6_ndt
 .text.stm32fxxx_dma1_stream6_par
                0x080060f0       0x20 ./lib/src/stm32fxxxdma.o
                0x080060f0                stm32fxxx_dma1_stream6_par
 .text.stm32fxxx_dma1_stream6_m0a
                0x08006110       0x20 ./lib/src/stm32fxxxdma.o
                0x08006110                stm32fxxx_dma1_stream6_m0a
 .text.stm32fxxx_dma1_stream6_m1a
                0x08006130       0x20 ./lib/src/stm32fxxxdma.o
                0x08006130                stm32fxxx_dma1_stream6_m1a
 .text.STM32FXXXDMA1_stream7_cr_chsel
                0x08006150       0x24 ./lib/src/stm32fxxxdma.o
                0x08006150                STM32FXXXDMA1_stream7_cr_chsel
 .text.STM32FXXXDMA1_stream7_cr_mburst
                0x08006174       0x24 ./lib/src/stm32fxxxdma.o
                0x08006174                STM32FXXXDMA1_stream7_cr_mburst
 .text.STM32FXXXDMA1_stream7_cr_pburst
                0x08006198       0x24 ./lib/src/stm32fxxxdma.o
                0x08006198                STM32FXXXDMA1_stream7_cr_pburst
 .text.STM32FXXXDMA1_stream7_cr_ct
                0x080061bc       0x24 ./lib/src/stm32fxxxdma.o
                0x080061bc                STM32FXXXDMA1_stream7_cr_ct
 .text.STM32FXXXDMA1_stream7_cr_dbm
                0x080061e0       0x24 ./lib/src/stm32fxxxdma.o
                0x080061e0                STM32FXXXDMA1_stream7_cr_dbm
 .text.STM32FXXXDMA1_stream7_cr_pl
                0x08006204       0x24 ./lib/src/stm32fxxxdma.o
                0x08006204                STM32FXXXDMA1_stream7_cr_pl
 .text.STM32FXXXDMA1_stream7_cr_pincos
                0x08006228       0x24 ./lib/src/stm32fxxxdma.o
                0x08006228                STM32FXXXDMA1_stream7_cr_pincos
 .text.STM32FXXXDMA1_stream7_cr_msize
                0x0800624c       0x24 ./lib/src/stm32fxxxdma.o
                0x0800624c                STM32FXXXDMA1_stream7_cr_msize
 .text.STM32FXXXDMA1_stream7_cr_psize
                0x08006270       0x24 ./lib/src/stm32fxxxdma.o
                0x08006270                STM32FXXXDMA1_stream7_cr_psize
 .text.STM32FXXXDMA1_stream7_cr_minc
                0x08006294       0x24 ./lib/src/stm32fxxxdma.o
                0x08006294                STM32FXXXDMA1_stream7_cr_minc
 .text.STM32FXXXDMA1_stream7_cr_pinc
                0x080062b8       0x24 ./lib/src/stm32fxxxdma.o
                0x080062b8                STM32FXXXDMA1_stream7_cr_pinc
 .text.STM32FXXXDMA1_stream7_cr_circ
                0x080062dc       0x24 ./lib/src/stm32fxxxdma.o
                0x080062dc                STM32FXXXDMA1_stream7_cr_circ
 .text.STM32FXXXDMA1_stream7_cr_dir
                0x08006300       0x24 ./lib/src/stm32fxxxdma.o
                0x08006300                STM32FXXXDMA1_stream7_cr_dir
 .text.STM32FXXXDMA1_stream7_cr_pfctrl
                0x08006324       0x24 ./lib/src/stm32fxxxdma.o
                0x08006324                STM32FXXXDMA1_stream7_cr_pfctrl
 .text.STM32FXXXDMA1_stream7_cr_tcie
                0x08006348       0x24 ./lib/src/stm32fxxxdma.o
                0x08006348                STM32FXXXDMA1_stream7_cr_tcie
 .text.STM32FXXXDMA1_stream7_cr_htie
                0x0800636c       0x24 ./lib/src/stm32fxxxdma.o
                0x0800636c                STM32FXXXDMA1_stream7_cr_htie
 .text.STM32FXXXDMA1_stream7_cr_teie
                0x08006390       0x24 ./lib/src/stm32fxxxdma.o
                0x08006390                STM32FXXXDMA1_stream7_cr_teie
 .text.STM32FXXXDMA1_stream7_cr_dmeie
                0x080063b4       0x24 ./lib/src/stm32fxxxdma.o
                0x080063b4                STM32FXXXDMA1_stream7_cr_dmeie
 .text.STM32FXXXDMA1_stream7_cr_en
                0x080063d8       0x24 ./lib/src/stm32fxxxdma.o
                0x080063d8                STM32FXXXDMA1_stream7_cr_en
 .text.stm32fxxx_dma1_stream7_cr_inic
                0x080063fc       0xd4 ./lib/src/stm32fxxxdma.o
                0x080063fc                stm32fxxx_dma1_stream7_cr_inic
 .text.stm32fxxx_dma1_stream7_ndt
                0x080064d0       0x20 ./lib/src/stm32fxxxdma.o
                0x080064d0                stm32fxxx_dma1_stream7_ndt
 .text.stm32fxxx_dma1_stream7_par
                0x080064f0       0x20 ./lib/src/stm32fxxxdma.o
                0x080064f0                stm32fxxx_dma1_stream7_par
 .text.stm32fxxx_dma1_stream7_m0a
                0x08006510       0x20 ./lib/src/stm32fxxxdma.o
                0x08006510                stm32fxxx_dma1_stream7_m0a
 .text.stm32fxxx_dma1_stream7_m1a
                0x08006530       0x20 ./lib/src/stm32fxxxdma.o
                0x08006530                stm32fxxx_dma1_stream7_m1a
 .text.STM32FXXXDMA1_stream0_fcr_feie
                0x08006550       0x24 ./lib/src/stm32fxxxdma.o
                0x08006550                STM32FXXXDMA1_stream0_fcr_feie
 .text.STM32FXXXDMA1_stream0_fcr_fs
                0x08006574       0x24 ./lib/src/stm32fxxxdma.o
                0x08006574                STM32FXXXDMA1_stream0_fcr_fs
 .text.STM32FXXXDMA1_stream0_fcr_dmdis
                0x08006598       0x24 ./lib/src/stm32fxxxdma.o
                0x08006598                STM32FXXXDMA1_stream0_fcr_dmdis
 .text.STM32FXXXDMA1_stream0_fcr_fth
                0x080065bc       0x24 ./lib/src/stm32fxxxdma.o
                0x080065bc                STM32FXXXDMA1_stream0_fcr_fth
 .text.stm32fxxx_dma1_stream0_fcr_inic
                0x080065e0       0x3c ./lib/src/stm32fxxxdma.o
                0x080065e0                stm32fxxx_dma1_stream0_fcr_inic
 .text.STM32FXXXDMA1_stream1_fcr_feie
                0x0800661c       0x24 ./lib/src/stm32fxxxdma.o
                0x0800661c                STM32FXXXDMA1_stream1_fcr_feie
 .text.STM32FXXXDMA1_stream1_fcr_fs
                0x08006640       0x24 ./lib/src/stm32fxxxdma.o
                0x08006640                STM32FXXXDMA1_stream1_fcr_fs
 .text.STM32FXXXDMA1_stream1_fcr_dmdis
                0x08006664       0x24 ./lib/src/stm32fxxxdma.o
                0x08006664                STM32FXXXDMA1_stream1_fcr_dmdis
 .text.STM32FXXXDMA1_stream1_fcr_fth
                0x08006688       0x24 ./lib/src/stm32fxxxdma.o
                0x08006688                STM32FXXXDMA1_stream1_fcr_fth
 .text.stm32fxxx_dma1_stream1_fcr_inic
                0x080066ac       0x3c ./lib/src/stm32fxxxdma.o
                0x080066ac                stm32fxxx_dma1_stream1_fcr_inic
 .text.STM32FXXXDMA1_stream2_fcr_feie
                0x080066e8       0x24 ./lib/src/stm32fxxxdma.o
                0x080066e8                STM32FXXXDMA1_stream2_fcr_feie
 .text.STM32FXXXDMA1_stream2_fcr_fs
                0x0800670c       0x24 ./lib/src/stm32fxxxdma.o
                0x0800670c                STM32FXXXDMA1_stream2_fcr_fs
 .text.STM32FXXXDMA1_stream2_fcr_dmdis
                0x08006730       0x24 ./lib/src/stm32fxxxdma.o
                0x08006730                STM32FXXXDMA1_stream2_fcr_dmdis
 .text.STM32FXXXDMA1_stream2_fcr_fth
                0x08006754       0x24 ./lib/src/stm32fxxxdma.o
                0x08006754                STM32FXXXDMA1_stream2_fcr_fth
 .text.stm32fxxx_dma1_stream2_fcr_inic
                0x08006778       0x3c ./lib/src/stm32fxxxdma.o
                0x08006778                stm32fxxx_dma1_stream2_fcr_inic
 .text.STM32FXXXDMA1_stream3_fcr_feie
                0x080067b4       0x24 ./lib/src/stm32fxxxdma.o
                0x080067b4                STM32FXXXDMA1_stream3_fcr_feie
 .text.STM32FXXXDMA1_stream3_fcr_fs
                0x080067d8       0x24 ./lib/src/stm32fxxxdma.o
                0x080067d8                STM32FXXXDMA1_stream3_fcr_fs
 .text.STM32FXXXDMA1_stream3_fcr_dmdis
                0x080067fc       0x24 ./lib/src/stm32fxxxdma.o
                0x080067fc                STM32FXXXDMA1_stream3_fcr_dmdis
 .text.STM32FXXXDMA1_stream3_fcr_fth
                0x08006820       0x24 ./lib/src/stm32fxxxdma.o
                0x08006820                STM32FXXXDMA1_stream3_fcr_fth
 .text.stm32fxxx_dma1_stream3_fcr_inic
                0x08006844       0x3c ./lib/src/stm32fxxxdma.o
                0x08006844                stm32fxxx_dma1_stream3_fcr_inic
 .text.STM32FXXXDMA1_stream4_fcr_feie
                0x08006880       0x24 ./lib/src/stm32fxxxdma.o
                0x08006880                STM32FXXXDMA1_stream4_fcr_feie
 .text.STM32FXXXDMA1_stream4_fcr_fs
                0x080068a4       0x24 ./lib/src/stm32fxxxdma.o
                0x080068a4                STM32FXXXDMA1_stream4_fcr_fs
 .text.STM32FXXXDMA1_stream4_fcr_dmdis
                0x080068c8       0x24 ./lib/src/stm32fxxxdma.o
                0x080068c8                STM32FXXXDMA1_stream4_fcr_dmdis
 .text.STM32FXXXDMA1_stream4_fcr_fth
                0x080068ec       0x24 ./lib/src/stm32fxxxdma.o
                0x080068ec                STM32FXXXDMA1_stream4_fcr_fth
 .text.stm32fxxx_dma1_stream4_fcr_inic
                0x08006910       0x3c ./lib/src/stm32fxxxdma.o
                0x08006910                stm32fxxx_dma1_stream4_fcr_inic
 .text.STM32FXXXDMA1_stream5_fcr_feie
                0x0800694c       0x24 ./lib/src/stm32fxxxdma.o
                0x0800694c                STM32FXXXDMA1_stream5_fcr_feie
 .text.STM32FXXXDMA1_stream5_fcr_fs
                0x08006970       0x24 ./lib/src/stm32fxxxdma.o
                0x08006970                STM32FXXXDMA1_stream5_fcr_fs
 .text.STM32FXXXDMA1_stream5_fcr_dmdis
                0x08006994       0x24 ./lib/src/stm32fxxxdma.o
                0x08006994                STM32FXXXDMA1_stream5_fcr_dmdis
 .text.STM32FXXXDMA1_stream5_fcr_fth
                0x080069b8       0x24 ./lib/src/stm32fxxxdma.o
                0x080069b8                STM32FXXXDMA1_stream5_fcr_fth
 .text.stm32fxxx_dma1_stream5_fcr_inic
                0x080069dc       0x3c ./lib/src/stm32fxxxdma.o
                0x080069dc                stm32fxxx_dma1_stream5_fcr_inic
 .text.STM32FXXXDMA1_stream6_fcr_feie
                0x08006a18       0x24 ./lib/src/stm32fxxxdma.o
                0x08006a18                STM32FXXXDMA1_stream6_fcr_feie
 .text.STM32FXXXDMA1_stream6_fcr_fs
                0x08006a3c       0x24 ./lib/src/stm32fxxxdma.o
                0x08006a3c                STM32FXXXDMA1_stream6_fcr_fs
 .text.STM32FXXXDMA1_stream6_fcr_dmdis
                0x08006a60       0x24 ./lib/src/stm32fxxxdma.o
                0x08006a60                STM32FXXXDMA1_stream6_fcr_dmdis
 .text.STM32FXXXDMA1_stream6_fcr_fth
                0x08006a84       0x24 ./lib/src/stm32fxxxdma.o
                0x08006a84                STM32FXXXDMA1_stream6_fcr_fth
 .text.stm32fxxx_dma1_stream6_fcr_inic
                0x08006aa8       0x3c ./lib/src/stm32fxxxdma.o
                0x08006aa8                stm32fxxx_dma1_stream6_fcr_inic
 .text.STM32FXXXDMA1_stream7_fcr_feie
                0x08006ae4       0x24 ./lib/src/stm32fxxxdma.o
                0x08006ae4                STM32FXXXDMA1_stream7_fcr_feie
 .text.STM32FXXXDMA1_stream7_fcr_fs
                0x08006b08       0x24 ./lib/src/stm32fxxxdma.o
                0x08006b08                STM32FXXXDMA1_stream7_fcr_fs
 .text.STM32FXXXDMA1_stream7_fcr_dmdis
                0x08006b2c       0x24 ./lib/src/stm32fxxxdma.o
                0x08006b2c                STM32FXXXDMA1_stream7_fcr_dmdis
 .text.STM32FXXXDMA1_stream7_fcr_fth
                0x08006b50       0x24 ./lib/src/stm32fxxxdma.o
                0x08006b50                STM32FXXXDMA1_stream7_fcr_fth
 .text.stm32fxxx_dma1_stream7_fcr_inic
                0x08006b74       0x3c ./lib/src/stm32fxxxdma.o
                0x08006b74                stm32fxxx_dma1_stream7_fcr_inic
 .text.dma1_circ_cfg
                0x08006bb0      0x290 ./lib/src/stm32fxxxdma.o
                0x08006bb0                dma1_circ_cfg
 .text.stm32fxxx_dma1_func_inic
                0x08006e40       0x20 ./lib/src/stm32fxxxdma.o
                0x08006e40                stm32fxxx_dma1_func_inic
 .text.dma1_enable
                0x08006e60      0x26c ./lib/src/stm32fxxxdma.o
                0x08006e60                dma1_enable
 .text.STM32FXXXDMA2_sr_tcif
                0x080070cc       0xec ./lib/src/stm32fxxxdma.o
                0x080070cc                STM32FXXXDMA2_sr_tcif
 .text.STM32FXXXDMA2_sr_clear_tcif
                0x080071b8       0xbc ./lib/src/stm32fxxxdma.o
                0x080071b8                STM32FXXXDMA2_sr_clear_tcif
 .text.STM32FXXXDMA2_sr_htif
                0x08007274       0xec ./lib/src/stm32fxxxdma.o
                0x08007274                STM32FXXXDMA2_sr_htif
 .text.STM32FXXXDMA2_sr_clear_htif
                0x08007360       0xbc ./lib/src/stm32fxxxdma.o
                0x08007360                STM32FXXXDMA2_sr_clear_htif
 .text.STM32FXXXDMA2_sr_teif
                0x0800741c       0xec ./lib/src/stm32fxxxdma.o
                0x0800741c                STM32FXXXDMA2_sr_teif
 .text.STM32FXXXDMA2_sr_clear_teif
                0x08007508       0xbc ./lib/src/stm32fxxxdma.o
                0x08007508                STM32FXXXDMA2_sr_clear_teif
 .text.STM32FXXXDMA2_sr_dmeif
                0x080075c4       0xec ./lib/src/stm32fxxxdma.o
                0x080075c4                STM32FXXXDMA2_sr_dmeif
 .text.STM32FXXXDMA2_sr_clear_dmeif
                0x080076b0       0xbc ./lib/src/stm32fxxxdma.o
                0x080076b0                STM32FXXXDMA2_sr_clear_dmeif
 .text.STM32FXXXDMA2_sr_feif
                0x0800776c       0xec ./lib/src/stm32fxxxdma.o
                0x0800776c                STM32FXXXDMA2_sr_feif
 .text.STM32FXXXDMA2_sr_clear_feif
                0x08007858       0xbc ./lib/src/stm32fxxxdma.o
                0x08007858                STM32FXXXDMA2_sr_clear_feif
 .text.stm32fxxx_dma2_sr_inic
                0x08007914       0x78 ./lib/src/stm32fxxxdma.o
                0x08007914                stm32fxxx_dma2_sr_inic
 .text.STM32FXXXDMA2_stream0_cr_chsel
                0x0800798c       0x24 ./lib/src/stm32fxxxdma.o
                0x0800798c                STM32FXXXDMA2_stream0_cr_chsel
 .text.STM32FXXXDMA2_stream0_cr_mburst
                0x080079b0       0x24 ./lib/src/stm32fxxxdma.o
                0x080079b0                STM32FXXXDMA2_stream0_cr_mburst
 .text.STM32FXXXDMA2_stream0_cr_pburst
                0x080079d4       0x24 ./lib/src/stm32fxxxdma.o
                0x080079d4                STM32FXXXDMA2_stream0_cr_pburst
 .text.STM32FXXXDMA2_stream0_cr_ct
                0x080079f8       0x24 ./lib/src/stm32fxxxdma.o
                0x080079f8                STM32FXXXDMA2_stream0_cr_ct
 .text.STM32FXXXDMA2_stream0_cr_dbm
                0x08007a1c       0x24 ./lib/src/stm32fxxxdma.o
                0x08007a1c                STM32FXXXDMA2_stream0_cr_dbm
 .text.STM32FXXXDMA2_stream0_cr_pl
                0x08007a40       0x24 ./lib/src/stm32fxxxdma.o
                0x08007a40                STM32FXXXDMA2_stream0_cr_pl
 .text.STM32FXXXDMA2_stream0_cr_pincos
                0x08007a64       0x24 ./lib/src/stm32fxxxdma.o
                0x08007a64                STM32FXXXDMA2_stream0_cr_pincos
 .text.STM32FXXXDMA2_stream0_cr_msize
                0x08007a88       0x24 ./lib/src/stm32fxxxdma.o
                0x08007a88                STM32FXXXDMA2_stream0_cr_msize
 .text.STM32FXXXDMA2_stream0_cr_psize
                0x08007aac       0x24 ./lib/src/stm32fxxxdma.o
                0x08007aac                STM32FXXXDMA2_stream0_cr_psize
 .text.STM32FXXXDMA2_stream0_cr_minc
                0x08007ad0       0x24 ./lib/src/stm32fxxxdma.o
                0x08007ad0                STM32FXXXDMA2_stream0_cr_minc
 .text.STM32FXXXDMA2_stream0_cr_pinc
                0x08007af4       0x24 ./lib/src/stm32fxxxdma.o
                0x08007af4                STM32FXXXDMA2_stream0_cr_pinc
 .text.STM32FXXXDMA2_stream0_cr_circ
                0x08007b18       0x24 ./lib/src/stm32fxxxdma.o
                0x08007b18                STM32FXXXDMA2_stream0_cr_circ
 .text.STM32FXXXDMA2_stream0_cr_dir
                0x08007b3c       0x24 ./lib/src/stm32fxxxdma.o
                0x08007b3c                STM32FXXXDMA2_stream0_cr_dir
 .text.STM32FXXXDMA2_stream0_cr_pfctrl
                0x08007b60       0x24 ./lib/src/stm32fxxxdma.o
                0x08007b60                STM32FXXXDMA2_stream0_cr_pfctrl
 .text.STM32FXXXDMA2_stream0_cr_tcie
                0x08007b84       0x24 ./lib/src/stm32fxxxdma.o
                0x08007b84                STM32FXXXDMA2_stream0_cr_tcie
 .text.STM32FXXXDMA2_stream0_cr_htie
                0x08007ba8       0x24 ./lib/src/stm32fxxxdma.o
                0x08007ba8                STM32FXXXDMA2_stream0_cr_htie
 .text.STM32FXXXDMA2_stream0_cr_teie
                0x08007bcc       0x24 ./lib/src/stm32fxxxdma.o
                0x08007bcc                STM32FXXXDMA2_stream0_cr_teie
 .text.STM32FXXXDMA2_stream0_cr_dmeie
                0x08007bf0       0x24 ./lib/src/stm32fxxxdma.o
                0x08007bf0                STM32FXXXDMA2_stream0_cr_dmeie
 .text.STM32FXXXDMA2_stream0_cr_en
                0x08007c14       0x24 ./lib/src/stm32fxxxdma.o
                0x08007c14                STM32FXXXDMA2_stream0_cr_en
 .text.stm32fxxx_dma2_stream0_cr_inic
                0x08007c38       0xd4 ./lib/src/stm32fxxxdma.o
                0x08007c38                stm32fxxx_dma2_stream0_cr_inic
 .text.stm32fxxx_dma2_stream0_ndt
                0x08007d0c       0x20 ./lib/src/stm32fxxxdma.o
                0x08007d0c                stm32fxxx_dma2_stream0_ndt
 .text.stm32fxxx_dma2_stream0_par
                0x08007d2c       0x20 ./lib/src/stm32fxxxdma.o
                0x08007d2c                stm32fxxx_dma2_stream0_par
 .text.stm32fxxx_dma2_stream0_m0a
                0x08007d4c       0x20 ./lib/src/stm32fxxxdma.o
                0x08007d4c                stm32fxxx_dma2_stream0_m0a
 .text.stm32fxxx_dma2_stream0_m1a
                0x08007d6c       0x20 ./lib/src/stm32fxxxdma.o
                0x08007d6c                stm32fxxx_dma2_stream0_m1a
 .text.STM32FXXXDMA2_stream1_cr_chsel
                0x08007d8c       0x24 ./lib/src/stm32fxxxdma.o
                0x08007d8c                STM32FXXXDMA2_stream1_cr_chsel
 .text.STM32FXXXDMA2_stream1_cr_mburst
                0x08007db0       0x24 ./lib/src/stm32fxxxdma.o
                0x08007db0                STM32FXXXDMA2_stream1_cr_mburst
 .text.STM32FXXXDMA2_stream1_cr_pburst
                0x08007dd4       0x24 ./lib/src/stm32fxxxdma.o
                0x08007dd4                STM32FXXXDMA2_stream1_cr_pburst
 .text.STM32FXXXDMA2_stream1_cr_ct
                0x08007df8       0x24 ./lib/src/stm32fxxxdma.o
                0x08007df8                STM32FXXXDMA2_stream1_cr_ct
 .text.STM32FXXXDMA2_stream1_cr_dbm
                0x08007e1c       0x24 ./lib/src/stm32fxxxdma.o
                0x08007e1c                STM32FXXXDMA2_stream1_cr_dbm
 .text.STM32FXXXDMA2_stream1_cr_pl
                0x08007e40       0x24 ./lib/src/stm32fxxxdma.o
                0x08007e40                STM32FXXXDMA2_stream1_cr_pl
 .text.STM32FXXXDMA2_stream1_cr_pincos
                0x08007e64       0x24 ./lib/src/stm32fxxxdma.o
                0x08007e64                STM32FXXXDMA2_stream1_cr_pincos
 .text.STM32FXXXDMA2_stream1_cr_msize
                0x08007e88       0x24 ./lib/src/stm32fxxxdma.o
                0x08007e88                STM32FXXXDMA2_stream1_cr_msize
 .text.STM32FXXXDMA2_stream1_cr_psize
                0x08007eac       0x24 ./lib/src/stm32fxxxdma.o
                0x08007eac                STM32FXXXDMA2_stream1_cr_psize
 .text.STM32FXXXDMA2_stream1_cr_minc
                0x08007ed0       0x24 ./lib/src/stm32fxxxdma.o
                0x08007ed0                STM32FXXXDMA2_stream1_cr_minc
 .text.STM32FXXXDMA2_stream1_cr_pinc
                0x08007ef4       0x24 ./lib/src/stm32fxxxdma.o
                0x08007ef4                STM32FXXXDMA2_stream1_cr_pinc
 .text.STM32FXXXDMA2_stream1_cr_circ
                0x08007f18       0x24 ./lib/src/stm32fxxxdma.o
                0x08007f18                STM32FXXXDMA2_stream1_cr_circ
 .text.STM32FXXXDMA2_stream1_cr_dir
                0x08007f3c       0x24 ./lib/src/stm32fxxxdma.o
                0x08007f3c                STM32FXXXDMA2_stream1_cr_dir
 .text.STM32FXXXDMA2_stream1_cr_pfctrl
                0x08007f60       0x24 ./lib/src/stm32fxxxdma.o
                0x08007f60                STM32FXXXDMA2_stream1_cr_pfctrl
 .text.STM32FXXXDMA2_stream1_cr_tcie
                0x08007f84       0x24 ./lib/src/stm32fxxxdma.o
                0x08007f84                STM32FXXXDMA2_stream1_cr_tcie
 .text.STM32FXXXDMA2_stream1_cr_htie
                0x08007fa8       0x24 ./lib/src/stm32fxxxdma.o
                0x08007fa8                STM32FXXXDMA2_stream1_cr_htie
 .text.STM32FXXXDMA2_stream1_cr_teie
                0x08007fcc       0x24 ./lib/src/stm32fxxxdma.o
                0x08007fcc                STM32FXXXDMA2_stream1_cr_teie
 .text.STM32FXXXDMA2_stream1_cr_dmeie
                0x08007ff0       0x24 ./lib/src/stm32fxxxdma.o
                0x08007ff0                STM32FXXXDMA2_stream1_cr_dmeie
 .text.STM32FXXXDMA2_stream1_cr_en
                0x08008014       0x24 ./lib/src/stm32fxxxdma.o
                0x08008014                STM32FXXXDMA2_stream1_cr_en
 .text.stm32fxxx_dma2_stream1_cr_inic
                0x08008038       0xd4 ./lib/src/stm32fxxxdma.o
                0x08008038                stm32fxxx_dma2_stream1_cr_inic
 .text.stm32fxxx_dma2_stream1_ndt
                0x0800810c       0x20 ./lib/src/stm32fxxxdma.o
                0x0800810c                stm32fxxx_dma2_stream1_ndt
 .text.stm32fxxx_dma2_stream1_par
                0x0800812c       0x20 ./lib/src/stm32fxxxdma.o
                0x0800812c                stm32fxxx_dma2_stream1_par
 .text.stm32fxxx_dma2_stream1_m0a
                0x0800814c       0x20 ./lib/src/stm32fxxxdma.o
                0x0800814c                stm32fxxx_dma2_stream1_m0a
 .text.stm32fxxx_dma2_stream1_m1a
                0x0800816c       0x20 ./lib/src/stm32fxxxdma.o
                0x0800816c                stm32fxxx_dma2_stream1_m1a
 .text.STM32FXXXDMA2_stream2_cr_chsel
                0x0800818c       0x24 ./lib/src/stm32fxxxdma.o
                0x0800818c                STM32FXXXDMA2_stream2_cr_chsel
 .text.STM32FXXXDMA2_stream2_cr_mburst
                0x080081b0       0x24 ./lib/src/stm32fxxxdma.o
                0x080081b0                STM32FXXXDMA2_stream2_cr_mburst
 .text.STM32FXXXDMA2_stream2_cr_pburst
                0x080081d4       0x24 ./lib/src/stm32fxxxdma.o
                0x080081d4                STM32FXXXDMA2_stream2_cr_pburst
 .text.STM32FXXXDMA2_stream2_cr_ct
                0x080081f8       0x24 ./lib/src/stm32fxxxdma.o
                0x080081f8                STM32FXXXDMA2_stream2_cr_ct
 .text.STM32FXXXDMA2_stream2_cr_dbm
                0x0800821c       0x24 ./lib/src/stm32fxxxdma.o
                0x0800821c                STM32FXXXDMA2_stream2_cr_dbm
 .text.STM32FXXXDMA2_stream2_cr_pl
                0x08008240       0x24 ./lib/src/stm32fxxxdma.o
                0x08008240                STM32FXXXDMA2_stream2_cr_pl
 .text.STM32FXXXDMA2_stream2_cr_pincos
                0x08008264       0x24 ./lib/src/stm32fxxxdma.o
                0x08008264                STM32FXXXDMA2_stream2_cr_pincos
 .text.STM32FXXXDMA2_stream2_cr_msize
                0x08008288       0x24 ./lib/src/stm32fxxxdma.o
                0x08008288                STM32FXXXDMA2_stream2_cr_msize
 .text.STM32FXXXDMA2_stream2_cr_psize
                0x080082ac       0x24 ./lib/src/stm32fxxxdma.o
                0x080082ac                STM32FXXXDMA2_stream2_cr_psize
 .text.STM32FXXXDMA2_stream2_cr_minc
                0x080082d0       0x24 ./lib/src/stm32fxxxdma.o
                0x080082d0                STM32FXXXDMA2_stream2_cr_minc
 .text.STM32FXXXDMA2_stream2_cr_pinc
                0x080082f4       0x24 ./lib/src/stm32fxxxdma.o
                0x080082f4                STM32FXXXDMA2_stream2_cr_pinc
 .text.STM32FXXXDMA2_stream2_cr_circ
                0x08008318       0x24 ./lib/src/stm32fxxxdma.o
                0x08008318                STM32FXXXDMA2_stream2_cr_circ
 .text.STM32FXXXDMA2_stream2_cr_dir
                0x0800833c       0x24 ./lib/src/stm32fxxxdma.o
                0x0800833c                STM32FXXXDMA2_stream2_cr_dir
 .text.STM32FXXXDMA2_stream2_cr_pfctrl
                0x08008360       0x24 ./lib/src/stm32fxxxdma.o
                0x08008360                STM32FXXXDMA2_stream2_cr_pfctrl
 .text.STM32FXXXDMA2_stream2_cr_tcie
                0x08008384       0x24 ./lib/src/stm32fxxxdma.o
                0x08008384                STM32FXXXDMA2_stream2_cr_tcie
 .text.STM32FXXXDMA2_stream2_cr_htie
                0x080083a8       0x24 ./lib/src/stm32fxxxdma.o
                0x080083a8                STM32FXXXDMA2_stream2_cr_htie
 .text.STM32FXXXDMA2_stream2_cr_teie
                0x080083cc       0x24 ./lib/src/stm32fxxxdma.o
                0x080083cc                STM32FXXXDMA2_stream2_cr_teie
 .text.STM32FXXXDMA2_stream2_cr_dmeie
                0x080083f0       0x24 ./lib/src/stm32fxxxdma.o
                0x080083f0                STM32FXXXDMA2_stream2_cr_dmeie
 .text.STM32FXXXDMA2_stream2_cr_en
                0x08008414       0x24 ./lib/src/stm32fxxxdma.o
                0x08008414                STM32FXXXDMA2_stream2_cr_en
 .text.stm32fxxx_dma2_stream2_cr_inic
                0x08008438       0xd4 ./lib/src/stm32fxxxdma.o
                0x08008438                stm32fxxx_dma2_stream2_cr_inic
 .text.stm32fxxx_dma2_stream2_ndt
                0x0800850c       0x20 ./lib/src/stm32fxxxdma.o
                0x0800850c                stm32fxxx_dma2_stream2_ndt
 .text.stm32fxxx_dma2_stream2_par
                0x0800852c       0x20 ./lib/src/stm32fxxxdma.o
                0x0800852c                stm32fxxx_dma2_stream2_par
 .text.stm32fxxx_dma2_stream2_m0a
                0x0800854c       0x20 ./lib/src/stm32fxxxdma.o
                0x0800854c                stm32fxxx_dma2_stream2_m0a
 .text.stm32fxxx_dma2_stream2_m1a
                0x0800856c       0x20 ./lib/src/stm32fxxxdma.o
                0x0800856c                stm32fxxx_dma2_stream2_m1a
 .text.STM32FXXXDMA2_stream3_cr_chsel
                0x0800858c       0x24 ./lib/src/stm32fxxxdma.o
                0x0800858c                STM32FXXXDMA2_stream3_cr_chsel
 .text.STM32FXXXDMA2_stream3_cr_mburst
                0x080085b0       0x24 ./lib/src/stm32fxxxdma.o
                0x080085b0                STM32FXXXDMA2_stream3_cr_mburst
 .text.STM32FXXXDMA2_stream3_cr_pburst
                0x080085d4       0x24 ./lib/src/stm32fxxxdma.o
                0x080085d4                STM32FXXXDMA2_stream3_cr_pburst
 .text.STM32FXXXDMA2_stream3_cr_ct
                0x080085f8       0x24 ./lib/src/stm32fxxxdma.o
                0x080085f8                STM32FXXXDMA2_stream3_cr_ct
 .text.STM32FXXXDMA2_stream3_cr_dbm
                0x0800861c       0x24 ./lib/src/stm32fxxxdma.o
                0x0800861c                STM32FXXXDMA2_stream3_cr_dbm
 .text.STM32FXXXDMA2_stream3_cr_pl
                0x08008640       0x24 ./lib/src/stm32fxxxdma.o
                0x08008640                STM32FXXXDMA2_stream3_cr_pl
 .text.STM32FXXXDMA2_stream3_cr_pincos
                0x08008664       0x24 ./lib/src/stm32fxxxdma.o
                0x08008664                STM32FXXXDMA2_stream3_cr_pincos
 .text.STM32FXXXDMA2_stream3_cr_msize
                0x08008688       0x24 ./lib/src/stm32fxxxdma.o
                0x08008688                STM32FXXXDMA2_stream3_cr_msize
 .text.STM32FXXXDMA2_stream3_cr_psize
                0x080086ac       0x24 ./lib/src/stm32fxxxdma.o
                0x080086ac                STM32FXXXDMA2_stream3_cr_psize
 .text.STM32FXXXDMA2_stream3_cr_minc
                0x080086d0       0x24 ./lib/src/stm32fxxxdma.o
                0x080086d0                STM32FXXXDMA2_stream3_cr_minc
 .text.STM32FXXXDMA2_stream3_cr_pinc
                0x080086f4       0x24 ./lib/src/stm32fxxxdma.o
                0x080086f4                STM32FXXXDMA2_stream3_cr_pinc
 .text.STM32FXXXDMA2_stream3_cr_circ
                0x08008718       0x24 ./lib/src/stm32fxxxdma.o
                0x08008718                STM32FXXXDMA2_stream3_cr_circ
 .text.STM32FXXXDMA2_stream3_cr_dir
                0x0800873c       0x24 ./lib/src/stm32fxxxdma.o
                0x0800873c                STM32FXXXDMA2_stream3_cr_dir
 .text.STM32FXXXDMA2_stream3_cr_pfctrl
                0x08008760       0x24 ./lib/src/stm32fxxxdma.o
                0x08008760                STM32FXXXDMA2_stream3_cr_pfctrl
 .text.STM32FXXXDMA2_stream3_cr_tcie
                0x08008784       0x24 ./lib/src/stm32fxxxdma.o
                0x08008784                STM32FXXXDMA2_stream3_cr_tcie
 .text.STM32FXXXDMA2_stream3_cr_htie
                0x080087a8       0x24 ./lib/src/stm32fxxxdma.o
                0x080087a8                STM32FXXXDMA2_stream3_cr_htie
 .text.STM32FXXXDMA2_stream3_cr_teie
                0x080087cc       0x24 ./lib/src/stm32fxxxdma.o
                0x080087cc                STM32FXXXDMA2_stream3_cr_teie
 .text.STM32FXXXDMA2_stream3_cr_dmeie
                0x080087f0       0x24 ./lib/src/stm32fxxxdma.o
                0x080087f0                STM32FXXXDMA2_stream3_cr_dmeie
 .text.STM32FXXXDMA2_stream3_cr_en
                0x08008814       0x24 ./lib/src/stm32fxxxdma.o
                0x08008814                STM32FXXXDMA2_stream3_cr_en
 .text.stm32fxxx_dma2_stream3_cr_inic
                0x08008838       0xd4 ./lib/src/stm32fxxxdma.o
                0x08008838                stm32fxxx_dma2_stream3_cr_inic
 .text.stm32fxxx_dma2_stream3_ndt
                0x0800890c       0x20 ./lib/src/stm32fxxxdma.o
                0x0800890c                stm32fxxx_dma2_stream3_ndt
 .text.stm32fxxx_dma2_stream3_par
                0x0800892c       0x20 ./lib/src/stm32fxxxdma.o
                0x0800892c                stm32fxxx_dma2_stream3_par
 .text.stm32fxxx_dma2_stream3_m0a
                0x0800894c       0x20 ./lib/src/stm32fxxxdma.o
                0x0800894c                stm32fxxx_dma2_stream3_m0a
 .text.stm32fxxx_dma2_stream3_m1a
                0x0800896c       0x20 ./lib/src/stm32fxxxdma.o
                0x0800896c                stm32fxxx_dma2_stream3_m1a
 .text.STM32FXXXDMA2_stream4_cr_chsel
                0x0800898c       0x24 ./lib/src/stm32fxxxdma.o
                0x0800898c                STM32FXXXDMA2_stream4_cr_chsel
 .text.STM32FXXXDMA2_stream4_cr_mburst
                0x080089b0       0x24 ./lib/src/stm32fxxxdma.o
                0x080089b0                STM32FXXXDMA2_stream4_cr_mburst
 .text.STM32FXXXDMA2_stream4_cr_pburst
                0x080089d4       0x24 ./lib/src/stm32fxxxdma.o
                0x080089d4                STM32FXXXDMA2_stream4_cr_pburst
 .text.STM32FXXXDMA2_stream4_cr_ct
                0x080089f8       0x24 ./lib/src/stm32fxxxdma.o
                0x080089f8                STM32FXXXDMA2_stream4_cr_ct
 .text.STM32FXXXDMA2_stream4_cr_dbm
                0x08008a1c       0x24 ./lib/src/stm32fxxxdma.o
                0x08008a1c                STM32FXXXDMA2_stream4_cr_dbm
 .text.STM32FXXXDMA2_stream4_cr_pl
                0x08008a40       0x24 ./lib/src/stm32fxxxdma.o
                0x08008a40                STM32FXXXDMA2_stream4_cr_pl
 .text.STM32FXXXDMA2_stream4_cr_pincos
                0x08008a64       0x24 ./lib/src/stm32fxxxdma.o
                0x08008a64                STM32FXXXDMA2_stream4_cr_pincos
 .text.STM32FXXXDMA2_stream4_cr_msize
                0x08008a88       0x24 ./lib/src/stm32fxxxdma.o
                0x08008a88                STM32FXXXDMA2_stream4_cr_msize
 .text.STM32FXXXDMA2_stream4_cr_psize
                0x08008aac       0x24 ./lib/src/stm32fxxxdma.o
                0x08008aac                STM32FXXXDMA2_stream4_cr_psize
 .text.STM32FXXXDMA2_stream4_cr_minc
                0x08008ad0       0x24 ./lib/src/stm32fxxxdma.o
                0x08008ad0                STM32FXXXDMA2_stream4_cr_minc
 .text.STM32FXXXDMA2_stream4_cr_pinc
                0x08008af4       0x24 ./lib/src/stm32fxxxdma.o
                0x08008af4                STM32FXXXDMA2_stream4_cr_pinc
 .text.STM32FXXXDMA2_stream4_cr_circ
                0x08008b18       0x24 ./lib/src/stm32fxxxdma.o
                0x08008b18                STM32FXXXDMA2_stream4_cr_circ
 .text.STM32FXXXDMA2_stream4_cr_dir
                0x08008b3c       0x24 ./lib/src/stm32fxxxdma.o
                0x08008b3c                STM32FXXXDMA2_stream4_cr_dir
 .text.STM32FXXXDMA2_stream4_cr_pfctrl
                0x08008b60       0x24 ./lib/src/stm32fxxxdma.o
                0x08008b60                STM32FXXXDMA2_stream4_cr_pfctrl
 .text.STM32FXXXDMA2_stream4_cr_tcie