../Library/Src/armquery.c:24:10:gethpre	16	static
../Library/Src/armquery.c:59:9:gethppre1	16	static
../Library/Src/armquery.c:82:9:gethppre2	16	static
../Library/Src/armquery.c:105:9:getrtcpre	8	static
../Library/Src/armquery.c:109:9:gethmco1pre	16	static
../Library/Src/armquery.c:132:9:gethmco2pre	16	static
../Library/Src/armquery.c:155:9:getpllm	8	static
../Library/Src/armquery.c:159:10:getplln	8	static
../Library/Src/armquery.c:163:9:getpllp	16	static
../Library/Src/armquery.c:185:9:getpllq	8	static
../Library/Src/armquery.c:189:9:getpllr	8	static
../Library/Src/armquery.c:193:10:getpllclk	16	static
../Library/Src/armquery.c:199:10:getsysclk	24	static
../Library/Src/armquery.c:227:28:System_prescaler_inic	4	static
../Library/Src/armquery.c:237:25:Pll_prescaler_inic	4	static
../Library/Src/armquery.c:246:16:query_enable	24	static
../Library/Src/armquery.c:255:17:query	4	static
../Library/Src/armquery.c:257:10:readreg	24	static
../Library/Src/armquery.c:265:6:writereg	32	static
../Library/Src/armquery.c:275:6:setreg	32	static
../Library/Src/armquery.c:283:10:getreg	24	static
../Library/Src/armquery.c:291:10:getsetbit	32	static
../Library/Src/armquery.c:301:6:setbit	32	static
../Library/Src/armquery.c:310:10:getbit	32	static
../Library/Src/armquery.c:321:6:setregposmsk	24	static
../Library/Src/armquery.c:328:10:getregposmsk	24	static
../Library/Src/armquery.c:334:6:STM32446RegSetBits	20	static
../Library/Src/armquery.c:346:6:STM32446RegResetBits	20	static
../Library/Src/armquery.c:358:6:STM32446VecSetup	40	static
../Library/Src/armquery.c:367:6:sethpins	16	static
../Library/Src/armquery.c:371:6:resethpins	16	static
../Library/Src/armquery.c:375:6:setpin	16	static
../Library/Src/armquery.c:379:6:resetpin	16	static
