../Library/Src/stm32fxxxflash.c:28:6:STM32FXXXFLASH_acr_dcrst	16	static
../Library/Src/stm32fxxxflash.c:32:6:STM32FXXXFLASH_acr_icrst	16	static
../Library/Src/stm32fxxxflash.c:36:6:STM32FXXXFLASH_acr_dcen	16	static
../Library/Src/stm32fxxxflash.c:40:6:STM32FXXXFLASH_acr_icen	16	static
../Library/Src/stm32fxxxflash.c:44:6:STM32FXXXFLASH_acr_prften	16	static
../Library/Src/stm32fxxxflash.c:48:6:STM32FXXXFLASH_acr_latency	16	static
../Library/Src/stm32fxxxflash.c:53:6:STM32FXXXFLASH_keyr_key	16	static
../Library/Src/stm32fxxxflash.c:58:6:STM32FXXXFLASH_optkeyr_optkey	16	static
../Library/Src/stm32fxxxflash.c:63:9:STM32FXXXFLASH_sr_bsy	8	static
../Library/Src/stm32fxxxflash.c:67:9:STM32FXXXFLASH_sr_rderr	8	static
../Library/Src/stm32fxxxflash.c:71:6:STM32FXXXFLASH_sr_clear_rderr	8	static
../Library/Src/stm32fxxxflash.c:75:9:STM32FXXXFLASH_sr_pgserr	8	static
../Library/Src/stm32fxxxflash.c:79:6:STM32FXXXFLASH_sr_clear_pgserr	8	static
../Library/Src/stm32fxxxflash.c:83:9:STM32FXXXFLASH_sr_pgperr	8	static
../Library/Src/stm32fxxxflash.c:87:6:STM32FXXXFLASH_sr_clear_pgperr	8	static
../Library/Src/stm32fxxxflash.c:91:9:STM32FXXXFLASH_sr_pgaerr	8	static
../Library/Src/stm32fxxxflash.c:95:6:STM32FXXXFLASH_sr_clear_pgaerr	8	static
../Library/Src/stm32fxxxflash.c:99:9:STM32FXXXFLASH_sr_wrperr	8	static
../Library/Src/stm32fxxxflash.c:103:6:STM32FXXXFLASH_sr_clear_wrperr	8	static
../Library/Src/stm32fxxxflash.c:107:9:STM32FXXXFLASH_sr_operr	8	static
../Library/Src/stm32fxxxflash.c:111:6:STM32FXXXFLASH_sr_clear_operr	8	static
../Library/Src/stm32fxxxflash.c:115:9:STM32FXXXFLASH_sr_eop	8	static
../Library/Src/stm32fxxxflash.c:119:6:STM32FXXXFLASH_sr_clear_eop	8	static
../Library/Src/stm32fxxxflash.c:124:6:STM32FXXXFLASH_cr_lock	8	static
../Library/Src/stm32fxxxflash.c:128:6:STM32FXXXFLASH_cr_errie	16	static
../Library/Src/stm32fxxxflash.c:132:6:STM32FXXXFLASH_cr_eopie	16	static
../Library/Src/stm32fxxxflash.c:136:6:STM32FXXXFLASH_cr_strt	8	static
../Library/Src/stm32fxxxflash.c:140:6:STM32FXXXFLASH_cr_psize	16	static
../Library/Src/stm32fxxxflash.c:144:6:STM32FXXXFLASH_cr_snb	16	static
../Library/Src/stm32fxxxflash.c:148:6:STM32FXXXFLASH_cr_mer	16	static
../Library/Src/stm32fxxxflash.c:152:6:STM32FXXXFLASH_cr_ser	16	static
../Library/Src/stm32fxxxflash.c:156:6:STM32FXXXFLASH_cr_pg	16	static
../Library/Src/stm32fxxxflash.c:161:6:STM32FXXXFLASH_optcr_sprmod	16	static
../Library/Src/stm32fxxxflash.c:165:6:STM32FXXXFLASH_optcr_n_wrp	16	static
../Library/Src/stm32fxxxflash.c:169:9:STM32FXXXFLASH_optcr_get_n_wrp	8	static
../Library/Src/stm32fxxxflash.c:173:6:STM32FXXXFLASH_optcr_rdp	16	static
../Library/Src/stm32fxxxflash.c:177:9:STM32FXXXFLASH_optcr_get_rdp	8	static
../Library/Src/stm32fxxxflash.c:181:6:STM32FXXXFLASH_optcr_nrst_stdby	16	static
../Library/Src/stm32fxxxflash.c:185:6:STM32FXXXFLASH_optcr_nrst_stop	16	static
../Library/Src/stm32fxxxflash.c:189:6:STM32FXXXFLASH_optcr_wdg_sw	16	static
../Library/Src/stm32fxxxflash.c:193:6:STM32FXXXFLASH_optcr_bor_lev	16	static
../Library/Src/stm32fxxxflash.c:197:6:STM32FXXXFLASH_optcr_optstrt	16	static
../Library/Src/stm32fxxxflash.c:201:6:STM32FXXXFLASH_optcr_optlock	16	static
../Library/Src/stm32fxxxflash.c:206:6:STM32FXXXFLASH_nvic	16	static
../Library/Src/stm32fxxxflash.c:211:21:stm32fxxx_flash_acr_inic	4	static
../Library/Src/stm32fxxxflash.c:223:20:stm32fxxx_flash_sr_inic	4	static
../Library/Src/stm32fxxxflash.c:244:20:stm32fxxx_flash_cr_inic	4	static
../Library/Src/stm32fxxxflash.c:259:23:stm32fxxx_flash_optcr_inic	4	static
../Library/Src/stm32fxxxflash.c:277:19:flash_enable	24	static
../Library/Src/stm32fxxxflash.c:294:20:flash	4	static
