../Library/Src/stm32fxxxtim2to5.c:106:6:STM32FXXXTim2Clock	16	static
../Library/Src/stm32fxxxtim2to5.c:110:6:STM32FXXXTim2Nvic	16	static
../Library/Src/stm32fxxxtim2to5.c:118:6:STM32FXXXTim2_ckd	16	static
../Library/Src/stm32fxxxtim2to5.c:122:9:STM32FXXXTim2_get_ckd	8	static
../Library/Src/stm32fxxxtim2to5.c:126:6:STM32FXXXTim2_set_apre	16	static
../Library/Src/stm32fxxxtim2to5.c:130:6:STM32FXXXTim2_set_cms	16	static
../Library/Src/stm32fxxxtim2to5.c:134:6:STM32FXXXTim2_set_dir	16	static
../Library/Src/stm32fxxxtim2to5.c:138:6:STM32FXXXTim2_set_opm	16	static
../Library/Src/stm32fxxxtim2to5.c:142:6:STM32FXXXTim2_set_urs	16	static
../Library/Src/stm32fxxxtim2to5.c:146:6:STM32FXXXTim2_set_udis	16	static
../Library/Src/stm32fxxxtim2to5.c:150:6:STM32FXXXTim2_cen	16	static
../Library/Src/stm32fxxxtim2to5.c:155:6:STM32FXXXTim2_ti1s	16	static
../Library/Src/stm32fxxxtim2to5.c:159:6:STM32FXXXTim2_mms	16	static
../Library/Src/stm32fxxxtim2to5.c:163:6:STM32FXXXTim2_ccds	16	static
../Library/Src/stm32fxxxtim2to5.c:168:6:STM32FXXXTim2_etp	16	static
../Library/Src/stm32fxxxtim2to5.c:172:6:STM32FXXXTim2_ece	16	static
../Library/Src/stm32fxxxtim2to5.c:176:6:STM32FXXXTim2_etps	16	static
../Library/Src/stm32fxxxtim2to5.c:180:6:STM32FXXXTim2_etf	16	static
../Library/Src/stm32fxxxtim2to5.c:184:6:STM32FXXXTim2_msm	16	static
../Library/Src/stm32fxxxtim2to5.c:188:6:STM32FXXXTim2_ts	16	static
../Library/Src/stm32fxxxtim2to5.c:192:6:STM32FXXXTim2_sms	16	static
../Library/Src/stm32fxxxtim2to5.c:197:6:STM32FXXXTim2_tde	16	static
../Library/Src/stm32fxxxtim2to5.c:201:6:STM32FXXXTim2_cc4de	16	static
../Library/Src/stm32fxxxtim2to5.c:205:6:STM32FXXXTim2_cc3de	16	static
../Library/Src/stm32fxxxtim2to5.c:209:6:STM32FXXXTim2_cc2de	16	static
../Library/Src/stm32fxxxtim2to5.c:213:6:STM32FXXXTim2_cc1de	16	static
../Library/Src/stm32fxxxtim2to5.c:217:6:STM32FXXXTim2_ude	16	static
../Library/Src/stm32fxxxtim2to5.c:221:6:STM32FXXXTim2_tie	16	static
../Library/Src/stm32fxxxtim2to5.c:225:6:STM32FXXXTim2_cc4ie	16	static
../Library/Src/stm32fxxxtim2to5.c:229:6:STM32FXXXTim2_cc3ie	16	static
../Library/Src/stm32fxxxtim2to5.c:233:6:STM32FXXXTim2_cc2ie	16	static
../Library/Src/stm32fxxxtim2to5.c:237:6:STM32FXXXTim2_cc1ie	16	static
../Library/Src/stm32fxxxtim2to5.c:241:6:STM32FXXXTim2_uie	16	static
../Library/Src/stm32fxxxtim2to5.c:246:9:STM32FXXXTim2_cc4of	8	static
../Library/Src/stm32fxxxtim2to5.c:250:6:STM32FXXXTim2_clear_cc4of	8	static
../Library/Src/stm32fxxxtim2to5.c:254:9:STM32FXXXTim2_cc3of	8	static
../Library/Src/stm32fxxxtim2to5.c:258:6:STM32FXXXTim2_clear_cc3of	8	static
../Library/Src/stm32fxxxtim2to5.c:262:9:STM32FXXXTim2_cc2of	8	static
../Library/Src/stm32fxxxtim2to5.c:266:6:STM32FXXXTim2_clear_cc2of	8	static
../Library/Src/stm32fxxxtim2to5.c:270:9:STM32FXXXTim2_cc1of	8	static
../Library/Src/stm32fxxxtim2to5.c:274:6:STM32FXXXTim2_clear_cc1of	8	static
../Library/Src/stm32fxxxtim2to5.c:278:9:STM32FXXXTim2_tif	8	static
../Library/Src/stm32fxxxtim2to5.c:282:6:STM32FXXXTim2_clear_tif	8	static
../Library/Src/stm32fxxxtim2to5.c:286:9:STM32FXXXTim2_cc4if	8	static
../Library/Src/stm32fxxxtim2to5.c:290:6:STM32FXXXTim2_clear_cc4if	8	static
../Library/Src/stm32fxxxtim2to5.c:294:9:STM32FXXXTim2_cc3if	8	static
../Library/Src/stm32fxxxtim2to5.c:298:6:STM32FXXXTim2_clear_cc3if	8	static
../Library/Src/stm32fxxxtim2to5.c:302:9:STM32FXXXTim2_cc2if	8	static
../Library/Src/stm32fxxxtim2to5.c:306:6:STM32FXXXTim2_clear_cc2if	8	static
../Library/Src/stm32fxxxtim2to5.c:310:9:STM32FXXXTim2_cc1if	8	static
../Library/Src/stm32fxxxtim2to5.c:314:6:STM32FXXXTim2_clear_cc1if	8	static
../Library/Src/stm32fxxxtim2to5.c:318:9:STM32FXXXTim2_uif	8	static
../Library/Src/stm32fxxxtim2to5.c:322:6:STM32FXXXTim2_clear_uif	8	static
../Library/Src/stm32fxxxtim2to5.c:327:6:STM32FXXXTim2_tg	8	static
../Library/Src/stm32fxxxtim2to5.c:331:6:STM32FXXXTim2_cc4g	8	static
../Library/Src/stm32fxxxtim2to5.c:335:6:STM32FXXXTim2_cc3g	8	static
../Library/Src/stm32fxxxtim2to5.c:339:6:STM32FXXXTim2_cc2g	8	static
../Library/Src/stm32fxxxtim2to5.c:343:6:STM32FXXXTim2_cc1g	8	static
../Library/Src/stm32fxxxtim2to5.c:347:6:STM32FXXXTim2_ug	8	static
../Library/Src/stm32fxxxtim2to5.c:352:6:STM32FXXXTim2_oc2ce	16	static
../Library/Src/stm32fxxxtim2to5.c:356:6:STM32FXXXTim2_oc2m	16	static
../Library/Src/stm32fxxxtim2to5.c:360:6:STM32FXXXTim2_ic2f	16	static
../Library/Src/stm32fxxxtim2to5.c:364:6:STM32FXXXTim2_oc2pe	16	static
../Library/Src/stm32fxxxtim2to5.c:368:6:STM32FXXXTim2_oc2fe	16	static
../Library/Src/stm32fxxxtim2to5.c:372:6:STM32FXXXTim2_ic2psc	16	static
../Library/Src/stm32fxxxtim2to5.c:376:6:STM32FXXXTim2_cc2s	16	static
../Library/Src/stm32fxxxtim2to5.c:380:6:STM32FXXXTim2_oc1ce	16	static
../Library/Src/stm32fxxxtim2to5.c:384:6:STM32FXXXTim2_oc1m	16	static
../Library/Src/stm32fxxxtim2to5.c:388:6:STM32FXXXTim2_ic1f	16	static
../Library/Src/stm32fxxxtim2to5.c:392:6:STM32FXXXTim2_oc1pe	16	static
../Library/Src/stm32fxxxtim2to5.c:396:6:STM32FXXXTim2_oc1fe	16	static
../Library/Src/stm32fxxxtim2to5.c:400:6:STM32FXXXTim2_ic1psc	16	static
../Library/Src/stm32fxxxtim2to5.c:404:6:STM32FXXXTim2_cc1s	16	static
../Library/Src/stm32fxxxtim2to5.c:409:6:STM32FXXXTim2_oc4ce	16	static
../Library/Src/stm32fxxxtim2to5.c:413:6:STM32FXXXTim2_oc4m	16	static
../Library/Src/stm32fxxxtim2to5.c:417:6:STM32FXXXTim2_ic4f	16	static
../Library/Src/stm32fxxxtim2to5.c:421:6:STM32FXXXTim2_oc4pe	16	static
../Library/Src/stm32fxxxtim2to5.c:425:6:STM32FXXXTim2_oc4fe	16	static
../Library/Src/stm32fxxxtim2to5.c:429:6:STM32FXXXTim2_ic4psc	16	static
../Library/Src/stm32fxxxtim2to5.c:433:6:STM32FXXXTim2_cc4s	16	static
../Library/Src/stm32fxxxtim2to5.c:437:6:STM32FXXXTim2_oc3ce	16	static
../Library/Src/stm32fxxxtim2to5.c:441:6:STM32FXXXTim2_oc3m	16	static
../Library/Src/stm32fxxxtim2to5.c:445:6:STM32FXXXTim2_ic3f	16	static
../Library/Src/stm32fxxxtim2to5.c:449:6:STM32FXXXTim2_oc3pe	16	static
../Library/Src/stm32fxxxtim2to5.c:453:6:STM32FXXXTim2_oc3fe	16	static
../Library/Src/stm32fxxxtim2to5.c:457:6:STM32FXXXTim2_ic3psc	16	static
../Library/Src/stm32fxxxtim2to5.c:461:6:STM32FXXXTim2_cc3s	16	static
../Library/Src/stm32fxxxtim2to5.c:466:6:STM32FXXXTim2_cc4np	16	static
../Library/Src/stm32fxxxtim2to5.c:470:6:STM32FXXXTim2_cc4p	16	static
../Library/Src/stm32fxxxtim2to5.c:474:6:STM32FXXXTim2_cc4e	16	static
../Library/Src/stm32fxxxtim2to5.c:478:6:STM32FXXXTim2_cc3np	16	static
../Library/Src/stm32fxxxtim2to5.c:482:6:STM32FXXXTim2_cc3p	16	static
../Library/Src/stm32fxxxtim2to5.c:486:6:STM32FXXXTim2_cc3e	16	static
../Library/Src/stm32fxxxtim2to5.c:490:6:STM32FXXXTim2_cc2np	16	static
../Library/Src/stm32fxxxtim2to5.c:494:6:STM32FXXXTim2_cc2p	16	static
../Library/Src/stm32fxxxtim2to5.c:498:6:STM32FXXXTim2_cc2e	16	static
../Library/Src/stm32fxxxtim2to5.c:502:6:STM32FXXXTim2_cc1np	16	static
../Library/Src/stm32fxxxtim2to5.c:506:6:STM32FXXXTim2_cc1p	16	static
../Library/Src/stm32fxxxtim2to5.c:510:6:STM32FXXXTim2_cc1e	16	static
../Library/Src/stm32fxxxtim2to5.c:515:6:STM32FXXXTim2_cnt	16	static
../Library/Src/stm32fxxxtim2to5.c:519:10:STM32FXXXTim2_get_cnt	4	static
../Library/Src/stm32fxxxtim2to5.c:524:6:STM32FXXXTim2_psc	16	static
../Library/Src/stm32fxxxtim2to5.c:529:6:STM32FXXXTim2_arr	16	static
../Library/Src/stm32fxxxtim2to5.c:534:6:STM32FXXXTim2_ccr1	16	static
../Library/Src/stm32fxxxtim2to5.c:539:6:STM32FXXXTim2_ccr2	16	static
../Library/Src/stm32fxxxtim2to5.c:544:6:STM32FXXXTim2_ccr3	16	static
../Library/Src/stm32fxxxtim2to5.c:549:6:STM32FXXXTim2_ccr4	16	static
../Library/Src/stm32fxxxtim2to5.c:554:6:STM32FXXXTim2_dbl	16	static
../Library/Src/stm32fxxxtim2to5.c:558:6:STM32FXXXTim2_dba	16	static
../Library/Src/stm32fxxxtim2to5.c:563:6:STM32FXXXTim2_dmab	16	static
../Library/Src/stm32fxxxtim2to5.c:567:10:STM32FXXXTim2_get_dmab	4	static
../Library/Src/stm32fxxxtim2to5.c:572:6:STM32FXXXTim2_itr1_rmp	16	static
../Library/Src/stm32fxxxtim2to5.c:579:6:STM32FXXXTim3Clock	16	static
../Library/Src/stm32fxxxtim2to5.c:583:6:STM32FXXXTim3Nvic	16	static
../Library/Src/stm32fxxxtim2to5.c:591:6:STM32FXXXTim3_ckd	16	static
../Library/Src/stm32fxxxtim2to5.c:595:9:STM32FXXXTim3_get_ckd	8	static
../Library/Src/stm32fxxxtim2to5.c:599:6:STM32FXXXTim3_set_apre	16	static
../Library/Src/stm32fxxxtim2to5.c:603:6:STM32FXXXTim3_set_cms	16	static
../Library/Src/stm32fxxxtim2to5.c:607:6:STM32FXXXTim3_set_dir	16	static
../Library/Src/stm32fxxxtim2to5.c:611:6:STM32FXXXTim3_set_opm	16	static
../Library/Src/stm32fxxxtim2to5.c:615:6:STM32FXXXTim3_set_urs	16	static
../Library/Src/stm32fxxxtim2to5.c:619:6:STM32FXXXTim3_set_udis	16	static
../Library/Src/stm32fxxxtim2to5.c:623:6:STM32FXXXTim3_cen	16	static
../Library/Src/stm32fxxxtim2to5.c:628:6:STM32FXXXTim3_ti1s	16	static
../Library/Src/stm32fxxxtim2to5.c:632:6:STM32FXXXTim3_mms	16	static
../Library/Src/stm32fxxxtim2to5.c:636:6:STM32FXXXTim3_ccds	16	static
../Library/Src/stm32fxxxtim2to5.c:641:6:STM32FXXXTim3_etp	16	static
../Library/Src/stm32fxxxtim2to5.c:645:6:STM32FXXXTim3_ece	16	static
../Library/Src/stm32fxxxtim2to5.c:649:6:STM32FXXXTim3_etps	16	static
../Library/Src/stm32fxxxtim2to5.c:653:6:STM32FXXXTim3_etf	16	static
../Library/Src/stm32fxxxtim2to5.c:657:6:STM32FXXXTim3_msm	16	static
../Library/Src/stm32fxxxtim2to5.c:661:6:STM32FXXXTim3_ts	16	static
../Library/Src/stm32fxxxtim2to5.c:665:6:STM32FXXXTim3_sms	16	static
../Library/Src/stm32fxxxtim2to5.c:670:6:STM32FXXXTim3_tde	16	static
../Library/Src/stm32fxxxtim2to5.c:674:6:STM32FXXXTim3_cc4de	16	static
../Library/Src/stm32fxxxtim2to5.c:678:6:STM32FXXXTim3_cc3de	16	static
../Library/Src/stm32fxxxtim2to5.c:682:6:STM32FXXXTim3_cc2de	16	static
../Library/Src/stm32fxxxtim2to5.c:686:6:STM32FXXXTim3_cc1de	16	static
../Library/Src/stm32fxxxtim2to5.c:690:6:STM32FXXXTim3_ude	16	static
../Library/Src/stm32fxxxtim2to5.c:694:6:STM32FXXXTim3_tie	16	static
../Library/Src/stm32fxxxtim2to5.c:698:6:STM32FXXXTim3_cc4ie	16	static
../Library/Src/stm32fxxxtim2to5.c:702:6:STM32FXXXTim3_cc3ie	16	static
../Library/Src/stm32fxxxtim2to5.c:706:6:STM32FXXXTim3_cc2ie	16	static
../Library/Src/stm32fxxxtim2to5.c:710:6:STM32FXXXTim3_cc1ie	16	static
../Library/Src/stm32fxxxtim2to5.c:714:6:STM32FXXXTim3_uie	16	static
../Library/Src/stm32fxxxtim2to5.c:719:9:STM32FXXXTim3_cc4of	8	static
../Library/Src/stm32fxxxtim2to5.c:723:6:STM32FXXXTim3_clear_cc4of	8	static
../Library/Src/stm32fxxxtim2to5.c:727:9:STM32FXXXTim3_cc3of	8	static
../Library/Src/stm32fxxxtim2to5.c:731:6:STM32FXXXTim3_clear_cc3of	8	static
../Library/Src/stm32fxxxtim2to5.c:735:9:STM32FXXXTim3_cc2of	8	static
../Library/Src/stm32fxxxtim2to5.c:739:6:STM32FXXXTim3_clear_cc2of	8	static
../Library/Src/stm32fxxxtim2to5.c:743:9:STM32FXXXTim3_cc1of	8	static
../Library/Src/stm32fxxxtim2to5.c:747:6:STM32FXXXTim3_clear_cc1of	8	static
../Library/Src/stm32fxxxtim2to5.c:751:9:STM32FXXXTim3_tif	8	static
../Library/Src/stm32fxxxtim2to5.c:755:6:STM32FXXXTim3_clear_tif	8	static
../Library/Src/stm32fxxxtim2to5.c:759:9:STM32FXXXTim3_cc4if	8	static
../Library/Src/stm32fxxxtim2to5.c:763:6:STM32FXXXTim3_clear_cc4if	8	static
../Library/Src/stm32fxxxtim2to5.c:767:9:STM32FXXXTim3_cc3if	8	static
../Library/Src/stm32fxxxtim2to5.c:771:6:STM32FXXXTim3_clear_cc3if	8	static
../Library/Src/stm32fxxxtim2to5.c:775:9:STM32FXXXTim3_cc2if	8	static
../Library/Src/stm32fxxxtim2to5.c:779:6:STM32FXXXTim3_clear_cc2if	8	static
../Library/Src/stm32fxxxtim2to5.c:783:9:STM32FXXXTim3_cc1if	8	static
../Library/Src/stm32fxxxtim2to5.c:787:6:STM32FXXXTim3_clear_cc1if	8	static
../Library/Src/stm32fxxxtim2to5.c:791:9:STM32FXXXTim3_uif	8	static
../Library/Src/stm32fxxxtim2to5.c:795:6:STM32FXXXTim3_clear_uif	8	static
../Library/Src/stm32fxxxtim2to5.c:800:6:STM32FXXXTim3_tg	8	static
../Library/Src/stm32fxxxtim2to5.c:804:6:STM32FXXXTim3_cc4g	8	static
../Library/Src/stm32fxxxtim2to5.c:808:6:STM32FXXXTim3_cc3g	8	static
../Library/Src/stm32fxxxtim2to5.c:812:6:STM32FXXXTim3_cc2g	8	static
../Library/Src/stm32fxxxtim2to5.c:816:6:STM32FXXXTim3_cc1g	8	static
../Library/Src/stm32fxxxtim2to5.c:820:6:STM32FXXXTim3_ug	8	static
../Library/Src/stm32fxxxtim2to5.c:825:6:STM32FXXXTim3_oc2ce	16	static
../Library/Src/stm32fxxxtim2to5.c:829:6:STM32FXXXTim3_oc2m	16	static
../Library/Src/stm32fxxxtim2to5.c:833:6:STM32FXXXTim3_ic2f	16	static
../Library/Src/stm32fxxxtim2to5.c:837:6:STM32FXXXTim3_oc2pe	16	static
../Library/Src/stm32fxxxtim2to5.c:841:6:STM32FXXXTim3_oc2fe	16	static
../Library/Src/stm32fxxxtim2to5.c:845:6:STM32FXXXTim3_ic2psc	16	static
../Library/Src/stm32fxxxtim2to5.c:849:6:STM32FXXXTim3_cc2s	16	static
../Library/Src/stm32fxxxtim2to5.c:853:6:STM32FXXXTim3_oc1ce	16	static
../Library/Src/stm32fxxxtim2to5.c:857:6:STM32FXXXTim3_oc1m	16	static
../Library/Src/stm32fxxxtim2to5.c:861:6:STM32FXXXTim3_ic1f	16	static
../Library/Src/stm32fxxxtim2to5.c:865:6:STM32FXXXTim3_oc1pe	16	static
../Library/Src/stm32fxxxtim2to5.c:869:6:STM32FXXXTim3_oc1fe	16	static
../Library/Src/stm32fxxxtim2to5.c:873:6:STM32FXXXTim3_ic1psc	16	static
../Library/Src/stm32fxxxtim2to5.c:877:6:STM32FXXXTim3_cc1s	16	static
../Library/Src/stm32fxxxtim2to5.c:882:6:STM32FXXXTim3_oc4ce	16	static
../Library/Src/stm32fxxxtim2to5.c:886:6:STM32FXXXTim3_oc4m	16	static
../Library/Src/stm32fxxxtim2to5.c:890:6:STM32FXXXTim3_ic4f	16	static
../Library/Src/stm32fxxxtim2to5.c:894:6:STM32FXXXTim3_oc4pe	16	static
../Library/Src/stm32fxxxtim2to5.c:898:6:STM32FXXXTim3_oc4fe	16	static
../Library/Src/stm32fxxxtim2to5.c:902:6:STM32FXXXTim3_ic4psc	16	static
../Library/Src/stm32fxxxtim2to5.c:906:6:STM32FXXXTim3_cc4s	16	static
../Library/Src/stm32fxxxtim2to5.c:910:6:STM32FXXXTim3_oc3ce	16	static
../Library/Src/stm32fxxxtim2to5.c:914:6:STM32FXXXTim3_oc3m	16	static
../Library/Src/stm32fxxxtim2to5.c:918:6:STM32FXXXTim3_ic3f	16	static
../Library/Src/stm32fxxxtim2to5.c:922:6:STM32FXXXTim3_oc3pe	16	static
../Library/Src/stm32fxxxtim2to5.c:926:6:STM32FXXXTim3_oc3fe	16	static
../Library/Src/stm32fxxxtim2to5.c:930:6:STM32FXXXTim3_ic3psc	16	static
../Library/Src/stm32fxxxtim2to5.c:934:6:STM32FXXXTim3_cc3s	16	static
../Library/Src/stm32fxxxtim2to5.c:939:6:STM32FXXXTim3_cc4np	16	static
../Library/Src/stm32fxxxtim2to5.c:943:6:STM32FXXXTim3_cc4p	16	static
../Library/Src/stm32fxxxtim2to5.c:947:6:STM32FXXXTim3_cc4e	16	static
../Library/Src/stm32fxxxtim2to5.c:951:6:STM32FXXXTim3_cc3np	16	static
../Library/Src/stm32fxxxtim2to5.c:955:6:STM32FXXXTim3_cc3p	16	static
../Library/Src/stm32fxxxtim2to5.c:959:6:STM32FXXXTim3_cc3e	16	static
../Library/Src/stm32fxxxtim2to5.c:963:6:STM32FXXXTim3_cc2np	16	static
../Library/Src/stm32fxxxtim2to5.c:967:6:STM32FXXXTim3_cc2p	16	static
../Library/Src/stm32fxxxtim2to5.c:971:6:STM32FXXXTim3_cc2e	16	static
../Library/Src/stm32fxxxtim2to5.c:975:6:STM32FXXXTim3_cc1np	16	static
../Library/Src/stm32fxxxtim2to5.c:979:6:STM32FXXXTim3_cc1p	16	static
../Library/Src/stm32fxxxtim2to5.c:983:6:STM32FXXXTim3_cc1e	16	static
../Library/Src/stm32fxxxtim2to5.c:988:6:STM32FXXXTim3_cnt	16	static
../Library/Src/stm32fxxxtim2to5.c:992:10:STM32FXXXTim3_get_cnt	4	static
../Library/Src/stm32fxxxtim2to5.c:997:6:STM32FXXXTim3_psc	16	static
../Library/Src/stm32fxxxtim2to5.c:1002:6:STM32FXXXTim3_arr	16	static
../Library/Src/stm32fxxxtim2to5.c:1007:6:STM32FXXXTim3_ccr1	16	static
../Library/Src/stm32fxxxtim2to5.c:1012:6:STM32FXXXTim3_ccr2	16	static
../Library/Src/stm32fxxxtim2to5.c:1017:6:STM32FXXXTim3_ccr3	16	static
../Library/Src/stm32fxxxtim2to5.c:1022:6:STM32FXXXTim3_ccr4	16	static
../Library/Src/stm32fxxxtim2to5.c:1027:6:STM32FXXXTim3_dbl	16	static
../Library/Src/stm32fxxxtim2to5.c:1031:6:STM32FXXXTim3_dba	16	static
../Library/Src/stm32fxxxtim2to5.c:1036:6:STM32FXXXTim3_dmab	16	static
../Library/Src/stm32fxxxtim2to5.c:1040:10:STM32FXXXTim3_get_dmab	4	static
../Library/Src/stm32fxxxtim2to5.c:1047:6:STM32FXXXTim4Clock	16	static
../Library/Src/stm32fxxxtim2to5.c:1051:6:STM32FXXXTim4Nvic	16	static
../Library/Src/stm32fxxxtim2to5.c:1059:6:STM32FXXXTim4_ckd	16	static
../Library/Src/stm32fxxxtim2to5.c:1063:9:STM32FXXXTim4_get_ckd	8	static
../Library/Src/stm32fxxxtim2to5.c:1067:6:STM32FXXXTim4_set_apre	16	static
../Library/Src/stm32fxxxtim2to5.c:1071:6:STM32FXXXTim4_set_cms	16	static
../Library/Src/stm32fxxxtim2to5.c:1075:6:STM32FXXXTim4_set_dir	16	static
../Library/Src/stm32fxxxtim2to5.c:1079:6:STM32FXXXTim4_set_opm	16	static
../Library/Src/stm32fxxxtim2to5.c:1083:6:STM32FXXXTim4_set_urs	16	static
../Library/Src/stm32fxxxtim2to5.c:1087:6:STM32FXXXTim4_set_udis	16	static
../Library/Src/stm32fxxxtim2to5.c:1091:6:STM32FXXXTim4_cen	16	static
../Library/Src/stm32fxxxtim2to5.c:1096:6:STM32FXXXTim4_ti1s	16	static
../Library/Src/stm32fxxxtim2to5.c:1100:6:STM32FXXXTim4_mms	16	static
../Library/Src/stm32fxxxtim2to5.c:1104:6:STM32FXXXTim4_ccds	16	static
../Library/Src/stm32fxxxtim2to5.c:1109:6:STM32FXXXTim4_etp	16	static
../Library/Src/stm32fxxxtim2to5.c:1113:6:STM32FXXXTim4_ece	16	static
../Library/Src/stm32fxxxtim2to5.c:1117:6:STM32FXXXTim4_etps	16	static
../Library/Src/stm32fxxxtim2to5.c:1121:6:STM32FXXXTim4_etf	16	static
../Library/Src/stm32fxxxtim2to5.c:1125:6:STM32FXXXTim4_msm	16	static
../Library/Src/stm32fxxxtim2to5.c:1129:6:STM32FXXXTim4_ts	16	static
../Library/Src/stm32fxxxtim2to5.c:1133:6:STM32FXXXTim4_sms	16	static
../Library/Src/stm32fxxxtim2to5.c:1138:6:STM32FXXXTim4_tde	16	static
../Library/Src/stm32fxxxtim2to5.c:1142:6:STM32FXXXTim4_cc4de	16	static
../Library/Src/stm32fxxxtim2to5.c:1146:6:STM32FXXXTim4_cc3de	16	static
../Library/Src/stm32fxxxtim2to5.c:1150:6:STM32FXXXTim4_cc2de	16	static
../Library/Src/stm32fxxxtim2to5.c:1154:6:STM32FXXXTim4_cc1de	16	static
../Library/Src/stm32fxxxtim2to5.c:1158:6:STM32FXXXTim4_ude	16	static
../Library/Src/stm32fxxxtim2to5.c:1162:6:STM32FXXXTim4_tie	16	static
../Library/Src/stm32fxxxtim2to5.c:1166:6:STM32FXXXTim4_cc4ie	16	static
../Library/Src/stm32fxxxtim2to5.c:1170:6:STM32FXXXTim4_cc3ie	16	static
../Library/Src/stm32fxxxtim2to5.c:1174:6:STM32FXXXTim4_cc2ie	16	static
../Library/Src/stm32fxxxtim2to5.c:1178:6:STM32FXXXTim4_cc1ie	16	static
../Library/Src/stm32fxxxtim2to5.c:1182:6:STM32FXXXTim4_uie	16	static
../Library/Src/stm32fxxxtim2to5.c:1187:9:STM32FXXXTim4_cc4of	8	static
../Library/Src/stm32fxxxtim2to5.c:1191:6:STM32FXXXTim4_clear_cc4of	8	static
../Library/Src/stm32fxxxtim2to5.c:1195:9:STM32FXXXTim4_cc3of	8	static
../Library/Src/stm32fxxxtim2to5.c:1199:6:STM32FXXXTim4_clear_cc3of	8	static
../Library/Src/stm32fxxxtim2to5.c:1203:9:STM32FXXXTim4_cc2of	8	static
../Library/Src/stm32fxxxtim2to5.c:1207:6:STM32FXXXTim4_clear_cc2of	8	static
../Library/Src/stm32fxxxtim2to5.c:1211:9:STM32FXXXTim4_cc1of	8	static
../Library/Src/stm32fxxxtim2to5.c:1215:6:STM32FXXXTim4_clear_cc1of	8	static
../Library/Src/stm32fxxxtim2to5.c:1219:9:STM32FXXXTim4_tif	8	static
../Library/Src/stm32fxxxtim2to5.c:1223:6:STM32FXXXTim4_clear_tif	8	static
../Library/Src/stm32fxxxtim2to5.c:1227:9:STM32FXXXTim4_cc4if	8	static
../Library/Src/stm32fxxxtim2to5.c:1231:6:STM32FXXXTim4_clear_cc4if	8	static
../Library/Src/stm32fxxxtim2to5.c:1235:9:STM32FXXXTim4_cc3if	8	static
../Library/Src/stm32fxxxtim2to5.c:1239:6:STM32FXXXTim4_clear_cc3if	8	static
../Library/Src/stm32fxxxtim2to5.c:1243:9:STM32FXXXTim4_cc2if	8	static
../Library/Src/stm32fxxxtim2to5.c:1247:6:STM32FXXXTim4_clear_cc2if	8	static
../Library/Src/stm32fxxxtim2to5.c:1251:9:STM32FXXXTim4_cc1if	8	static
../Library/Src/stm32fxxxtim2to5.c:1255:6:STM32FXXXTim4_clear_cc1if	8	static
../Library/Src/stm32fxxxtim2to5.c:1259:9:STM32FXXXTim4_uif	8	static
../Library/Src/stm32fxxxtim2to5.c:1263:6:STM32FXXXTim4_clear_uif	8	static
../Library/Src/stm32fxxxtim2to5.c:1268:6:STM32FXXXTim4_tg	8	static
../Library/Src/stm32fxxxtim2to5.c:1272:6:STM32FXXXTim4_cc4g	8	static
../Library/Src/stm32fxxxtim2to5.c:1276:6:STM32FXXXTim4_cc3g	8	static
../Library/Src/stm32fxxxtim2to5.c:1280:6:STM32FXXXTim4_cc2g	8	static
../Library/Src/stm32fxxxtim2to5.c:1284:6:STM32FXXXTim4_cc1g	8	static
../Library/Src/stm32fxxxtim2to5.c:1288:6:STM32FXXXTim4_ug	8	static
../Library/Src/stm32fxxxtim2to5.c:1293:6:STM32FXXXTim4_oc2ce	16	static
../Library/Src/stm32fxxxtim2to5.c:1297:6:STM32FXXXTim4_oc2m	16	static
../Library/Src/stm32fxxxtim2to5.c:1301:6:STM32FXXXTim4_ic2f	16	static
../Library/Src/stm32fxxxtim2to5.c:1305:6:STM32FXXXTim4_oc2pe	16	static
../Library/Src/stm32fxxxtim2to5.c:1309:6:STM32FXXXTim4_oc2fe	16	static
../Library/Src/stm32fxxxtim2to5.c:1313:6:STM32FXXXTim4_ic2psc	16	static
../Library/Src/stm32fxxxtim2to5.c:1317:6:STM32FXXXTim4_cc2s	16	static
../Library/Src/stm32fxxxtim2to5.c:1321:6:STM32FXXXTim4_oc1ce	16	static
../Library/Src/stm32fxxxtim2to5.c:1325:6:STM32FXXXTim4_oc1m	16	static
../Library/Src/stm32fxxxtim2to5.c:1329:6:STM32FXXXTim4_ic1f	16	static
../Library/Src/stm32fxxxtim2to5.c:1333:6:STM32FXXXTim4_oc1pe	16	static
../Library/Src/stm32fxxxtim2to5.c:1337:6:STM32FXXXTim4_oc1fe	16	static
../Library/Src/stm32fxxxtim2to5.c:1341:6:STM32FXXXTim4_ic1psc	16	static
../Library/Src/stm32fxxxtim2to5.c:1345:6:STM32FXXXTim4_cc1s	16	static
../Library/Src/stm32fxxxtim2to5.c:1350:6:STM32FXXXTim4_oc4ce	16	static
../Library/Src/stm32fxxxtim2to5.c:1354:6:STM32FXXXTim4_oc4m	16	static
../Library/Src/stm32fxxxtim2to5.c:1358:6:STM32FXXXTim4_ic4f	16	static
../Library/Src/stm32fxxxtim2to5.c:1362:6:STM32FXXXTim4_oc4pe	16	static
../Library/Src/stm32fxxxtim2to5.c:1366:6:STM32FXXXTim4_oc4fe	16	static
../Library/Src/stm32fxxxtim2to5.c:1370:6:STM32FXXXTim4_ic4psc	16	static
../Library/Src/stm32fxxxtim2to5.c:1374:6:STM32FXXXTim4_cc4s	16	static
../Library/Src/stm32fxxxtim2to5.c:1378:6:STM32FXXXTim4_oc3ce	16	static
../Library/Src/stm32fxxxtim2to5.c:1382:6:STM32FXXXTim4_oc3m	16	static
../Library/Src/stm32fxxxtim2to5.c:1386:6:STM32FXXXTim4_ic3f	16	static
../Library/Src/stm32fxxxtim2to5.c:1390:6:STM32FXXXTim4_oc3pe	16	static
../Library/Src/stm32fxxxtim2to5.c:1394:6:STM32FXXXTim4_oc3fe	16	static
../Library/Src/stm32fxxxtim2to5.c:1398:6:STM32FXXXTim4_ic3psc	16	static
../Library/Src/stm32fxxxtim2to5.c:1402:6:STM32FXXXTim4_cc3s	16	static
../Library/Src/stm32fxxxtim2to5.c:1407:6:STM32FXXXTim4_cc4np	16	static
../Library/Src/stm32fxxxtim2to5.c:1411:6:STM32FXXXTim4_cc4p	16	static
../Library/Src/stm32fxxxtim2to5.c:1415:6:STM32FXXXTim4_cc4e	16	static
../Library/Src/stm32fxxxtim2to5.c:1419:6:STM32FXXXTim4_cc3np	16	static
../Library/Src/stm32fxxxtim2to5.c:1423:6:STM32FXXXTim4_cc3p	16	static
../Library/Src/stm32fxxxtim2to5.c:1427:6:STM32FXXXTim4_cc3e	16	static
../Library/Src/stm32fxxxtim2to5.c:1431:6:STM32FXXXTim4_cc2np	16	static
../Library/Src/stm32fxxxtim2to5.c:1435:6:STM32FXXXTim4_cc2p	16	static
../Library/Src/stm32fxxxtim2to5.c:1439:6:STM32FXXXTim4_cc2e	16	static
../Library/Src/stm32fxxxtim2to5.c:1443:6:STM32FXXXTim4_cc1np	16	static
../Library/Src/stm32fxxxtim2to5.c:1447:6:STM32FXXXTim4_cc1p	16	static
../Library/Src/stm32fxxxtim2to5.c:1451:6:STM32FXXXTim4_cc1e	16	static
../Library/Src/stm32fxxxtim2to5.c:1456:6:STM32FXXXTim4_cnt	16	static
../Library/Src/stm32fxxxtim2to5.c:1460:10:STM32FXXXTim4_get_cnt	4	static
../Library/Src/stm32fxxxtim2to5.c:1465:6:STM32FXXXTim4_psc	16	static
../Library/Src/stm32fxxxtim2to5.c:1470:6:STM32FXXXTim4_arr	16	static
../Library/Src/stm32fxxxtim2to5.c:1475:6:STM32FXXXTim4_ccr1	16	static
../Library/Src/stm32fxxxtim2to5.c:1480:6:STM32FXXXTim4_ccr2	16	static
../Library/Src/stm32fxxxtim2to5.c:1485:6:STM32FXXXTim4_ccr3	16	static
../Library/Src/stm32fxxxtim2to5.c:1490:6:STM32FXXXTim4_ccr4	16	static
../Library/Src/stm32fxxxtim2to5.c:1495:6:STM32FXXXTim4_dbl	16	static
../Library/Src/stm32fxxxtim2to5.c:1499:6:STM32FXXXTim4_dba	16	static
../Library/Src/stm32fxxxtim2to5.c:1504:6:STM32FXXXTim4_dmab	16	static
../Library/Src/stm32fxxxtim2to5.c:1508:10:STM32FXXXTim4_get_dmab	4	static
../Library/Src/stm32fxxxtim2to5.c:1515:6:STM32FXXXTim5Clock	16	static
../Library/Src/stm32fxxxtim2to5.c:1519:6:STM32FXXXTim5Nvic	16	static
../Library/Src/stm32fxxxtim2to5.c:1527:6:STM32FXXXTim5_ckd	16	static
../Library/Src/stm32fxxxtim2to5.c:1531:9:STM32FXXXTim5_get_ckd	8	static
../Library/Src/stm32fxxxtim2to5.c:1535:6:STM32FXXXTim5_set_apre	16	static
../Library/Src/stm32fxxxtim2to5.c:1539:6:STM32FXXXTim5_set_cms	16	static
../Library/Src/stm32fxxxtim2to5.c:1543:6:STM32FXXXTim5_set_dir	16	static
../Library/Src/stm32fxxxtim2to5.c:1547:6:STM32FXXXTim5_set_opm	16	static
../Library/Src/stm32fxxxtim2to5.c:1551:6:STM32FXXXTim5_set_urs	16	static
../Library/Src/stm32fxxxtim2to5.c:1555:6:STM32FXXXTim5_set_udis	16	static
../Library/Src/stm32fxxxtim2to5.c:1559:6:STM32FXXXTim5_cen	16	static
../Library/Src/stm32fxxxtim2to5.c:1564:6:STM32FXXXTim5_ti1s	16	static
../Library/Src/stm32fxxxtim2to5.c:1568:6:STM32FXXXTim5_mms	16	static
../Library/Src/stm32fxxxtim2to5.c:1572:6:STM32FXXXTim5_ccds	16	static
../Library/Src/stm32fxxxtim2to5.c:1577:6:STM32FXXXTim5_etp	16	static
../Library/Src/stm32fxxxtim2to5.c:1581:6:STM32FXXXTim5_ece	16	static
../Library/Src/stm32fxxxtim2to5.c:1585:6:STM32FXXXTim5_etps	16	static
../Library/Src/stm32fxxxtim2to5.c:1589:6:STM32FXXXTim5_etf	16	static
../Library/Src/stm32fxxxtim2to5.c:1593:6:STM32FXXXTim5_msm	16	static
../Library/Src/stm32fxxxtim2to5.c:1597:6:STM32FXXXTim5_ts	16	static
../Library/Src/stm32fxxxtim2to5.c:1601:6:STM32FXXXTim5_sms	16	static
../Library/Src/stm32fxxxtim2to5.c:1606:6:STM32FXXXTim5_tde	16	static
../Library/Src/stm32fxxxtim2to5.c:1610:6:STM32FXXXTim5_cc4de	16	static
../Library/Src/stm32fxxxtim2to5.c:1614:6:STM32FXXXTim5_cc3de	16	static
../Library/Src/stm32fxxxtim2to5.c:1618:6:STM32FXXXTim5_cc2de	16	static
../Library/Src/stm32fxxxtim2to5.c:1622:6:STM32FXXXTim5_cc1de	16	static
../Library/Src/stm32fxxxtim2to5.c:1626:6:STM32FXXXTim5_ude	16	static
../Library/Src/stm32fxxxtim2to5.c:1630:6:STM32FXXXTim5_tie	16	static
../Library/Src/stm32fxxxtim2to5.c:1634:6:STM32FXXXTim5_cc4ie	16	static
../Library/Src/stm32fxxxtim2to5.c:1638:6:STM32FXXXTim5_cc3ie	16	static
../Library/Src/stm32fxxxtim2to5.c:1642:6:STM32FXXXTim5_cc2ie	16	static
../Library/Src/stm32fxxxtim2to5.c:1646:6:STM32FXXXTim5_cc1ie	16	static
../Library/Src/stm32fxxxtim2to5.c:1650:6:STM32FXXXTim5_uie	16	static
../Library/Src/stm32fxxxtim2to5.c:1655:9:STM32FXXXTim5_cc4of	8	static
../Library/Src/stm32fxxxtim2to5.c:1659:6:STM32FXXXTim5_clear_cc4of	8	static
../Library/Src/stm32fxxxtim2to5.c:1663:9:STM32FXXXTim5_cc3of	8	static
../Library/Src/stm32fxxxtim2to5.c:1667:6:STM32FXXXTim5_clear_cc3of	8	static
../Library/Src/stm32fxxxtim2to5.c:1671:9:STM32FXXXTim5_cc2of	8	static
../Library/Src/stm32fxxxtim2to5.c:1675:6:STM32FXXXTim5_clear_cc2of	8	static
../Library/Src/stm32fxxxtim2to5.c:1679:9:STM32FXXXTim5_cc1of	8	static
../Library/Src/stm32fxxxtim2to5.c:1683:6:STM32FXXXTim5_clear_cc1of	8	static
../Library/Src/stm32fxxxtim2to5.c:1687:9:STM32FXXXTim5_tif	8	static
../Library/Src/stm32fxxxtim2to5.c:1691:6:STM32FXXXTim5_clear_tif	8	static
../Library/Src/stm32fxxxtim2to5.c:1695:9:STM32FXXXTim5_cc4if	8	static
../Library/Src/stm32fxxxtim2to5.c:1699:6:STM32FXXXTim5_clear_cc4if	8	static
../Library/Src/stm32fxxxtim2to5.c:1703:9:STM32FXXXTim5_cc3if	8	static
../Library/Src/stm32fxxxtim2to5.c:1707:6:STM32FXXXTim5_clear_cc3if	8	static
../Library/Src/stm32fxxxtim2to5.c:1711:9:STM32FXXXTim5_cc2if	8	static
../Library/Src/stm32fxxxtim2to5.c:1715:6:STM32FXXXTim5_clear_cc2if	8	static
../Library/Src/stm32fxxxtim2to5.c:1719:9:STM32FXXXTim5_cc1if	8	static
../Library/Src/stm32fxxxtim2to5.c:1723:6:STM32FXXXTim5_clear_cc1if	8	static
../Library/Src/stm32fxxxtim2to5.c:1727:9:STM32FXXXTim5_uif	8	static
../Library/Src/stm32fxxxtim2to5.c:1731:6:STM32FXXXTim5_clear_uif	8	static
../Library/Src/stm32fxxxtim2to5.c:1736:6:STM32FXXXTim5_tg	8	static
../Library/Src/stm32fxxxtim2to5.c:1740:6:STM32FXXXTim5_cc4g	8	static
../Library/Src/stm32fxxxtim2to5.c:1744:6:STM32FXXXTim5_cc3g	8	static
../Library/Src/stm32fxxxtim2to5.c:1748:6:STM32FXXXTim5_cc2g	8	static
../Library/Src/stm32fxxxtim2to5.c:1752:6:STM32FXXXTim5_cc1g	8	static
../Library/Src/stm32fxxxtim2to5.c:1756:6:STM32FXXXTim5_ug	8	static
../Library/Src/stm32fxxxtim2to5.c:1761:6:STM32FXXXTim5_oc2ce	16	static
../Library/Src/stm32fxxxtim2to5.c:1765:6:STM32FXXXTim5_oc2m	16	static
../Library/Src/stm32fxxxtim2to5.c:1769:6:STM32FXXXTim5_ic2f	16	static
../Library/Src/stm32fxxxtim2to5.c:1773:6:STM32FXXXTim5_oc2pe	16	static
../Library/Src/stm32fxxxtim2to5.c:1777:6:STM32FXXXTim5_oc2fe	16	static
../Library/Src/stm32fxxxtim2to5.c:1781:6:STM32FXXXTim5_ic2psc	16	static
../Library/Src/stm32fxxxtim2to5.c:1785:6:STM32FXXXTim5_cc2s	16	static
../Library/Src/stm32fxxxtim2to5.c:1789:6:STM32FXXXTim5_oc1ce	16	static
../Library/Src/stm32fxxxtim2to5.c:1793:6:STM32FXXXTim5_oc1m	16	static
../Library/Src/stm32fxxxtim2to5.c:1797:6:STM32FXXXTim5_ic1f	16	static
../Library/Src/stm32fxxxtim2to5.c:1801:6:STM32FXXXTim5_oc1pe	16	static
../Library/Src/stm32fxxxtim2to5.c:1805:6:STM32FXXXTim5_oc1fe	16	static
../Library/Src/stm32fxxxtim2to5.c:1809:6:STM32FXXXTim5_ic1psc	16	static
../Library/Src/stm32fxxxtim2to5.c:1813:6:STM32FXXXTim5_cc1s	16	static
../Library/Src/stm32fxxxtim2to5.c:1818:6:STM32FXXXTim5_oc4ce	16	static
../Library/Src/stm32fxxxtim2to5.c:1822:6:STM32FXXXTim5_oc4m	16	static
../Library/Src/stm32fxxxtim2to5.c:1826:6:STM32FXXXTim5_ic4f	16	static
../Library/Src/stm32fxxxtim2to5.c:1830:6:STM32FXXXTim5_oc4pe	16	static
../Library/Src/stm32fxxxtim2to5.c:1834:6:STM32FXXXTim5_oc4fe	16	static
../Library/Src/stm32fxxxtim2to5.c:1838:6:STM32FXXXTim5_ic4psc	16	static
../Library/Src/stm32fxxxtim2to5.c:1842:6:STM32FXXXTim5_cc4s	16	static
../Library/Src/stm32fxxxtim2to5.c:1846:6:STM32FXXXTim5_oc3ce	16	static
../Library/Src/stm32fxxxtim2to5.c:1850:6:STM32FXXXTim5_oc3m	16	static
../Library/Src/stm32fxxxtim2to5.c:1854:6:STM32FXXXTim5_ic3f	16	static
../Library/Src/stm32fxxxtim2to5.c:1858:6:STM32FXXXTim5_oc3pe	16	static
../Library/Src/stm32fxxxtim2to5.c:1862:6:STM32FXXXTim5_oc3fe	16	static
../Library/Src/stm32fxxxtim2to5.c:1866:6:STM32FXXXTim5_ic3psc	16	static
../Library/Src/stm32fxxxtim2to5.c:1870:6:STM32FXXXTim5_cc3s	16	static
../Library/Src/stm32fxxxtim2to5.c:1875:6:STM32FXXXTim5_cc4np	16	static
../Library/Src/stm32fxxxtim2to5.c:1879:6:STM32FXXXTim5_cc4p	16	static
../Library/Src/stm32fxxxtim2to5.c:1883:6:STM32FXXXTim5_cc4e	16	static
../Library/Src/stm32fxxxtim2to5.c:1887:6:STM32FXXXTim5_cc3np	16	static
../Library/Src/stm32fxxxtim2to5.c:1891:6:STM32FXXXTim5_cc3p	16	static
../Library/Src/stm32fxxxtim2to5.c:1895:6:STM32FXXXTim5_cc3e	16	static
../Library/Src/stm32fxxxtim2to5.c:1899:6:STM32FXXXTim5_cc2np	16	static
../Library/Src/stm32fxxxtim2to5.c:1903:6:STM32FXXXTim5_cc2p	16	static
../Library/Src/stm32fxxxtim2to5.c:1907:6:STM32FXXXTim5_cc2e	16	static
../Library/Src/stm32fxxxtim2to5.c:1911:6:STM32FXXXTim5_cc1np	16	static
../Library/Src/stm32fxxxtim2to5.c:1915:6:STM32FXXXTim5_cc1p	16	static
../Library/Src/stm32fxxxtim2to5.c:1919:6:STM32FXXXTim5_cc1e	16	static
../Library/Src/stm32fxxxtim2to5.c:1924:6:STM32FXXXTim5_cnt	16	static
../Library/Src/stm32fxxxtim2to5.c:1928:10:STM32FXXXTim5_get_cnt	4	static
../Library/Src/stm32fxxxtim2to5.c:1933:6:STM32FXXXTim5_psc	16	static
../Library/Src/stm32fxxxtim2to5.c:1938:6:STM32FXXXTim5_arr	16	static
../Library/Src/stm32fxxxtim2to5.c:1943:6:STM32FXXXTim5_ccr1	16	static
../Library/Src/stm32fxxxtim2to5.c:1948:6:STM32FXXXTim5_ccr2	16	static
../Library/Src/stm32fxxxtim2to5.c:1953:6:STM32FXXXTim5_ccr3	16	static
../Library/Src/stm32fxxxtim2to5.c:1958:6:STM32FXXXTim5_ccr4	16	static
../Library/Src/stm32fxxxtim2to5.c:1963:6:STM32FXXXTim5_dbl	16	static
../Library/Src/stm32fxxxtim2to5.c:1967:6:STM32FXXXTim5_dba	16	static
../Library/Src/stm32fxxxtim2to5.c:1972:6:STM32FXXXTim5_dmab	16	static
../Library/Src/stm32fxxxtim2to5.c:1976:10:STM32FXXXTim5_get_dmab	4	static
../Library/Src/stm32fxxxtim2to5.c:1981:6:STM32FXXXTim5_ti4_rmp	16	static
../Library/Src/stm32fxxxtim2to5.c:1986:20:stm32fxxx_tim2_cr1_inic	4	static
../Library/Src/stm32fxxxtim2to5.c:2000:20:stm32fxxx_tim2_cr2_inic	4	static
../Library/Src/stm32fxxxtim2to5.c:2009:21:stm32fxxx_tim2_smcr_inic	4	static
../Library/Src/stm32fxxxtim2to5.c:2022:21:stm32fxxx_tim2_dier_inic	4	static
../Library/Src/stm32fxxxtim2to5.c:2040:19:stm32fxxx_tim2_sr_inic	4	static
../Library/Src/stm32fxxxtim2to5.c:2066:20:stm32fxxx_tim2_egr_inic	4	static
../Library/Src/stm32fxxxtim2to5.c:2078:22:stm32fxxx_tim2_ccmr1_inic	4	static
../Library/Src/stm32fxxxtim2to5.c:2098:22:stm32fxxx_tim2_ccmr2_inic	4	static
../Library/Src/stm32fxxxtim2to5.c:2118:21:stm32fxxx_tim2_ccer_inic	4	static
../Library/Src/stm32fxxxtim2to5.c:2136:20:stm32fxxx_tim2_dcr_inic	4	static
../Library/Src/stm32fxxxtim2to5.c:2145:18:tim2_enable	16	static
../Library/Src/stm32fxxxtim2to5.c:2177:19:tim2	4	static
../Library/Src/stm32fxxxtim2to5.c:2180:20:stm32fxxx_tim3_cr1_inic	4	static
../Library/Src/stm32fxxxtim2to5.c:2194:20:stm32fxxx_tim3_cr2_inic	4	static
../Library/Src/stm32fxxxtim2to5.c:2203:21:stm32fxxx_tim3_smcr_inic	4	static
../Library/Src/stm32fxxxtim2to5.c:2216:21:stm32fxxx_tim3_dier_inic	4	static
../Library/Src/stm32fxxxtim2to5.c:2234:19:stm32fxxx_tim3_sr_inic	4	static
../Library/Src/stm32fxxxtim2to5.c:2260:20:stm32fxxx_tim3_egr_inic	4	static
../Library/Src/stm32fxxxtim2to5.c:2272:22:stm32fxxx_tim3_ccmr1_inic	4	static
../Library/Src/stm32fxxxtim2to5.c:2292:22:stm32fxxx_tim3_ccmr2_inic	4	static
../Library/Src/stm32fxxxtim2to5.c:2312:21:stm32fxxx_tim3_ccer_inic	4	static
../Library/Src/stm32fxxxtim2to5.c:2330:20:stm32fxxx_tim3_dcr_inic	4	static
../Library/Src/stm32fxxxtim2to5.c:2339:18:tim3_enable	16	static
../Library/Src/stm32fxxxtim2to5.c:2370:19:tim3	4	static
../Library/Src/stm32fxxxtim2to5.c:2373:20:stm32fxxx_tim4_cr1_inic	4	static
../Library/Src/stm32fxxxtim2to5.c:2387:20:stm32fxxx_tim4_cr2_inic	4	static
../Library/Src/stm32fxxxtim2to5.c:2396:21:stm32fxxx_tim4_smcr_inic	4	static
../Library/Src/stm32fxxxtim2to5.c:2409:21:stm32fxxx_tim4_dier_inic	4	static
../Library/Src/stm32fxxxtim2to5.c:2427:19:stm32fxxx_tim4_sr_inic	4	static
../Library/Src/stm32fxxxtim2to5.c:2453:20:stm32fxxx_tim4_egr_inic	4	static
../Library/Src/stm32fxxxtim2to5.c:2465:22:stm32fxxx_tim4_ccmr1_inic	4	static
../Library/Src/stm32fxxxtim2to5.c:2485:22:stm32fxxx_tim4_ccmr2_inic	4	static
../Library/Src/stm32fxxxtim2to5.c:2505:21:stm32fxxx_tim4_ccer_inic	4	static
../Library/Src/stm32fxxxtim2to5.c:2523:20:stm32fxxx_tim4_dcr_inic	4	static
../Library/Src/stm32fxxxtim2to5.c:2532:18:tim4_enable	16	static
../Library/Src/stm32fxxxtim2to5.c:2563:19:tim4	4	static
../Library/Src/stm32fxxxtim2to5.c:2566:20:stm32fxxx_tim5_cr1_inic	4	static
../Library/Src/stm32fxxxtim2to5.c:2580:20:stm32fxxx_tim5_cr2_inic	4	static
../Library/Src/stm32fxxxtim2to5.c:2589:21:stm32fxxx_tim5_smcr_inic	4	static
../Library/Src/stm32fxxxtim2to5.c:2602:21:stm32fxxx_tim5_dier_inic	4	static
../Library/Src/stm32fxxxtim2to5.c:2620:19:stm32fxxx_tim5_sr_inic	4	static
../Library/Src/stm32fxxxtim2to5.c:2646:20:stm32fxxx_tim5_egr_inic	4	static
../Library/Src/stm32fxxxtim2to5.c:2658:22:stm32fxxx_tim5_ccmr1_inic	4	static
../Library/Src/stm32fxxxtim2to5.c:2678:22:stm32fxxx_tim5_ccmr2_inic	4	static
../Library/Src/stm32fxxxtim2to5.c:2698:21:stm32fxxx_tim5_ccer_inic	4	static
../Library/Src/stm32fxxxtim2to5.c:2716:20:stm32fxxx_tim5_dcr_inic	4	static
../Library/Src/stm32fxxxtim2to5.c:2725:18:tim5_enable	16	static
../Library/Src/stm32fxxxtim2to5.c:2757:19:tim5	4	static
