../Library/Src/stm32fxxxsyscfg.c:43:6:SYSCFG_memrmp_swp_fmc	16	static
../Library/Src/stm32fxxxsyscfg.c:47:6:SYSCFG_memrmp_mem_mode	16	static
../Library/Src/stm32fxxxsyscfg.c:52:6:SYSCFG_pmc_adcxdc2	16	static
../Library/Src/stm32fxxxsyscfg.c:56:6:SYSCFG_pmc_adc1dc2	16	static
../Library/Src/stm32fxxxsyscfg.c:60:6:SYSCFG_pmc_adc2dc2	16	static
../Library/Src/stm32fxxxsyscfg.c:64:6:SYSCFG_pmc_adc3dc2	16	static
../Library/Src/stm32fxxxsyscfg.c:69:6:SYSCFG_exticr1_exti3	16	static
../Library/Src/stm32fxxxsyscfg.c:73:6:SYSCFG_exticr1_exti2	16	static
../Library/Src/stm32fxxxsyscfg.c:77:6:SYSCFG_exticr1_exti1	16	static
../Library/Src/stm32fxxxsyscfg.c:81:6:SYSCFG_exticr1_exti0	16	static
../Library/Src/stm32fxxxsyscfg.c:86:6:SYSCFG_exticr2_exti7	16	static
../Library/Src/stm32fxxxsyscfg.c:90:6:SYSCFG_exticr2_exti6	16	static
../Library/Src/stm32fxxxsyscfg.c:94:6:SYSCFG_exticr2_exti5	16	static
../Library/Src/stm32fxxxsyscfg.c:98:6:SYSCFG_exticr2_exti4	16	static
../Library/Src/stm32fxxxsyscfg.c:103:6:SYSCFG_exticr3_exti11	16	static
../Library/Src/stm32fxxxsyscfg.c:107:6:SYSCFG_exticr3_exti10	16	static
../Library/Src/stm32fxxxsyscfg.c:111:6:SYSCFG_exticr3_exti9	16	static
../Library/Src/stm32fxxxsyscfg.c:115:6:SYSCFG_exticr3_exti8	16	static
../Library/Src/stm32fxxxsyscfg.c:120:6:SYSCFG_exticr4_exti15	16	static
../Library/Src/stm32fxxxsyscfg.c:124:6:SYSCFG_exticr4_exti14	16	static
../Library/Src/stm32fxxxsyscfg.c:128:6:SYSCFG_exticr4_exti13	16	static
../Library/Src/stm32fxxxsyscfg.c:132:6:SYSCFG_exticr4_exti12	16	static
../Library/Src/stm32fxxxsyscfg.c:137:9:SYSCFG_cmpcr_ready	8	static
../Library/Src/stm32fxxxsyscfg.c:141:6:SYSCFG_cmpcr_cmp_pd	16	static
../Library/Src/stm32fxxxsyscfg.c:157:6:SYSCFG_Clock	16	static
../Library/Src/stm32fxxxsyscfg.c:165:16:SYSCFG_memrmp_inic	4	static
../Library/Src/stm32fxxxsyscfg.c:172:13:SYSCFG_pmc_inic	4	static
../Library/Src/stm32fxxxsyscfg.c:181:17:SYSCFG_exticr1_inic	4	static
../Library/Src/stm32fxxxsyscfg.c:190:17:SYSCFG_exticr2_inic	4	static
../Library/Src/stm32fxxxsyscfg.c:199:17:SYSCFG_exticr3_inic	4	static
../Library/Src/stm32fxxxsyscfg.c:208:17:SYSCFG_exticr4_inic	4	static
../Library/Src/stm32fxxxsyscfg.c:217:15:SYSCFG_cmpcr_inic	4	static
../Library/Src/stm32fxxxsyscfg.c:224:14:SYSCFG_cfgr_inic	4	static
../Library/Src/stm32fxxxsyscfg.c:235:20:syscfg_enable	24	static
../Library/Src/stm32fxxxsyscfg.c:253:21:syscfg	4	static
