../Library/Src/stm32fxxxrcc.c:87:6:rcc_start	8	static
../Library/Src/stm32fxxxrcc.c:107:6:STM32FXXXRccHEnable	24	static
../Library/Src/stm32fxxxrcc.c:126:9:STM32FXXXRccHSelect	16	static
../Library/Src/stm32fxxxrcc.c:153:9:STM32FXXXRccPLLSelect	16	static
../Library/Src/stm32fxxxrcc.c:169:6:STM32FXXXRccLEnable	24	static
../Library/Src/stm32fxxxrcc.c:187:6:STM32FXXXRccLSelect	16	static
../Library/Src/stm32fxxxrcc.c:212:6:STM32FXXXPrescaler	24	static
../Library/Src/stm32fxxxrcc.c:280:6:STM32FXXXPLLDivision	24	static
../Library/Src/stm32fxxxrcc.c:304:6:STM32FXXXRccPLLCLKEnable	16	static
../Library/Src/stm32fxxxrcc.c:313:6:STM32FXXXRccPLLI2SEnable	16	static
../Library/Src/stm32fxxxrcc.c:321:6:STM32FXXXRccPLLSAIEnable	16	static
../Library/Src/stm32fxxxrcc.c:329:6:STM32FXXXRccPwrClock	16	static
../Library/Src/stm32fxxxrcc.c:333:6:STM32FXXXRccWriteEnable	4	static
../Library/Src/stm32fxxxrcc.c:337:6:STM32FXXXRccWriteDisable	4	static
../Library/Src/stm32fxxxrcc.c:343:9:STM32FXXXRCC_CR_get_pllsairdy	8	static
../Library/Src/stm32fxxxrcc.c:347:6:STM32FXXXRCC_CR_pllsaion	16	static
../Library/Src/stm32fxxxrcc.c:351:9:STM32FXXXRCC_CR_get_plli2srdy	8	static
../Library/Src/stm32fxxxrcc.c:355:6:STM32FXXXRCC_CR_plli2son	16	static
../Library/Src/stm32fxxxrcc.c:359:9:STM32FXXXRCC_CR_get_pllrdy	8	static
../Library/Src/stm32fxxxrcc.c:363:6:STM32FXXXRCC_CR_pllon	16	static
../Library/Src/stm32fxxxrcc.c:367:6:STM32FXXXRCC_CR_csson	16	static
../Library/Src/stm32fxxxrcc.c:371:6:STM32FXXXRCC_CR_hsebyp	16	static
../Library/Src/stm32fxxxrcc.c:375:9:STM32FXXXRCC_CR_get_hserdy	8	static
../Library/Src/stm32fxxxrcc.c:379:6:STM32FXXXRCC_CR_hseon	16	static
../Library/Src/stm32fxxxrcc.c:383:9:STM32FXXXRCC_CR_get_hsical	8	static
../Library/Src/stm32fxxxrcc.c:387:6:STM32FXXXRCC_CR_hsitrim	16	static
../Library/Src/stm32fxxxrcc.c:391:9:STM32FXXXRCC_CR_get_hsirdy	8	static
../Library/Src/stm32fxxxrcc.c:395:6:STM32FXXXRCC_CR_hsion	16	static
../Library/Src/stm32fxxxrcc.c:400:6:STM32FXXXRCC_PLLCFGR_pllr	16	static
../Library/Src/stm32fxxxrcc.c:404:6:STM32FXXXRCC_PLLCFGR_pllq	16	static
../Library/Src/stm32fxxxrcc.c:408:6:STM32FXXXRCC_PLLCFGR_pllsrc	16	static
../Library/Src/stm32fxxxrcc.c:412:6:STM32FXXXRCC_PLLCFGR_pllp	16	static
../Library/Src/stm32fxxxrcc.c:416:6:STM32FXXXRCC_PLLCFGR_plln	16	static
../Library/Src/stm32fxxxrcc.c:420:6:STM32FXXXRCC_PLLCFGR_pllm	16	static
../Library/Src/stm32fxxxrcc.c:425:6:STM32FXXXRCC_CFGR_mco2	16	static
../Library/Src/stm32fxxxrcc.c:429:6:STM32FXXXRCC_CFGR_mco2pre	16	static
../Library/Src/stm32fxxxrcc.c:433:6:STM32FXXXRCC_CFGR_mco1pre	16	static
../Library/Src/stm32fxxxrcc.c:437:6:STM32FXXXRCC_CFGR_mco1	16	static
../Library/Src/stm32fxxxrcc.c:441:6:STM32FXXXRCC_CFGR_rtcpre	16	static
../Library/Src/stm32fxxxrcc.c:445:6:STM32FXXXRCC_CFGR_ppre2	16	static
../Library/Src/stm32fxxxrcc.c:449:6:STM32FXXXRCC_CFGR_ppre1	16	static
../Library/Src/stm32fxxxrcc.c:453:6:STM32FXXXRCC_CFGR_hpre	16	static
../Library/Src/stm32fxxxrcc.c:457:9:STM32FXXXRCC_CFGR_get_sws	8	static
../Library/Src/stm32fxxxrcc.c:461:6:STM32FXXXRCC_CFGR_sw	16	static
../Library/Src/stm32fxxxrcc.c:466:6:STM32FXXXRCC_CIR_clear_cssc	8	static
../Library/Src/stm32fxxxrcc.c:470:6:STM32FXXXRCC_CIR_clear_pllsairdyc	8	static
../Library/Src/stm32fxxxrcc.c:474:6:STM32FXXXRCC_CIR_clear_plli2srdyc	8	static
../Library/Src/stm32fxxxrcc.c:478:6:STM32FXXXRCC_CIR_clear_pllrdyc	8	static
../Library/Src/stm32fxxxrcc.c:482:6:STM32FXXXRCC_CIR_clear_hserdyc	8	static
../Library/Src/stm32fxxxrcc.c:486:6:STM32FXXXRCC_CIR_clear_hsirdyc	8	static
../Library/Src/stm32fxxxrcc.c:490:6:STM32FXXXRCC_CIR_clear_lserdyc	8	static
../Library/Src/stm32fxxxrcc.c:494:6:STM32FXXXRCC_CIR_clear_lsirdyc	8	static
../Library/Src/stm32fxxxrcc.c:498:6:STM32FXXXRCC_CIR_pllsairdyie	16	static
../Library/Src/stm32fxxxrcc.c:502:6:STM32FXXXRCC_CIR_plli2srdyie	16	static
../Library/Src/stm32fxxxrcc.c:506:6:STM32FXXXRCC_CIR_pllrdyie	16	static
../Library/Src/stm32fxxxrcc.c:510:6:STM32FXXXRCC_CIR_hserdyie	16	static
../Library/Src/stm32fxxxrcc.c:514:6:STM32FXXXRCC_CIR_hsirdyie	16	static
../Library/Src/stm32fxxxrcc.c:518:6:STM32FXXXRCC_CIR_lserdyie	16	static
../Library/Src/stm32fxxxrcc.c:522:6:STM32FXXXRCC_CIR_lsirdyie	16	static
../Library/Src/stm32fxxxrcc.c:526:9:STM32FXXXRCC_CIR_get_cssf	8	static
../Library/Src/stm32fxxxrcc.c:530:9:STM32FXXXRCC_CIR_get_pllsairdyf	8	static
../Library/Src/stm32fxxxrcc.c:534:9:STM32FXXXRCC_CIR_get_plli2srdyf	8	static
../Library/Src/stm32fxxxrcc.c:538:9:STM32FXXXRCC_CIR_get_pllrdyf	8	static
../Library/Src/stm32fxxxrcc.c:542:9:STM32FXXXRCC_CIR_get_hserdyf	8	static
../Library/Src/stm32fxxxrcc.c:546:9:STM32FXXXRCC_CIR_get_hsirdyf	8	static
../Library/Src/stm32fxxxrcc.c:550:9:STM32FXXXRCC_CIR_get_lserdyf	8	static
../Library/Src/stm32fxxxrcc.c:554:9:STM32FXXXRCC_CIR_get_lsirdyf	8	static
../Library/Src/stm32fxxxrcc.c:559:6:STM32FXXXRCC_AHB1RSTR_otghsrst	16	static
../Library/Src/stm32fxxxrcc.c:563:6:STM32FXXXRCC_AHB1RSTR_dma2rst	16	static
../Library/Src/stm32fxxxrcc.c:567:6:STM32FXXXRCC_AHB1RSTR_dma1rst	16	static
../Library/Src/stm32fxxxrcc.c:571:6:STM32FXXXRCC_AHB1RSTR_crcrst	16	static
../Library/Src/stm32fxxxrcc.c:575:6:STM32FXXXRCC_AHB1RSTR_gpiohrst	16	static
../Library/Src/stm32fxxxrcc.c:579:6:STM32FXXXRCC_AHB1RSTR_gpiogrst	16	static
../Library/Src/stm32fxxxrcc.c:583:6:STM32FXXXRCC_AHB1RSTR_gpiofrst	16	static
../Library/Src/stm32fxxxrcc.c:587:6:STM32FXXXRCC_AHB1RSTR_gpioerst	16	static
../Library/Src/stm32fxxxrcc.c:591:6:STM32FXXXRCC_AHB1RSTR_gpiodrst	16	static
../Library/Src/stm32fxxxrcc.c:595:6:STM32FXXXRCC_AHB1RSTR_gpiocrst	16	static
../Library/Src/stm32fxxxrcc.c:599:6:STM32FXXXRCC_AHB1RSTR_gpiobrst	16	static
../Library/Src/stm32fxxxrcc.c:603:6:STM32FXXXRCC_AHB1RSTR_gpioarst	16	static
../Library/Src/stm32fxxxrcc.c:608:6:STM32FXXXRCC_AHB2RSTR_otgfsrst	16	static
../Library/Src/stm32fxxxrcc.c:612:6:STM32FXXXRCC_AHB2RSTR_dcmirst	16	static
../Library/Src/stm32fxxxrcc.c:617:6:STM32FXXXRCC_AHB3RSTR_qspirst	16	static
../Library/Src/stm32fxxxrcc.c:621:6:STM32FXXXRCC_AHB3RSTR_fmcrst	16	static
../Library/Src/stm32fxxxrcc.c:626:6:STM32FXXXRCC_APB1RSTR_dacrst	16	static
../Library/Src/stm32fxxxrcc.c:630:6:STM32FXXXRCC_APB1RSTR_pwrrst	16	static
../Library/Src/stm32fxxxrcc.c:634:6:STM32FXXXRCC_APB1RSTR_cecrst	16	static
../Library/Src/stm32fxxxrcc.c:638:6:STM32FXXXRCC_APB1RSTR_can2rst	16	static
../Library/Src/stm32fxxxrcc.c:642:6:STM32FXXXRCC_APB1RSTR_can1rst	16	static
../Library/Src/stm32fxxxrcc.c:646:6:STM32FXXXRCC_APB1RSTR_fmpi2c1rst	16	static
../Library/Src/stm32fxxxrcc.c:650:6:STM32FXXXRCC_APB1RSTR_i2c3rst	16	static
../Library/Src/stm32fxxxrcc.c:654:6:STM32FXXXRCC_APB1RSTR_i2c2rst	16	static
../Library/Src/stm32fxxxrcc.c:658:6:STM32FXXXRCC_APB1RSTR_i2c1rst	16	static
../Library/Src/stm32fxxxrcc.c:662:6:STM32FXXXRCC_APB1RSTR_uart5rst	16	static
../Library/Src/stm32fxxxrcc.c:666:6:STM32FXXXRCC_APB1RSTR_uart4rst	16	static
../Library/Src/stm32fxxxrcc.c:670:6:STM32FXXXRCC_APB1RSTR_usart3rst	16	static
../Library/Src/stm32fxxxrcc.c:674:6:STM32FXXXRCC_APB1RSTR_usart2rst	16	static
../Library/Src/stm32fxxxrcc.c:678:6:STM32FXXXRCC_APB1RSTR_spdifrxrst	16	static
../Library/Src/stm32fxxxrcc.c:682:6:STM32FXXXRCC_APB1RSTR_spi3rst	16	static
../Library/Src/stm32fxxxrcc.c:686:6:STM32FXXXRCC_APB1RSTR_spi2rst	16	static
../Library/Src/stm32fxxxrcc.c:690:6:STM32FXXXRCC_APB1RSTR_wwdgrst	16	static
../Library/Src/stm32fxxxrcc.c:694:6:STM32FXXXRCC_APB1RSTR_tim14rst	16	static
../Library/Src/stm32fxxxrcc.c:698:6:STM32FXXXRCC_APB1RSTR_tim13rst	16	static
../Library/Src/stm32fxxxrcc.c:702:6:STM32FXXXRCC_APB1RSTR_tim12rst	16	static
../Library/Src/stm32fxxxrcc.c:706:6:STM32FXXXRCC_APB1RSTR_tim7rst	16	static
../Library/Src/stm32fxxxrcc.c:710:6:STM32FXXXRCC_APB1RSTR_tim6rst	16	static
../Library/Src/stm32fxxxrcc.c:714:6:STM32FXXXRCC_APB1RSTR_tim5rst	16	static
../Library/Src/stm32fxxxrcc.c:718:6:STM32FXXXRCC_APB1RSTR_tim4rst	16	static
../Library/Src/stm32fxxxrcc.c:722:6:STM32FXXXRCC_APB1RSTR_tim3rst	16	static
../Library/Src/stm32fxxxrcc.c:726:6:STM32FXXXRCC_APB1RSTR_tim2rst	16	static
../Library/Src/stm32fxxxrcc.c:731:6:STM32FXXXRCC_APB2RSTR_sai2rst	16	static
../Library/Src/stm32fxxxrcc.c:735:6:STM32FXXXRCC_APB2RSTR_sai1rst	16	static
../Library/Src/stm32fxxxrcc.c:739:6:STM32FXXXRCC_APB2RSTR_tim11rst	16	static
../Library/Src/stm32fxxxrcc.c:743:6:STM32FXXXRCC_APB2RSTR_tim10rst	16	static
../Library/Src/stm32fxxxrcc.c:747:6:STM32FXXXRCC_APB2RSTR_tim9rst	16	static
../Library/Src/stm32fxxxrcc.c:751:6:STM32FXXXRCC_APB2RSTR_syscfgrst	16	static
../Library/Src/stm32fxxxrcc.c:755:6:STM32FXXXRCC_APB2RSTR_spi4rst	16	static
../Library/Src/stm32fxxxrcc.c:759:6:STM32FXXXRCC_APB2RSTR_spi1rst	16	static
../Library/Src/stm32fxxxrcc.c:763:6:STM32FXXXRCC_APB2RSTR_sdiorst	16	static
../Library/Src/stm32fxxxrcc.c:767:6:STM32FXXXRCC_APB2RSTR_adcrst	16	static
../Library/Src/stm32fxxxrcc.c:771:6:STM32FXXXRCC_APB2RSTR_usart6rst	16	static
../Library/Src/stm32fxxxrcc.c:775:6:STM32FXXXRCC_APB2RSTR_usart1rst	16	static
../Library/Src/stm32fxxxrcc.c:779:6:STM32FXXXRCC_APB2RSTR_tim8rst	16	static
../Library/Src/stm32fxxxrcc.c:783:6:STM32FXXXRCC_APB2RSTR_tim1rst	16	static
../Library/Src/stm32fxxxrcc.c:788:6:STM32FXXXRCC_AHB1ENR_otghsulpien	16	static
../Library/Src/stm32fxxxrcc.c:792:6:STM32FXXXRCC_AHB1ENR_otghsen	16	static
../Library/Src/stm32fxxxrcc.c:796:6:STM32FXXXRCC_AHB1ENR_dma2en	16	static
../Library/Src/stm32fxxxrcc.c:800:6:STM32FXXXRCC_AHB1ENR_dma1en	16	static
../Library/Src/stm32fxxxrcc.c:804:6:STM32FXXXRCC_AHB1ENR_bkpsramen	16	static
../Library/Src/stm32fxxxrcc.c:808:6:STM32FXXXRCC_AHB1ENR_crcen	16	static
../Library/Src/stm32fxxxrcc.c:812:6:STM32FXXXRCC_AHB1ENR_gpiohen	16	static
../Library/Src/stm32fxxxrcc.c:816:6:STM32FXXXRCC_AHB1ENR_gpiogen	16	static
../Library/Src/stm32fxxxrcc.c:820:6:STM32FXXXRCC_AHB1ENR_gpiofen	16	static
../Library/Src/stm32fxxxrcc.c:824:6:STM32FXXXRCC_AHB1ENR_gpioeen	16	static
../Library/Src/stm32fxxxrcc.c:828:6:STM32FXXXRCC_AHB1ENR_gpioden	16	static
../Library/Src/stm32fxxxrcc.c:832:6:STM32FXXXRCC_AHB1ENR_gpiocen	16	static
../Library/Src/stm32fxxxrcc.c:836:6:STM32FXXXRCC_AHB1ENR_gpioben	16	static
../Library/Src/stm32fxxxrcc.c:840:6:STM32FXXXRCC_AHB1ENR_gpioaen	16	static
../Library/Src/stm32fxxxrcc.c:845:6:STM32FXXXRCC_AHB2ENR_otgfsen	16	static
../Library/Src/stm32fxxxrcc.c:849:6:STM32FXXXRCC_AHB2ENR_dcmien	16	static
../Library/Src/stm32fxxxrcc.c:854:6:STM32FXXXRCC_AHB3ENR_qspien	16	static
../Library/Src/stm32fxxxrcc.c:858:6:STM32FXXXRCC_AHB3ENR_fmcen	16	static
../Library/Src/stm32fxxxrcc.c:863:6:STM32FXXXRCC_APB1ENR_dacen	16	static
../Library/Src/stm32fxxxrcc.c:867:6:STM32FXXXRCC_APB1ENR_pwren	16	static
../Library/Src/stm32fxxxrcc.c:871:6:STM32FXXXRCC_APB1ENR_cecen	16	static
../Library/Src/stm32fxxxrcc.c:875:6:STM32FXXXRCC_APB1ENR_can2en	16	static
../Library/Src/stm32fxxxrcc.c:879:6:STM32FXXXRCC_APB1ENR_can1en	16	static
../Library/Src/stm32fxxxrcc.c:883:6:STM32FXXXRCC_APB1ENR_fmpi2c1en	16	static
../Library/Src/stm32fxxxrcc.c:887:6:STM32FXXXRCC_APB1ENR_i2c3en	16	static
../Library/Src/stm32fxxxrcc.c:891:6:STM32FXXXRCC_APB1ENR_i2c2en	16	static
../Library/Src/stm32fxxxrcc.c:895:6:STM32FXXXRCC_APB1ENR_i2c1en	16	static
../Library/Src/stm32fxxxrcc.c:899:6:STM32FXXXRCC_APB1ENR_uart5en	16	static
../Library/Src/stm32fxxxrcc.c:903:6:STM32FXXXRCC_APB1ENR_uart4en	16	static
../Library/Src/stm32fxxxrcc.c:907:6:STM32FXXXRCC_APB1ENR_usart3en	16	static
../Library/Src/stm32fxxxrcc.c:911:6:STM32FXXXRCC_APB1ENR_usart2en	16	static
../Library/Src/stm32fxxxrcc.c:915:6:STM32FXXXRCC_APB1ENR_spdifrxen	16	static
../Library/Src/stm32fxxxrcc.c:919:6:STM32FXXXRCC_APB1ENR_spi3en	16	static
../Library/Src/stm32fxxxrcc.c:923:6:STM32FXXXRCC_APB1ENR_spi2en	16	static
../Library/Src/stm32fxxxrcc.c:927:6:STM32FXXXRCC_APB1ENR_wwdgen	16	static
../Library/Src/stm32fxxxrcc.c:931:6:STM32FXXXRCC_APB1ENR_tim14en	16	static
../Library/Src/stm32fxxxrcc.c:935:6:STM32FXXXRCC_APB1ENR_tim13en	16	static
../Library/Src/stm32fxxxrcc.c:939:6:STM32FXXXRCC_APB1ENR_tim12en	16	static
../Library/Src/stm32fxxxrcc.c:943:6:STM32FXXXRCC_APB1ENR_tim7en	16	static
../Library/Src/stm32fxxxrcc.c:947:6:STM32FXXXRCC_APB1ENR_tim6en	16	static
../Library/Src/stm32fxxxrcc.c:951:6:STM32FXXXRCC_APB1ENR_tim5en	16	static
../Library/Src/stm32fxxxrcc.c:955:6:STM32FXXXRCC_APB1ENR_tim4en	16	static
../Library/Src/stm32fxxxrcc.c:959:6:STM32FXXXRCC_APB1ENR_tim3en	16	static
../Library/Src/stm32fxxxrcc.c:963:6:STM32FXXXRCC_APB1ENR_tim2en	16	static
../Library/Src/stm32fxxxrcc.c:968:6:STM32FXXXRCC_APB2ENR_sai2en	16	static
../Library/Src/stm32fxxxrcc.c:972:6:STM32FXXXRCC_APB2ENR_sai1en	16	static
../Library/Src/stm32fxxxrcc.c:976:6:STM32FXXXRCC_APB2ENR_tim11en	16	static
../Library/Src/stm32fxxxrcc.c:980:6:STM32FXXXRCC_APB2ENR_tim10en	16	static
../Library/Src/stm32fxxxrcc.c:984:6:STM32FXXXRCC_APB2ENR_tim9en	16	static
../Library/Src/stm32fxxxrcc.c:988:6:STM32FXXXRCC_APB2ENR_syscfgen	16	static
../Library/Src/stm32fxxxrcc.c:992:6:STM32FXXXRCC_APB2ENR_spi4en	16	static
../Library/Src/stm32fxxxrcc.c:996:6:STM32FXXXRCC_APB2ENR_spi1en	16	static
../Library/Src/stm32fxxxrcc.c:1000:6:STM32FXXXRCC_APB2ENR_sdioen	16	static
../Library/Src/stm32fxxxrcc.c:1004:6:STM32FXXXRCC_APB2ENR_adc3en	16	static
../Library/Src/stm32fxxxrcc.c:1008:6:STM32FXXXRCC_APB2ENR_adc2en	16	static
../Library/Src/stm32fxxxrcc.c:1012:6:STM32FXXXRCC_APB2ENR_adc1en	16	static
../Library/Src/stm32fxxxrcc.c:1016:6:STM32FXXXRCC_APB2ENR_usart6en	16	static
../Library/Src/stm32fxxxrcc.c:1020:6:STM32FXXXRCC_APB2ENR_usart1en	16	static
../Library/Src/stm32fxxxrcc.c:1024:6:STM32FXXXRCC_APB2ENR_tim8en	16	static
../Library/Src/stm32fxxxrcc.c:1028:6:STM32FXXXRCC_APB2ENR_tim1en	16	static
../Library/Src/stm32fxxxrcc.c:1033:6:STM32FXXXRCC_AHB1LPENR_otghsulpilpen	16	static
../Library/Src/stm32fxxxrcc.c:1037:6:STM32FXXXRCC_AHB1LPENR_otghslpen	16	static
../Library/Src/stm32fxxxrcc.c:1041:6:STM32FXXXRCC_AHB1LPENR_dma2lpen	16	static
../Library/Src/stm32fxxxrcc.c:1045:6:STM32FXXXRCC_AHB1LPENR_dma1lpen	16	static
../Library/Src/stm32fxxxrcc.c:1049:6:STM32FXXXRCC_AHB1LPENR_bkpsramlpen	16	static
../Library/Src/stm32fxxxrcc.c:1053:6:STM32FXXXRCC_AHB1LPENR_sram2lpen	16	static
../Library/Src/stm32fxxxrcc.c:1057:6:STM32FXXXRCC_AHB1LPENR_sram1lpen	16	static
../Library/Src/stm32fxxxrcc.c:1061:6:STM32FXXXRCC_AHB1LPENR_flitflpen	16	static
../Library/Src/stm32fxxxrcc.c:1065:6:STM32FXXXRCC_AHB1LPENR_crclpen	16	static
../Library/Src/stm32fxxxrcc.c:1069:6:STM32FXXXRCC_AHB1LPENR_gpiohlpen	16	static
../Library/Src/stm32fxxxrcc.c:1073:6:STM32FXXXRCC_AHB1LPENR_gpioglpen	16	static
../Library/Src/stm32fxxxrcc.c:1077:6:STM32FXXXRCC_AHB1LPENR_gpioflpen	16	static
../Library/Src/stm32fxxxrcc.c:1081:6:STM32FXXXRCC_AHB1LPENR_gpioelpen	16	static
../Library/Src/stm32fxxxrcc.c:1085:6:STM32FXXXRCC_AHB1LPENR_gpiodlpen	16	static
../Library/Src/stm32fxxxrcc.c:1089:6:STM32FXXXRCC_AHB1LPENR_gpioclpen	16	static
../Library/Src/stm32fxxxrcc.c:1093:6:STM32FXXXRCC_AHB1LPENR_gpioblpen	16	static
../Library/Src/stm32fxxxrcc.c:1097:6:STM32FXXXRCC_AHB1LPENR_gpioalpen	16	static
../Library/Src/stm32fxxxrcc.c:1102:6:STM32FXXXRCC_AHB2LPENR_otgfslpen	16	static
../Library/Src/stm32fxxxrcc.c:1106:6:STM32FXXXRCC_AHB2LPENR_dcmilpen	16	static
../Library/Src/stm32fxxxrcc.c:1111:6:STM32FXXXRCC_AHB3LPENR_qspilpen	16	static
../Library/Src/stm32fxxxrcc.c:1115:6:STM32FXXXRCC_AHB3LPENR_fmclpen	16	static
../Library/Src/stm32fxxxrcc.c:1120:6:STM32FXXXRCC_APB1LPENR_daclpen	16	static
../Library/Src/stm32fxxxrcc.c:1124:6:STM32FXXXRCC_APB1LPENR_pwrlpen	16	static
../Library/Src/stm32fxxxrcc.c:1128:6:STM32FXXXRCC_APB1LPENR_ceclpen	16	static
../Library/Src/stm32fxxxrcc.c:1132:6:STM32FXXXRCC_APB1LPENR_can2lpen	16	static
../Library/Src/stm32fxxxrcc.c:1136:6:STM32FXXXRCC_APB1LPENR_can1lpen	16	static
../Library/Src/stm32fxxxrcc.c:1140:6:STM32FXXXRCC_APB1LPENR_fmpi2c1lpen	16	static
../Library/Src/stm32fxxxrcc.c:1144:6:STM32FXXXRCC_APB1LPENR_i2c3lpen	16	static
../Library/Src/stm32fxxxrcc.c:1148:6:STM32FXXXRCC_APB1LPENR_i2c2lpen	16	static
../Library/Src/stm32fxxxrcc.c:1152:6:STM32FXXXRCC_APB1LPENR_i2c1lpen	16	static
../Library/Src/stm32fxxxrcc.c:1156:6:STM32FXXXRCC_APB1LPENR_uart5lpen	16	static
../Library/Src/stm32fxxxrcc.c:1160:6:STM32FXXXRCC_APB1LPENR_uart4lpen	16	static
../Library/Src/stm32fxxxrcc.c:1164:6:STM32FXXXRCC_APB1LPENR_usart3lpen	16	static
../Library/Src/stm32fxxxrcc.c:1168:6:STM32FXXXRCC_APB1LPENR_usart2lpen	16	static
../Library/Src/stm32fxxxrcc.c:1172:6:STM32FXXXRCC_APB1LPENR_spdifrxlpen	16	static
../Library/Src/stm32fxxxrcc.c:1176:6:STM32FXXXRCC_APB1LPENR_spi3lpen	16	static
../Library/Src/stm32fxxxrcc.c:1180:6:STM32FXXXRCC_APB1LPENR_spi2lpen	16	static
../Library/Src/stm32fxxxrcc.c:1184:6:STM32FXXXRCC_APB1LPENR_wwdglpen	16	static
../Library/Src/stm32fxxxrcc.c:1188:6:STM32FXXXRCC_APB1LPENR_tim14lpen	16	static
../Library/Src/stm32fxxxrcc.c:1192:6:STM32FXXXRCC_APB1LPENR_tim13lpen	16	static
../Library/Src/stm32fxxxrcc.c:1196:6:STM32FXXXRCC_APB1LPENR_tim12lpen	16	static
../Library/Src/stm32fxxxrcc.c:1200:6:STM32FXXXRCC_APB1LPENR_tim7lpen	16	static
../Library/Src/stm32fxxxrcc.c:1204:6:STM32FXXXRCC_APB1LPENR_tim6lpen	16	static
../Library/Src/stm32fxxxrcc.c:1208:6:STM32FXXXRCC_APB1LPENR_tim5lpen	16	static
../Library/Src/stm32fxxxrcc.c:1212:6:STM32FXXXRCC_APB1LPENR_tim4lpen	16	static
../Library/Src/stm32fxxxrcc.c:1216:6:STM32FXXXRCC_APB1LPENR_tim3lpen	16	static
../Library/Src/stm32fxxxrcc.c:1220:6:STM32FXXXRCC_APB1LPENR_tim2lpen	16	static
../Library/Src/stm32fxxxrcc.c:1225:6:STM32FXXXRCC_APB2LPENR_sai2lpen	16	static
../Library/Src/stm32fxxxrcc.c:1229:6:STM32FXXXRCC_APB2LPENR_sai1lpen	16	static
../Library/Src/stm32fxxxrcc.c:1233:6:STM32FXXXRCC_APB2LPENR_tim11lpen	16	static
../Library/Src/stm32fxxxrcc.c:1237:6:STM32FXXXRCC_APB2LPENR_tim10lpen	16	static
../Library/Src/stm32fxxxrcc.c:1241:6:STM32FXXXRCC_APB2LPENR_tim9lpen	16	static
../Library/Src/stm32fxxxrcc.c:1245:6:STM32FXXXRCC_APB2LPENR_syscfglpen	16	static
../Library/Src/stm32fxxxrcc.c:1249:6:STM32FXXXRCC_APB2LPENR_spi4lpen	16	static
../Library/Src/stm32fxxxrcc.c:1253:6:STM32FXXXRCC_APB2LPENR_spi1lpen	16	static
../Library/Src/stm32fxxxrcc.c:1257:6:STM32FXXXRCC_APB2LPENR_sdiolpen	16	static
../Library/Src/stm32fxxxrcc.c:1261:6:STM32FXXXRCC_APB2LPENR_adc3lpen	16	static
../Library/Src/stm32fxxxrcc.c:1265:6:STM32FXXXRCC_APB2LPENR_adc2lpen	16	static
../Library/Src/stm32fxxxrcc.c:1269:6:STM32FXXXRCC_APB2LPENR_adc1lpen	16	static
../Library/Src/stm32fxxxrcc.c:1273:6:STM32FXXXRCC_APB2LPENR_usart6lpen	16	static
../Library/Src/stm32fxxxrcc.c:1277:6:STM32FXXXRCC_APB2LPENR_usart1lpen	16	static
../Library/Src/stm32fxxxrcc.c:1281:6:STM32FXXXRCC_APB2LPENR_tim8lpen	16	static
../Library/Src/stm32fxxxrcc.c:1285:6:STM32FXXXRCC_APB2LPENR_tim1lpen	16	static
../Library/Src/stm32fxxxrcc.c:1290:6:STM32FXXXRCC_BDCR_bdrst	16	static
../Library/Src/stm32fxxxrcc.c:1294:6:STM32FXXXRCC_BDCR_rtcen	16	static
../Library/Src/stm32fxxxrcc.c:1298:9:STM32FXXXRCC_BDCR_get_rtcen	8	static
../Library/Src/stm32fxxxrcc.c:1302:6:STM32FXXXRCC_BDCR_rtcsel	16	static
../Library/Src/stm32fxxxrcc.c:1306:9:STM32FXXXRCC_BDCR_get_rtcsel	8	static
../Library/Src/stm32fxxxrcc.c:1310:6:STM32FXXXRCC_BDCR_lsemod	16	static
../Library/Src/stm32fxxxrcc.c:1314:6:STM32FXXXRCC_BDCR_lsebyp	16	static
../Library/Src/stm32fxxxrcc.c:1318:9:STM32FXXXRCC_BDCR_get_lserdy	8	static
../Library/Src/stm32fxxxrcc.c:1322:6:STM32FXXXRCC_BDCR_lseon	16	static
../Library/Src/stm32fxxxrcc.c:1327:9:STM32FXXXRCC_CSR_get_lpwrrstf	8	static
../Library/Src/stm32fxxxrcc.c:1331:9:STM32FXXXRCC_CSR_get_wwdgrstf	8	static
../Library/Src/stm32fxxxrcc.c:1335:9:STM32FXXXRCC_CSR_get_iwdqrstf	8	static
../Library/Src/stm32fxxxrcc.c:1339:9:STM32FXXXRCC_CSR_get_sftrstf	8	static
../Library/Src/stm32fxxxrcc.c:1343:9:STM32FXXXRCC_CSR_get_porrstf	8	static
../Library/Src/stm32fxxxrcc.c:1347:9:STM32FXXXRCC_CSR_get_pinrstf	8	static
../Library/Src/stm32fxxxrcc.c:1351:9:STM32FXXXRCC_CSR_get_borrstf	8	static
../Library/Src/stm32fxxxrcc.c:1355:6:STM32FXXXRCC_CSR_clear_rmvf	8	static
../Library/Src/stm32fxxxrcc.c:1359:9:STM32FXXXRCC_CSR_get_lsirdy	8	static
../Library/Src/stm32fxxxrcc.c:1363:6:STM32FXXXRCC_CSR_lsion	16	static
../Library/Src/stm32fxxxrcc.c:1368:6:STM32FXXXRCC_SSCGR_sscgen	16	static
../Library/Src/stm32fxxxrcc.c:1372:6:STM32FXXXRCC_SSCGR_spreadsel	16	static
../Library/Src/stm32fxxxrcc.c:1376:6:STM32FXXXRCC_SSCGR_incstep	16	static
../Library/Src/stm32fxxxrcc.c:1380:6:STM32FXXXRCC_SSCGR_modper	16	static
../Library/Src/stm32fxxxrcc.c:1385:6:STM32FXXXRCC_PLLI2SCFGR_plli2sr	16	static
../Library/Src/stm32fxxxrcc.c:1389:6:STM32FXXXRCC_PLLI2SCFGR_plli2sq	16	static
../Library/Src/stm32fxxxrcc.c:1393:6:STM32FXXXRCC_PLLI2SCFGR_plli2sp	16	static
../Library/Src/stm32fxxxrcc.c:1397:6:STM32FXXXRCC_PLLI2SCFGR_plli2sn	16	static
../Library/Src/stm32fxxxrcc.c:1401:6:STM32FXXXRCC_PLLI2SCFGR_plli2sm	16	static
../Library/Src/stm32fxxxrcc.c:1406:6:STM32FXXXRCC_DCKCFGR_i2s2src	16	static
../Library/Src/stm32fxxxrcc.c:1410:6:STM32FXXXRCC_DCKCFGR_i2s1src	16	static
../Library/Src/stm32fxxxrcc.c:1414:6:STM32FXXXRCC_DCKCFGR_timpre	16	static
../Library/Src/stm32fxxxrcc.c:1418:6:STM32FXXXRCC_DCKCFGR_sai2src	16	static
../Library/Src/stm32fxxxrcc.c:1422:6:STM32FXXXRCC_DCKCFGR_sai1src	16	static
../Library/Src/stm32fxxxrcc.c:1426:6:STM32FXXXRCC_DCKCFGR_pllsaidivq	16	static
../Library/Src/stm32fxxxrcc.c:1430:6:STM32FXXXRCC_DCKCFGR_plli2sdivq	16	static
../Library/Src/stm32fxxxrcc.c:1435:6:STM32FXXXRCC_nvic	16	static
../Library/Src/stm32fxxxrcc.c:1440:18:stm32fxxx_rcc_cr_inic	4	static
../Library/Src/stm32fxxxrcc.c:1460:23:stm32fxxx_rcc_pllcfgr_inic	4	static
../Library/Src/stm32fxxxrcc.c:1472:20:stm32fxxx_rcc_cfgr_inic	4	static
../Library/Src/stm32fxxxrcc.c:1488:19:stm32fxxx_rcc_cir_inic	4	static
../Library/Src/stm32fxxxrcc.c:1517:24:stm32fxxx_rcc_ahb1rstr_inic	4	static
../Library/Src/stm32fxxxrcc.c:1535:24:stm32fxxx_rcc_ahb2rstr_inic	4	static
../Library/Src/stm32fxxxrcc.c:1543:24:stm32fxxx_rcc_apb1rstr_inic	4	static
../Library/Src/stm32fxxxrcc.c:1575:24:stm32fxxx_rcc_apb2rstr_inic	4	static
../Library/Src/stm32fxxxrcc.c:1595:23:stm32fxxx_rcc_ahb1enr_inic	4	static
../Library/Src/stm32fxxxrcc.c:1615:23:stm32fxxx_rcc_ahb2enr_inic	4	static
../Library/Src/stm32fxxxrcc.c:1623:23:stm32fxxx_rcc_apb1enr_inic	4	static
../Library/Src/stm32fxxxrcc.c:1655:23:stm32fxxx_rcc_apb2enr_inic	4	static
../Library/Src/stm32fxxxrcc.c:1677:25:stm32fxxx_rcc_ahb1lpenr_inic	4	static
../Library/Src/stm32fxxxrcc.c:1700:25:stm32fxxx_rcc_ahb2lpenr_inic	4	static
../Library/Src/stm32fxxxrcc.c:1708:25:stm32fxxx_rcc_apb1lpenr_inic	4	static
../Library/Src/stm32fxxxrcc.c:1740:25:stm32fxxx_rcc_apb2lpenr_inic	4	static
../Library/Src/stm32fxxxrcc.c:1762:20:stm32fxxx_rcc_bdcr_inic	4	static
../Library/Src/stm32fxxxrcc.c:1777:19:stm32fxxx_rcc_csr_inic	4	static
../Library/Src/stm32fxxxrcc.c:1793:21:stm32fxxx_rcc_sscgr_inic	4	static
../Library/Src/stm32fxxxrcc.c:1803:26:stm32fxxx_rcc_plli2scfgr_inic	4	static
../Library/Src/stm32fxxxrcc.c:1814:23:stm32fxxx_rcc_dckcfgr_inic	4	static
../Library/Src/stm32fxxxrcc.c:1828:18:stm32fxxx_rcc_pll_inic	4	static
../Library/Src/stm32fxxxrcc.c:1835:21:stm32fxxx_rcc_plli2s_inic	4	static
../Library/Src/stm32fxxxrcc.c:1841:21:stm32fxxx_rcc_pllsai_inic	4	static
../Library/Src/stm32fxxxrcc.c:1848:17:rcc_enable	16	static
../Library/Src/stm32fxxxrcc.c:1894:18:rcc	4	static
