../Library/Src/stm32fxxxtim9to14.c:104:6:STM32FXXXTim9Clock	16	static
../Library/Src/stm32fxxxtim9to14.c:108:6:STM32FXXXTim9Nvic	16	static
../Library/Src/stm32fxxxtim9to14.c:116:6:STM32FXXXTim9_ckd	16	static
../Library/Src/stm32fxxxtim9to14.c:120:9:STM32FXXXTim9_get_ckd	8	static
../Library/Src/stm32fxxxtim9to14.c:124:6:STM32FXXXTim9_set_apre	16	static
../Library/Src/stm32fxxxtim9to14.c:128:6:STM32FXXXTim9_set_opm	16	static
../Library/Src/stm32fxxxtim9to14.c:132:6:STM32FXXXTim9_set_urs	16	static
../Library/Src/stm32fxxxtim9to14.c:136:6:STM32FXXXTim9_set_udis	16	static
../Library/Src/stm32fxxxtim9to14.c:140:6:STM32FXXXTim9_cen	16	static
../Library/Src/stm32fxxxtim9to14.c:145:6:STM32FXXXTim9_msm	16	static
../Library/Src/stm32fxxxtim9to14.c:149:6:STM32FXXXTim9_ts	16	static
../Library/Src/stm32fxxxtim9to14.c:153:6:STM32FXXXTim9_sms	16	static
../Library/Src/stm32fxxxtim9to14.c:158:6:STM32FXXXTim9_tie	16	static
../Library/Src/stm32fxxxtim9to14.c:162:6:STM32FXXXTim9_cc2ie	16	static
../Library/Src/stm32fxxxtim9to14.c:166:6:STM32FXXXTim9_cc1ie	16	static
../Library/Src/stm32fxxxtim9to14.c:170:6:STM32FXXXTim9_uie	16	static
../Library/Src/stm32fxxxtim9to14.c:175:9:STM32FXXXTim9_cc2of	8	static
../Library/Src/stm32fxxxtim9to14.c:179:6:STM32FXXXTim9_clear_cc2of	8	static
../Library/Src/stm32fxxxtim9to14.c:183:9:STM32FXXXTim9_cc1of	8	static
../Library/Src/stm32fxxxtim9to14.c:187:6:STM32FXXXTim9_clear_cc1of	8	static
../Library/Src/stm32fxxxtim9to14.c:191:9:STM32FXXXTim9_tif	8	static
../Library/Src/stm32fxxxtim9to14.c:195:6:STM32FXXXTim9_clear_tif	8	static
../Library/Src/stm32fxxxtim9to14.c:199:9:STM32FXXXTim9_cc2if	8	static
../Library/Src/stm32fxxxtim9to14.c:203:6:STM32FXXXTim9_clear_cc2if	8	static
../Library/Src/stm32fxxxtim9to14.c:207:9:STM32FXXXTim9_cc1if	8	static
../Library/Src/stm32fxxxtim9to14.c:211:6:STM32FXXXTim9_clear_cc1if	8	static
../Library/Src/stm32fxxxtim9to14.c:215:9:STM32FXXXTim9_uif	8	static
../Library/Src/stm32fxxxtim9to14.c:219:6:STM32FXXXTim9_clear_uif	8	static
../Library/Src/stm32fxxxtim9to14.c:224:6:STM32FXXXTim9_tg	8	static
../Library/Src/stm32fxxxtim9to14.c:228:6:STM32FXXXTim9_cc2g	8	static
../Library/Src/stm32fxxxtim9to14.c:232:6:STM32FXXXTim9_cc1g	8	static
../Library/Src/stm32fxxxtim9to14.c:236:6:STM32FXXXTim9_ug	8	static
../Library/Src/stm32fxxxtim9to14.c:241:6:STM32FXXXTim9_oc2m	16	static
../Library/Src/stm32fxxxtim9to14.c:245:6:STM32FXXXTim9_ic2f	16	static
../Library/Src/stm32fxxxtim9to14.c:249:6:STM32FXXXTim9_oc2pe	16	static
../Library/Src/stm32fxxxtim9to14.c:253:6:STM32FXXXTim9_oc2fe	16	static
../Library/Src/stm32fxxxtim9to14.c:257:6:STM32FXXXTim9_ic2psc	16	static
../Library/Src/stm32fxxxtim9to14.c:261:6:STM32FXXXTim9_cc2s	16	static
../Library/Src/stm32fxxxtim9to14.c:265:6:STM32FXXXTim9_oc1m	16	static
../Library/Src/stm32fxxxtim9to14.c:269:6:STM32FXXXTim9_ic1f	16	static
../Library/Src/stm32fxxxtim9to14.c:273:6:STM32FXXXTim9_oc1pe	16	static
../Library/Src/stm32fxxxtim9to14.c:277:6:STM32FXXXTim9_oc1fe	16	static
../Library/Src/stm32fxxxtim9to14.c:281:6:STM32FXXXTim9_ic1psc	16	static
../Library/Src/stm32fxxxtim9to14.c:285:6:STM32FXXXTim9_cc1s	16	static
../Library/Src/stm32fxxxtim9to14.c:290:6:STM32FXXXTim9_cc2np	16	static
../Library/Src/stm32fxxxtim9to14.c:294:6:STM32FXXXTim9_cc2p	16	static
../Library/Src/stm32fxxxtim9to14.c:298:6:STM32FXXXTim9_cc2e	16	static
../Library/Src/stm32fxxxtim9to14.c:302:6:STM32FXXXTim9_cc1np	16	static
../Library/Src/stm32fxxxtim9to14.c:306:6:STM32FXXXTim9_cc1p	16	static
../Library/Src/stm32fxxxtim9to14.c:310:6:STM32FXXXTim9_cc1e	16	static
../Library/Src/stm32fxxxtim9to14.c:315:6:STM32FXXXTim9_cnt	16	static
../Library/Src/stm32fxxxtim9to14.c:319:10:STM32FXXXTim9_get_cnt	4	static
../Library/Src/stm32fxxxtim9to14.c:324:6:STM32FXXXTim9_arr	16	static
../Library/Src/stm32fxxxtim9to14.c:329:6:STM32FXXXTim9_ccr1	16	static
../Library/Src/stm32fxxxtim9to14.c:334:6:STM32FXXXTim9_ccr2	16	static
../Library/Src/stm32fxxxtim9to14.c:339:6:STM32FXXXTim9_psc	16	static
../Library/Src/stm32fxxxtim9to14.c:346:6:STM32FXXXTim10Clock	16	static
../Library/Src/stm32fxxxtim9to14.c:350:6:STM32FXXXTim10Nvic	16	static
../Library/Src/stm32fxxxtim9to14.c:358:6:STM32FXXXTim10_ckd	16	static
../Library/Src/stm32fxxxtim9to14.c:362:9:STM32FXXXTim10_get_ckd	8	static
../Library/Src/stm32fxxxtim9to14.c:366:6:STM32FXXXTim10_set_apre	16	static
../Library/Src/stm32fxxxtim9to14.c:370:6:STM32FXXXTim10_set_opm	16	static
../Library/Src/stm32fxxxtim9to14.c:374:6:STM32FXXXTim10_set_urs	16	static
../Library/Src/stm32fxxxtim9to14.c:378:6:STM32FXXXTim10_set_udis	16	static
../Library/Src/stm32fxxxtim9to14.c:382:6:STM32FXXXTim10_cen	16	static
../Library/Src/stm32fxxxtim9to14.c:387:6:STM32FXXXTim10_tie	16	static
../Library/Src/stm32fxxxtim9to14.c:391:6:STM32FXXXTim10_cc2ie	16	static
../Library/Src/stm32fxxxtim9to14.c:395:6:STM32FXXXTim10_cc1ie	16	static
../Library/Src/stm32fxxxtim9to14.c:399:6:STM32FXXXTim10_uie	16	static
../Library/Src/stm32fxxxtim9to14.c:404:9:STM32FXXXTim10_cc2of	8	static
../Library/Src/stm32fxxxtim9to14.c:408:6:STM32FXXXTim10_clear_cc2of	8	static
../Library/Src/stm32fxxxtim9to14.c:412:9:STM32FXXXTim10_cc1of	8	static
../Library/Src/stm32fxxxtim9to14.c:416:6:STM32FXXXTim10_clear_cc1of	8	static
../Library/Src/stm32fxxxtim9to14.c:420:9:STM32FXXXTim10_tif	8	static
../Library/Src/stm32fxxxtim9to14.c:424:6:STM32FXXXTim10_clear_tif	8	static
../Library/Src/stm32fxxxtim9to14.c:428:9:STM32FXXXTim10_cc2if	8	static
../Library/Src/stm32fxxxtim9to14.c:432:6:STM32FXXXTim10_clear_cc2if	8	static
../Library/Src/stm32fxxxtim9to14.c:436:9:STM32FXXXTim10_cc1if	8	static
../Library/Src/stm32fxxxtim9to14.c:440:6:STM32FXXXTim10_clear_cc1if	8	static
../Library/Src/stm32fxxxtim9to14.c:444:9:STM32FXXXTim10_uif	8	static
../Library/Src/stm32fxxxtim9to14.c:448:6:STM32FXXXTim10_clear_uif	8	static
../Library/Src/stm32fxxxtim9to14.c:453:6:STM32FXXXTim10_tg	8	static
../Library/Src/stm32fxxxtim9to14.c:457:6:STM32FXXXTim10_cc2g	8	static
../Library/Src/stm32fxxxtim9to14.c:461:6:STM32FXXXTim10_cc1g	8	static
../Library/Src/stm32fxxxtim9to14.c:465:6:STM32FXXXTim10_ug	8	static
../Library/Src/stm32fxxxtim9to14.c:470:6:STM32FXXXTim10_oc2m	16	static
../Library/Src/stm32fxxxtim9to14.c:474:6:STM32FXXXTim10_ic2f	16	static
../Library/Src/stm32fxxxtim9to14.c:478:6:STM32FXXXTim10_oc2pe	16	static
../Library/Src/stm32fxxxtim9to14.c:482:6:STM32FXXXTim10_oc2fe	16	static
../Library/Src/stm32fxxxtim9to14.c:486:6:STM32FXXXTim10_ic2psc	16	static
../Library/Src/stm32fxxxtim9to14.c:490:6:STM32FXXXTim10_cc2s	16	static
../Library/Src/stm32fxxxtim9to14.c:494:6:STM32FXXXTim10_oc1m	16	static
../Library/Src/stm32fxxxtim9to14.c:498:6:STM32FXXXTim10_ic1f	16	static
../Library/Src/stm32fxxxtim9to14.c:502:6:STM32FXXXTim10_oc1pe	16	static
../Library/Src/stm32fxxxtim9to14.c:506:6:STM32FXXXTim10_oc1fe	16	static
../Library/Src/stm32fxxxtim9to14.c:510:6:STM32FXXXTim10_ic1psc	16	static
../Library/Src/stm32fxxxtim9to14.c:514:6:STM32FXXXTim10_cc1s	16	static
../Library/Src/stm32fxxxtim9to14.c:519:6:STM32FXXXTim10_cc2np	16	static
../Library/Src/stm32fxxxtim9to14.c:523:6:STM32FXXXTim10_cc2p	16	static
../Library/Src/stm32fxxxtim9to14.c:527:6:STM32FXXXTim10_cc2e	16	static
../Library/Src/stm32fxxxtim9to14.c:531:6:STM32FXXXTim10_cc1np	16	static
../Library/Src/stm32fxxxtim9to14.c:535:6:STM32FXXXTim10_cc1p	16	static
../Library/Src/stm32fxxxtim9to14.c:539:6:STM32FXXXTim10_cc1e	16	static
../Library/Src/stm32fxxxtim9to14.c:544:6:STM32FXXXTim10_cnt	16	static
../Library/Src/stm32fxxxtim9to14.c:548:10:STM32FXXXTim10_get_cnt	4	static
../Library/Src/stm32fxxxtim9to14.c:553:6:STM32FXXXTim10_psc	16	static
../Library/Src/stm32fxxxtim9to14.c:558:6:STM32FXXXTim10_arr	16	static
../Library/Src/stm32fxxxtim9to14.c:563:6:STM32FXXXTim10_ccr1	16	static
../Library/Src/stm32fxxxtim9to14.c:568:6:STM32FXXXTim10_or	16	static
../Library/Src/stm32fxxxtim9to14.c:575:6:STM32FXXXTim11Clock	16	static
../Library/Src/stm32fxxxtim9to14.c:579:6:STM32FXXXTim11Nvic	16	static
../Library/Src/stm32fxxxtim9to14.c:587:6:STM32FXXXTim11_ckd	16	static
../Library/Src/stm32fxxxtim9to14.c:591:9:STM32FXXXTim11_get_ckd	8	static
../Library/Src/stm32fxxxtim9to14.c:595:6:STM32FXXXTim11_set_apre	16	static
../Library/Src/stm32fxxxtim9to14.c:599:6:STM32FXXXTim11_set_opm	16	static
../Library/Src/stm32fxxxtim9to14.c:603:6:STM32FXXXTim11_set_urs	16	static
../Library/Src/stm32fxxxtim9to14.c:607:6:STM32FXXXTim11_set_udis	16	static
../Library/Src/stm32fxxxtim9to14.c:611:6:STM32FXXXTim11_cen	16	static
../Library/Src/stm32fxxxtim9to14.c:616:6:STM32FXXXTim11_tie	16	static
../Library/Src/stm32fxxxtim9to14.c:620:6:STM32FXXXTim11_cc2ie	16	static
../Library/Src/stm32fxxxtim9to14.c:624:6:STM32FXXXTim11_cc1ie	16	static
../Library/Src/stm32fxxxtim9to14.c:628:6:STM32FXXXTim11_uie	16	static
../Library/Src/stm32fxxxtim9to14.c:633:9:STM32FXXXTim11_cc2of	8	static
../Library/Src/stm32fxxxtim9to14.c:637:6:STM32FXXXTim11_clear_cc2of	8	static
../Library/Src/stm32fxxxtim9to14.c:641:9:STM32FXXXTim11_cc1of	8	static
../Library/Src/stm32fxxxtim9to14.c:645:6:STM32FXXXTim11_clear_cc1of	8	static
../Library/Src/stm32fxxxtim9to14.c:649:9:STM32FXXXTim11_tif	8	static
../Library/Src/stm32fxxxtim9to14.c:653:6:STM32FXXXTim11_clear_tif	8	static
../Library/Src/stm32fxxxtim9to14.c:657:9:STM32FXXXTim11_cc2if	8	static
../Library/Src/stm32fxxxtim9to14.c:661:6:STM32FXXXTim11_clear_cc2if	8	static
../Library/Src/stm32fxxxtim9to14.c:665:9:STM32FXXXTim11_cc1if	8	static
../Library/Src/stm32fxxxtim9to14.c:669:6:STM32FXXXTim11_clear_cc1if	8	static
../Library/Src/stm32fxxxtim9to14.c:673:9:STM32FXXXTim11_uif	8	static
../Library/Src/stm32fxxxtim9to14.c:677:6:STM32FXXXTim11_clear_uif	8	static
../Library/Src/stm32fxxxtim9to14.c:682:6:STM32FXXXTim11_tg	8	static
../Library/Src/stm32fxxxtim9to14.c:686:6:STM32FXXXTim11_cc2g	8	static
../Library/Src/stm32fxxxtim9to14.c:690:6:STM32FXXXTim11_cc1g	8	static
../Library/Src/stm32fxxxtim9to14.c:694:6:STM32FXXXTim11_ug	8	static
../Library/Src/stm32fxxxtim9to14.c:699:6:STM32FXXXTim11_oc2m	16	static
../Library/Src/stm32fxxxtim9to14.c:703:6:STM32FXXXTim11_ic2f	16	static
../Library/Src/stm32fxxxtim9to14.c:707:6:STM32FXXXTim11_oc2pe	16	static
../Library/Src/stm32fxxxtim9to14.c:711:6:STM32FXXXTim11_oc2fe	16	static
../Library/Src/stm32fxxxtim9to14.c:715:6:STM32FXXXTim11_ic2psc	16	static
../Library/Src/stm32fxxxtim9to14.c:719:6:STM32FXXXTim11_cc2s	16	static
../Library/Src/stm32fxxxtim9to14.c:723:6:STM32FXXXTim11_oc1m	16	static
../Library/Src/stm32fxxxtim9to14.c:727:6:STM32FXXXTim11_ic1f	16	static
../Library/Src/stm32fxxxtim9to14.c:731:6:STM32FXXXTim11_oc1pe	16	static
../Library/Src/stm32fxxxtim9to14.c:735:6:STM32FXXXTim11_oc1fe	16	static
../Library/Src/stm32fxxxtim9to14.c:739:6:STM32FXXXTim11_ic1psc	16	static
../Library/Src/stm32fxxxtim9to14.c:743:6:STM32FXXXTim11_cc1s	16	static
../Library/Src/stm32fxxxtim9to14.c:748:6:STM32FXXXTim11_cc2np	16	static
../Library/Src/stm32fxxxtim9to14.c:752:6:STM32FXXXTim11_cc2p	16	static
../Library/Src/stm32fxxxtim9to14.c:756:6:STM32FXXXTim11_cc2e	16	static
../Library/Src/stm32fxxxtim9to14.c:760:6:STM32FXXXTim11_cc1np	16	static
../Library/Src/stm32fxxxtim9to14.c:764:6:STM32FXXXTim11_cc1p	16	static
../Library/Src/stm32fxxxtim9to14.c:768:6:STM32FXXXTim11_cc1e	16	static
../Library/Src/stm32fxxxtim9to14.c:773:6:STM32FXXXTim11_cnt	16	static
../Library/Src/stm32fxxxtim9to14.c:777:10:STM32FXXXTim11_get_cnt	4	static
../Library/Src/stm32fxxxtim9to14.c:782:6:STM32FXXXTim11_psc	16	static
../Library/Src/stm32fxxxtim9to14.c:787:6:STM32FXXXTim11_arr	16	static
../Library/Src/stm32fxxxtim9to14.c:792:6:STM32FXXXTim11_ccr1	16	static
../Library/Src/stm32fxxxtim9to14.c:797:6:STM32FXXXTim11_or	16	static
../Library/Src/stm32fxxxtim9to14.c:1508:20:stm32fxxx_tim9_cr1_inic	4	static
../Library/Src/stm32fxxxtim9to14.c:1520:21:stm32fxxx_tim9_smcr_inic	4	static
../Library/Src/stm32fxxxtim9to14.c:1529:21:stm32fxxx_tim9_dier_inic	4	static
../Library/Src/stm32fxxxtim9to14.c:1539:19:stm32fxxx_tim9_sr_inic	4	static
../Library/Src/stm32fxxxtim9to14.c:1557:20:stm32fxxx_tim9_egr_inic	4	static
../Library/Src/stm32fxxxtim9to14.c:1567:22:stm32fxxx_tim9_ccmr1_inic	4	static
../Library/Src/stm32fxxxtim9to14.c:1585:21:stm32fxxx_tim9_ccer_inic	4	static
../Library/Src/stm32fxxxtim9to14.c:1598:18:tim9_enable	24	static
../Library/Src/stm32fxxxtim9to14.c:1623:19:tim9	4	static
../Library/Src/stm32fxxxtim9to14.c:1626:21:stm32fxxx_tim10_cr1_inic	4	static
../Library/Src/stm32fxxxtim9to14.c:1637:22:stm32fxxx_tim10_dier_inic	4	static
../Library/Src/stm32fxxxtim9to14.c:1645:20:stm32fxxx_tim10_sr_inic	4	static
../Library/Src/stm32fxxxtim9to14.c:1657:21:stm32fxxx_tim10_egr_inic	4	static
../Library/Src/stm32fxxxtim9to14.c:1665:23:stm32fxxx_tim10_ccmr1_inic	4	static
../Library/Src/stm32fxxxtim9to14.c:1677:22:stm32fxxx_tim10_ccer_inic	4	static
../Library/Src/stm32fxxxtim9to14.c:1687:19:tim10_enable	24	static
../Library/Src/stm32fxxxtim9to14.c:1711:20:tim10	4	static
../Library/Src/stm32fxxxtim9to14.c:1714:21:stm32fxxx_tim11_cr1_inic	4	static
../Library/Src/stm32fxxxtim9to14.c:1725:22:stm32fxxx_tim11_dier_inic	4	static
../Library/Src/stm32fxxxtim9to14.c:1733:20:stm32fxxx_tim11_sr_inic	4	static
../Library/Src/stm32fxxxtim9to14.c:1745:21:stm32fxxx_tim11_egr_inic	4	static
../Library/Src/stm32fxxxtim9to14.c:1753:23:stm32fxxx_tim11_ccmr1_inic	4	static
../Library/Src/stm32fxxxtim9to14.c:1765:22:stm32fxxx_tim11_ccer_inic	4	static
../Library/Src/stm32fxxxtim9to14.c:1775:19:tim11_enable	24	static
../Library/Src/stm32fxxxtim9to14.c:1799:20:tim11	4	static
../Library/Src/stm32fxxxtim9to14.c:1802:21:stm32fxxx_tim12_cr1_inic	4	static
../Library/Src/stm32fxxxtim9to14.c:1814:22:stm32fxxx_tim12_smcr_inic	4	static
../Library/Src/stm32fxxxtim9to14.c:1823:22:stm32fxxx_tim12_dier_inic	4	static
../Library/Src/stm32fxxxtim9to14.c:1833:20:stm32fxxx_tim12_sr_inic	4	static
../Library/Src/stm32fxxxtim9to14.c:1851:21:stm32fxxx_tim12_egr_inic	4	static
../Library/Src/stm32fxxxtim9to14.c:1861:23:stm32fxxx_tim12_ccmr1_inic	4	static
../Library/Src/stm32fxxxtim9to14.c:1879:22:stm32fxxx_tim12_ccer_inic	4	static
../Library/Src/stm32fxxxtim9to14.c:1892:19:tim12_enable	24	static
../Library/Src/stm32fxxxtim9to14.c:1917:20:tim12	4	static
../Library/Src/stm32fxxxtim9to14.c:1920:21:stm32fxxx_tim13_cr1_inic	4	static
../Library/Src/stm32fxxxtim9to14.c:1931:22:stm32fxxx_tim13_dier_inic	4	static
../Library/Src/stm32fxxxtim9to14.c:1939:20:stm32fxxx_tim13_sr_inic	4	static
../Library/Src/stm32fxxxtim9to14.c:1951:21:stm32fxxx_tim13_egr_inic	4	static
../Library/Src/stm32fxxxtim9to14.c:1959:23:stm32fxxx_tim13_ccmr1_inic	4	static
../Library/Src/stm32fxxxtim9to14.c:1971:22:stm32fxxx_tim13_ccer_inic	4	static
../Library/Src/stm32fxxxtim9to14.c:1981:19:tim13_enable	24	static
../Library/Src/stm32fxxxtim9to14.c:2005:20:tim13	4	static
../Library/Src/stm32fxxxtim9to14.c:2008:21:stm32fxxx_tim14_cr1_inic	4	static
../Library/Src/stm32fxxxtim9to14.c:2019:22:stm32fxxx_tim14_dier_inic	4	static
../Library/Src/stm32fxxxtim9to14.c:2027:20:stm32fxxx_tim14_sr_inic	4	static
../Library/Src/stm32fxxxtim9to14.c:2039:21:stm32fxxx_tim14_egr_inic	4	static
../Library/Src/stm32fxxxtim9to14.c:2047:23:stm32fxxx_tim14_ccmr1_inic	4	static
../Library/Src/stm32fxxxtim9to14.c:2059:22:stm32fxxx_tim14_ccer_inic	4	static
../Library/Src/stm32fxxxtim9to14.c:2069:19:tim14_enable	24	static
../Library/Src/stm32fxxxtim9to14.c:2093:20:tim14	4	static
